Component: Arm Compiler for Embedded 6.22 Tool: armlink [5ee90200]

==============================================================================

Section Cross References

    startup_stm32f407xx.o(RESET) refers to startup_stm32f407xx.o(STACK) for __initial_sp
    startup_stm32f407xx.o(RESET) refers to startup_stm32f407xx.o(.text) for Reset_Handler
    startup_stm32f407xx.o(RESET) refers to stm32f4xx_it.o(.text.NMI_Handler) for NMI_Handler
    startup_stm32f407xx.o(RESET) refers to stm32f4xx_it.o(.text.HardFault_Handler) for HardFault_Handler
    startup_stm32f407xx.o(RESET) refers to stm32f4xx_it.o(.text.MemManage_Handler) for MemManage_Handler
    startup_stm32f407xx.o(RESET) refers to stm32f4xx_it.o(.text.BusFault_Handler) for BusFault_Handler
    startup_stm32f407xx.o(RESET) refers to stm32f4xx_it.o(.text.UsageFault_Handler) for UsageFault_Handler
    startup_stm32f407xx.o(RESET) refers to stm32f4xx_it.o(.text.SVC_Handler) for SVC_Handler
    startup_stm32f407xx.o(RESET) refers to stm32f4xx_it.o(.text.DebugMon_Handler) for DebugMon_Handler
    startup_stm32f407xx.o(RESET) refers to stm32f4xx_it.o(.text.PendSV_Handler) for PendSV_Handler
    startup_stm32f407xx.o(RESET) refers to stm32f4xx_it.o(.text.SysTick_Handler) for SysTick_Handler
    startup_stm32f407xx.o(RESET) refers to stm32f4xx_it.o(.text.TIM1_TRG_COM_TIM11_IRQHandler) for TIM1_TRG_COM_TIM11_IRQHandler
    startup_stm32f407xx.o(RESET) refers to stm32f4xx_it.o(.text.TIM1_CC_IRQHandler) for TIM1_CC_IRQHandler
    startup_stm32f407xx.o(RESET) refers to ad9220.o(.text.DMA2_Stream5_IRQHandler) for DMA2_Stream5_IRQHandler
    startup_stm32f407xx.o(RESET) refers to stm32f4xx_it.o(.text.USART6_IRQHandler) for USART6_IRQHandler
    startup_stm32f407xx.o(.text) refers to system_stm32f4xx.o(.text.SystemInit) for SystemInit
    startup_stm32f407xx.o(.text) refers to entry.o(.ARM.Collect$$$$00000000) for __main
    ad9220.o(.text.AD9220_Init) refers to ad9220.o(.bss.hdma_tim1_up) for hdma_tim1_up
    ad9220.o(.text.AD9220_Init) refers to stm32f4xx_hal_dma.o(.text.HAL_DMA_Init) for HAL_DMA_Init
    ad9220.o(.text.AD9220_Init) refers to tim.o(.bss.htim1) for htim1
    ad9220.o(.text.AD9220_Init) refers to stm32f4xx_hal_cortex.o(.text.HAL_NVIC_SetPriority) for HAL_NVIC_SetPriority
    ad9220.o(.text.AD9220_Init) refers to stm32f4xx_hal_cortex.o(.text.HAL_NVIC_EnableIRQ) for HAL_NVIC_EnableIRQ
    ad9220.o(.ARM.exidx.text.AD9220_Init) refers to ad9220.o(.text.AD9220_Init) for [Anonymous Symbol]
    ad9220.o(.text.AD9220_Start) refers to ad9220.o(.bss..L_MergedGlobals) for .L_MergedGlobals
    ad9220.o(.text.AD9220_Start) refers to ad9220.o(.bss.ad9220_buffer) for ad9220_buffer
    ad9220.o(.ARM.exidx.text.AD9220_Start) refers to ad9220.o(.text.AD9220_Start) for [Anonymous Symbol]
    ad9220.o(.ARM.exidx.text.AD9220_Stop) refers to ad9220.o(.text.AD9220_Stop) for [Anonymous Symbol]
    ad9220.o(.text.AD9220_DataReady) refers to ad9220.o(.bss..L_MergedGlobals) for .L_MergedGlobals
    ad9220.o(.ARM.exidx.text.AD9220_DataReady) refers to ad9220.o(.text.AD9220_DataReady) for [Anonymous Symbol]
    ad9220.o(.text.AD9220_ClearReady) refers to ad9220.o(.bss..L_MergedGlobals) for .L_MergedGlobals
    ad9220.o(.ARM.exidx.text.AD9220_ClearReady) refers to ad9220.o(.text.AD9220_ClearReady) for [Anonymous Symbol]
    ad9220.o(.text.AD9220_DebugDump) refers to printfa.o(i.__0printf) for __2printf
    ad9220.o(.text.AD9220_DebugDump) refers to ad9220.o(.bss..L_MergedGlobals) for .L_MergedGlobals
    ad9220.o(.ARM.exidx.text.AD9220_DebugDump) refers to ad9220.o(.text.AD9220_DebugDump) for [Anonymous Symbol]
    ad9220.o(.text.DMA2_Stream5_IRQHandler) refers to ad9220.o(.bss..L_MergedGlobals) for .L_MergedGlobals
    ad9220.o(.ARM.exidx.text.DMA2_Stream5_IRQHandler) refers to ad9220.o(.text.DMA2_Stream5_IRQHandler) for [Anonymous Symbol]
    measure.o(.text.Measure_Init) refers to ad9220.o(.text.AD9220_Init) for AD9220_Init
    measure.o(.text.Measure_Init) refers to measure.o(.bss.hanning_window) for hanning_window
    measure.o(.text.Measure_Init) refers to fastmathfunctions.o(.text.arm_cos_f32) for arm_cos_f32
    measure.o(.text.Measure_Init) refers to measure.o(.bss..L_MergedGlobals) for .L_MergedGlobals
    measure.o(.text.Measure_Init) refers to transformfunctions.o(.text.arm_rfft_fast_init_f32) for arm_rfft_fast_init_f32
    measure.o(.text.Measure_Init) refers to puts.o(i.puts) for puts
    measure.o(.ARM.exidx.text.Measure_Init) refers to measure.o(.text.Measure_Init) for [Anonymous Symbol]
    measure.o(.text.Measure_Trigger) refers to measure.o(.bss..L_MergedGlobals) for .L_MergedGlobals
    measure.o(.ARM.exidx.text.Measure_Trigger) refers to measure.o(.text.Measure_Trigger) for [Anonymous Symbol]
    measure.o(.text.Measure_Process) refers to measure.o(.bss..L_MergedGlobals) for .L_MergedGlobals
    measure.o(.text.Measure_Process) refers to stm32f4xx_hal.o(.text.HAL_GetTick) for HAL_GetTick
[...]
    [Anonymous Symbol]                       0x080017f0   Section        0  stm32f4xx_hal_rcc.o(.text.HAL_RCC_GetPCLK2Freq)
    [Anonymous Symbol]                       0x08001818   Section        0  stm32f4xx_hal_rcc.o(.text.HAL_RCC_GetSysClockFreq)
    [Anonymous Symbol]                       0x08001884   Section        0  stm32f4xx_hal_rcc.o(.text.HAL_RCC_OscConfig)
    [Anonymous Symbol]                       0x08001c30   Section        0  stm32f4xx_hal_cortex.o(.text.HAL_SYSTICK_Config)
    [Anonymous Symbol]                       0x08001c5c   Section        0  stm32f4xx_hal_tim_ex.o(.text.HAL_TIMEx_BreakCallback)
    [Anonymous Symbol]                       0x08001c60   Section        0  stm32f4xx_hal_tim_ex.o(.text.HAL_TIMEx_CommutCallback)
    [Anonymous Symbol]                       0x08001c64   Section        0  stm32f4xx_hal_tim_ex.o(.text.HAL_TIMEx_ConfigBreakDeadTime)
    [Anonymous Symbol]                       0x08001cb0   Section        0  stm32f4xx_hal_tim_ex.o(.text.HAL_TIMEx_MasterConfigSynchronization)
    [Anonymous Symbol]                       0x08001d6c   Section        0  stm32f4xx_hal_tim.o(.text.HAL_TIM_Base_Init)
    [Anonymous Symbol]                       0x08001dc8   Section        0  tim.o(.text.HAL_TIM_Base_MspInit)
    [Anonymous Symbol]                       0x08001e20   Section        0  stm32f4xx_hal_tim.o(.text.HAL_TIM_ConfigClockSource)
    [Anonymous Symbol]                       0x08001fc0   Section        0  stm32f4xx_hal_tim.o(.text.HAL_TIM_IC_CaptureCallback)
    [Anonymous Symbol]                       0x08001fc4   Section        0  stm32f4xx_hal_tim.o(.text.HAL_TIM_IRQHandler)
    [Anonymous Symbol]                       0x08002114   Section        0  stm32f4xx_hal_tim.o(.text.HAL_TIM_OC_ConfigChannel)
    [Anonymous Symbol]                       0x080022c8   Section        0  stm32f4xx_hal_tim.o(.text.HAL_TIM_OC_DelayElapsedCallback)
    [Anonymous Symbol]                       0x080022cc   Section        0  stm32f4xx_hal_tim.o(.text.HAL_TIM_OC_Init)
    [Anonymous Symbol]                       0x08002328   Section        0  stm32f4xx_hal_tim.o(.text.HAL_TIM_OC_MspInit)
    [Anonymous Symbol]                       0x0800232c   Section        0  stm32f4xx_hal_tim.o(.text.HAL_TIM_PWM_PulseFinishedCallback)
    [Anonymous Symbol]                       0x08002330   Section        0  stm32f4xx_hal_tim.o(.text.HAL_TIM_PeriodElapsedCallback)
    [Anonymous Symbol]                       0x08002334   Section        0  stm32f4xx_hal_tim.o(.text.HAL_TIM_TriggerCallback)
    [Anonymous Symbol]                       0x08002338   Section        0  stm32f4xx_hal_uart.o(.text.HAL_UARTEx_RxEventCallback)
    [Anonymous Symbol]                       0x0800233c   Section        0  stm32f4xx_hal_uart.o(.text.HAL_UART_ErrorCallback)
    [Anonymous Symbol]                       0x08002340   Section        0  stm32f4xx_hal_uart.o(.text.HAL_UART_IRQHandler)
    [Anonymous Symbol]                       0x080028d4   Section        0  stm32f4xx_hal_uart.o(.text.HAL_UART_Init)
    [Anonymous Symbol]                       0x08002934   Section        0  usart.o(.text.HAL_UART_MspInit)
    [Anonymous Symbol]                       0x08002a1c   Section        0  stm32f4xx_hal_uart.o(.text.HAL_UART_Receive_IT)
    [Anonymous Symbol]                       0x08002a70   Section        0  main.o(.text.HAL_UART_RxCpltCallback)
    [Anonymous Symbol]                       0x08002acc   Section        0  stm32f4xx_hal_uart.o(.text.HAL_UART_Transmit)
    [Anonymous Symbol]                       0x08002c60   Section        0  stm32f4xx_hal_uart.o(.text.HAL_UART_TxCpltCallback)
    [Anonymous Symbol]                       0x08002c64   Section        0  stm32f4xx_it.o(.text.HardFault_Handler)
    [Anonymous Symbol]                       0x08002c68   Section        0  gpio.o(.text.MX_GPIO_Init)
    [Anonymous Symbol]                       0x08002cec   Section        0  tim.o(.text.MX_TIM1_Init)
    [Anonymous Symbol]                       0x08002e3c   Section        0  usart.o(.text.MX_USART1_UART_Init)
    [Anonymous Symbol]                       0x08002e78   Section        0  usart.o(.text.MX_USART6_UART_Init)
    [Anonymous Symbol]                       0x08002eb4   Section        0  measure.o(.text.Measure_Init)
    [Anonymous Symbol]                       0x08002f58   Section        0  measure.o(.text.Measure_Process)
    __arm_cp.2_21                            0x08003410   Number         4  measure.o(.text.Measure_Process)
    __arm_cp.2_23                            0x08003414   Number         4  measure.o(.text.Measure_Process)
    __arm_cp.2_24                            0x08003418   Number         4  measure.o(.text.Measure_Process)
    __arm_cp.2_26                            0x08003d74   Number         4  measure.o(.text.Measure_Process)
    __arm_cp.2_27                            0x08003d78   Number         4  measure.o(.text.Measure_Process)
    __arm_cp.2_29                            0x08004204   Number         4  measure.o(.text.Measure_Process)
    __arm_cp.2_30                            0x08004208   Number         4  measure.o(.text.Measure_Process)
    __arm_cp.2_31                            0x0800420c   Number         4  measure.o(.text.Measure_Process)
    __arm_cp.2_33                            0x080044e0   Number         4  measure.o(.text.Measure_Process)
    __arm_cp.2_37                            0x08004b40   Number         4  measure.o(.text.Measure_Process)
    __arm_cp.2_39                            0x08004ec4   Number         4  measure.o(.text.Measure_Process)
    __arm_cp.2_40                            0x08004ec8   Number         4  measure.o(.text.Measure_Process)
    __arm_cp.2_41                            0x08004ecc   Number         4  measure.o(.text.Measure_Process)
    [Anonymous Symbol]                       0x0800517c   Section        0  measure.o(.text.Measure_Trigger)
    [Anonymous Symbol]                       0x0800518c   Section        0  stm32f4xx_it.o(.text.MemManage_Handler)
    [Anonymous Symbol]                       0x08005190   Section        0  stm32f4xx_it.o(.text.NMI_Handler)
    [Anonymous Symbol]                       0x08005194   Section        0  stm32f4xx_it.o(.text.PendSV_Handler)
    [Anonymous Symbol]                       0x08005198   Section        0  stm32f4xx_it.o(.text.SVC_Handler)
    [Anonymous Symbol]                       0x0800519c   Section        0  stm32f4xx_it.o(.text.SysTick_Handler)
    [Anonymous Symbol]                       0x080051a0   Section        0  main.o(.text.SystemClock_Config)
    [Anonymous Symbol]                       0x0800524c   Section        0  system_stm32f4xx.o(.text.SystemInit)
    [Anonymous Symbol]                       0x08005260   Section        0  stm32f4xx_it.o(.text.TIM1_CC_IRQHandler)
    [Anonymous Symbol]                       0x0800526c   Section        0  stm32f4xx_it.o(.text.TIM1_TRG_COM_TIM11_IRQHandler)
    [Anonymous Symbol]                       0x08005278   Section        0  stm32f4xx_hal_tim.o(.text.TIM_Base_SetConfig)
    [Anonymous Symbol]                       0x080053b4   Section        0  tjc_screen.o(.text.TJC_BtnSetActive)
    [Anonymous Symbol]                       0x08005428   Section        0  tjc_screen.o(.text.TJC_ClearGraph)
    [Anonymous Symbol]                       0x08005490   Section        0  tjc_screen.o(.text.TJC_DrawSpectrum)
    [Anonymous Symbol]                       0x080056c4   Section        0  tjc_screen.o(.text.TJC_DrawWaveform)
    [Anonymous Symbol]                       0x0800588c   Section        0  main_app.o(.text.TJC_HandleTouch)
    [Anonymous Symbol]                       0x0800598c   Section        0  tjc_screen.o(.text.TJC_Init)
    [Anonymous Symbol]                       0x08005a1c   Section        0  main_app.o(.text.TJC_RxByteCallback)
    [Anonymous Symbol]                       0x08005a70   Section        0  tjc_screen.o(.text.TJC_SetStatus)
    [Anonymous Symbol]                       0x08005b10   Section        0  tjc_screen.o(.text.TJC_UpdateParams)
    __arm_cp.4_10                            0x08005eb0   Number         4  tjc_screen.o(.text.TJC_UpdateParams)
    UART_DMAAbortOnError                     0x08006009   Thumb Code    10  stm32f4xx_hal_uart.o(.text.UART_DMAAbortOnError)
    [Anonymous Symbol]                       0x08006008   Section        0  stm32f4xx_hal_uart.o(.text.UART_DMAAbortOnError)
    UART_Receive_IT                          0x08006015   Thumb Code   254  stm32f4xx_hal_uart.o(.text.UART_Receive_IT)
    [Anonymous Symbol]                       0x08006014   Section        0  stm32f4xx_hal_uart.o(.text.UART_Receive_IT)
    UART_SetConfig                           0x08006115   Thumb Code   230  stm32f4xx_hal_uart.o(.text.UART_SetConfig)
    [Anonymous Symbol]                       0x08006114   Section        0  stm32f4xx_hal_uart.o(.text.UART_SetConfig)
    [Anonymous Symbol]                       0x080061fc   Section        0  stm32f4xx_it.o(.text.USART6_IRQHandler)
    [Anonymous Symbol]                       0x08006208   Section        0  stm32f4xx_it.o(.text.UsageFault_Handler)
    [Anonymous Symbol]                       0x0800620c   Section        0  transformfunctions.o(.text.arm_cfft_f32)
    [Anonymous Symbol]                       0x0800653c   Section        0  transformfunctions.o(.text.arm_cfft_radix8by2_f32)
    [Anonymous Symbol]                       0x080066d8   Section        0  transformfunctions.o(.text.arm_cfft_radix8by4_f32)
    [Anonymous Symbol]                       0x08006bc0   Section        0  complexmathfunctions.o(.text.arm_cmplx_mag_f32)
    [Anonymous Symbol]                       0x08006bf4   Section        0  fastmathfunctions.o(.text.arm_cos_f32)
    [Anonymous Symbol]                       0x08006c88   Section        0  transformfunctions.o(.text.arm_radix8_butterfly_f32)
    __arm_cp.7_1                             0x08006cac   Number         4  transformfunctions.o(.text.arm_radix8_butterfly_f32)
    [Anonymous Symbol]                       0x080071ec   Section        0  transformfunctions.o(.text.arm_rfft_fast_f32)
    [Anonymous Symbol]                       0x0800785c   Section        0  transformfunctions.o(.text.arm_rfft_fast_init_f32)
    find_dominant_freq                       0x080079e9   Thumb Code  1236  measure.o(.text.find_dominant_freq)
    [Anonymous Symbol]                       0x080079e8   Section        0  measure.o(.text.find_dominant_freq)
    __arm_cp.3_4                             0x08007a10   Number         4  measure.o(.text.find_dominant_freq)
    [Anonymous Symbol]                       0x08007ec8   Section        0  main.o(.text.fputc)
    [Anonymous Symbol]                       0x08007ee8   Section        0  main.o(.text.main)
    i.__0printf                              0x08007fa4   Section        0  printfa.o(i.__0printf)
    i.__0snprintf                            0x08007fc4   Section        0  printfa.o(i.__0snprintf)
    i.__0vsnprintf                           0x08007ff8   Section        0  printfa.o(i.__0vsnprintf)
    i.__ARM_fpclassifyf                      0x0800802c   Section        0  fpclassifyf.o(i.__ARM_fpclassifyf)
    i.__hardfp_floorf                        0x08008054   Section        0  floorf.o(i.__hardfp_floorf)
    i.__hardfp_sinf                          0x080080c4   Section        0  sinf.o(i.__hardfp_sinf)
    i.__mathlib_flt_infnan                   0x08008254   Section        0  funder.o(i.__mathlib_flt_infnan)
    i.__mathlib_flt_invalid                  0x0800825c   Section        0  funder.o(i.__mathlib_flt_invalid)
    i.__mathlib_flt_underflow                0x0800826c   Section        0  funder.o(i.__mathlib_flt_underflow)
    i.__mathlib_rredf2                       0x0800827c   Section        0  rredf.o(i.__mathlib_rredf2)
    i.__scatterload_copy                     0x080083d0   Section       14  handlers.o(i.__scatterload_copy)
    i.__scatterload_null                     0x080083de   Section        2  handlers.o(i.__scatterload_null)
    i.__scatterload_zeroinit                 0x080083e0   Section       14  handlers.o(i.__scatterload_zeroinit)
    i.__set_errno                            0x080083f0   Section        0  errno.o(i.__set_errno)
    _fp_digits                               0x080083fd   Thumb Code   366  printfa.o(i._fp_digits)
    i._fp_digits                             0x080083fc   Section        0  printfa.o(i._fp_digits)
    _printf_core                             0x08008581   Thumb Code  1744  printfa.o(i._printf_core)
    i._printf_core                           0x08008580   Section        0  printfa.o(i._printf_core)
    _printf_post_padding                     0x08008c5d   Thumb Code    36  printfa.o(i._printf_post_padding)
    i._printf_post_padding                   0x08008c5c   Section        0  printfa.o(i._printf_post_padding)
    _printf_pre_padding                      0x08008c81   Thumb Code    46  printfa.o(i._printf_pre_padding)
    i._printf_pre_padding                    0x08008c80   Section        0  printfa.o(i._printf_pre_padding)
    _snputc                                  0x08008caf   Thumb Code    22  printfa.o(i._snputc)
    i._snputc                                0x08008cae   Section        0  printfa.o(i._snputc)
    i.free                                   0x08008cc4   Section        0  malloc.o(i.free)
    i.malloc                                 0x08008d14   Section        0  malloc.o(i.malloc)
    i.puts                                   0x08008d80   Section        0  puts.o(i.puts)
    twooverpi                                0x08008da4   Data          32  rredf.o(.constdata)
    .constdata                               0x08008da4   Section       32  rredf.o(.constdata)
    .L__const.TJC_DrawSpectrum.colors        0x08008dc4   Data           6  tjc_screen.o(.rodata..L__const.TJC_DrawSpectrum.colors)
    TJC_END                                  0x08008de2   Data           3  tjc_screen.o(.rodata.TJC_END)
    [Anonymous Symbol]                       0x08008de2   Section        0  tjc_screen.o(.rodata.TJC_END)
    DMA_CalcBaseAndBitshift.flagBitshiftOffset 0x0800c3c0   Data           8  stm32f4xx_hal_dma.o(.rodata.cst8)
    [Anonymous Symbol]                       0x0800c3c0   Section        0  stm32f4xx_hal_dma.o(.rodata.cst8)
    .L.str.6                                 0x0800cbcc   Data          45  measure.o(.rodata.str1.1)
    [Anonymous Symbol]                       0x0800cbcc   Section        0  measure.o(.rodata.str1.1)
    .L.str.1                                 0x0800cbf9   Data          30  measure.o(.rodata.str1.1)
    .Lstr.8                                  0x0800cc17   Data          14  measure.o(.rodata.str1.1)
    .L.str.3                                 0x0800cc25   Data           7  main_app.o(.rodata.str1.1)
    [Anonymous Symbol]                       0x0800cc25   Section        0  main_app.o(.rodata.str1.1)
    .L.str.4                                 0x0800cc2c   Data           7  main_app.o(.rodata.str1.1)
    .L.str.2                                 0x0800cc33   Data           7  main_app.o(.rodata.str1.1)
    .L.str.1                                 0x0800cc3a   Data           7  main_app.o(.rodata.str1.1)
    .L.str.20                                0x0800cc41   Data          20  tjc_screen.o(.rodata.str1.1)
    [Anonymous Symbol]                       0x0800cc41   Section        0  tjc_screen.o(.rodata.str1.1)
    .L.str.26                                0x0800cc55   Data          20  tjc_screen.o(.rodata.str1.1)
    .L.str.17                                0x0800cc69   Data          21  tjc_screen.o(.rodata.str1.1)
    .L.str.23                                0x0800cc7e   Data          21  tjc_screen.o(.rodata.str1.1)
    .L.str.25                                0x0800cc93   Data          21  tjc_screen.o(.rodata.str1.1)
    .L.str.15                                0x0800cca8   Data          22  tjc_screen.o(.rodata.str1.1)
    .L.str.21                                0x0800ccbe   Data          22  tjc_screen.o(.rodata.str1.1)
    .L.str.5                                 0x0800ccd4   Data           9  tjc_screen.o(.rodata.str1.1)
    .L.str.6                                 0x0800ccdd   Data           3  tjc_screen.o(.rodata.str1.1)
    .L.str.16                                0x0800cce0   Data           5  tjc_screen.o(.rodata.str1.1)
    .L.str.18                                0x0800cce5   Data           5  tjc_screen.o(.rodata.str1.1)
    .L.str.22                                0x0800ccea   Data           5  tjc_screen.o(.rodata.str1.1)
    .L.str.24                                0x0800ccef   Data           5  tjc_screen.o(.rodata.str1.1)
    .L.str.1                                 0x0800ccf4   Data           8  tjc_screen.o(.rodata.str1.1)
    .data                                    0x20000000   Section        4  stdout.o(.data)
    .data                                    0x20000004   Section        4  mvars.o(.data)
    .data                                    0x20000008   Section        4  mvars.o(.data)
    _errno                                   0x2000000c   Data           4  errno.o(.data)
    .data                                    0x2000000c   Section        4  errno.o(.data)
    .L_MergedGlobals                         0x20000010   Data           8  stm32f4xx_hal.o(.data..L_MergedGlobals)
    [Anonymous Symbol]                       0x20000010   Section        0  stm32f4xx_hal.o(.data..L_MergedGlobals)
    .L_MergedGlobals                         0x20000020   Data           2  ad9220.o(.bss..L_MergedGlobals)
    [Anonymous Symbol]                       0x20000020   Section        0  ad9220.o(.bss..L_MergedGlobals)
    .L_MergedGlobals                         0x20000024   Data          80  measure.o(.bss..L_MergedGlobals)
    trigger_pending                          0x20000024   Data           1  measure.o(.bss..L_MergedGlobals)
    [Anonymous Symbol]                       0x20000024   Section        0  measure.o(.bss..L_MergedGlobals)
    state                                    0x20000025   Data           1  measure.o(.bss..L_MergedGlobals)
    prev_state                               0x20000026   Data           1  measure.o(.bss..L_MergedGlobals)
    Measure_Process.print_cnt                0x20000027   Data           1  measure.o(.bss..L_MergedGlobals)
    wait_start                               0x20000028   Data           4  measure.o(.bss..L_MergedGlobals)
    last_tick                                0x2000002c   Data           4  measure.o(.bss..L_MergedGlobals)
    last_sr_hz                               0x20000030   Data           4  measure.o(.bss..L_MergedGlobals)
    fft_instance                             0x20000040   Data          24  measure.o(.bss..L_MergedGlobals)
    .L_MergedGlobals                         0x20000074   Data           4  main.o(.bss..L_MergedGlobals)
    usart6_rx_byte                           0x20000074   Data           1  main.o(.bss..L_MergedGlobals)
    [Anonymous Symbol]                       0x20000074   Section        0  main.o(.bss..L_MergedGlobals)
    HAL_UART_RxCpltCallback.rx_cnt           0x20000076   Data           2  main.o(.bss..L_MergedGlobals)
    .L_MergedGlobals                         0x20000078   Data          36  main_app.o(.bss..L_MergedGlobals)
    [Anonymous Symbol]                       0x20000078   Section        0  main_app.o(.bss..L_MergedGlobals)
    tjc_rx_idx                               0x20000079   Data           1  main_app.o(.bss..L_MergedGlobals)
    g_disp_mode                              0x2000007a   Data           1  main_app.o(.bss..L_MergedGlobals)
    g_cycle                                  0x2000007b   Data           1  main_app.o(.bss..L_MergedGlobals)
    tjc_rx_buf                               0x2000007c   Data          32  main_app.o(.bss..L_MergedGlobals)
    Measure_Process.scr_buf                  0x2000009c   Data        1200  measure.o(.bss.Measure_Process.scr_buf)
    [Anonymous Symbol]                       0x2000009c   Section        0  measure.o(.bss.Measure_Process.scr_buf)
    analyze_peaks.cand                       0x2000254c   Data         768  measure.o(.bss.analyze_peaks.cand)
    [Anonymous Symbol]                       0x2000254c   Section        0  measure.o(.bss.analyze_peaks.cand)
    cmd_buf                                  0x2000284c   Data         256  tjc_screen.o(.bss.cmd_buf)
    [Anonymous Symbol]                       0x2000284c   Section        0  tjc_screen.o(.bss.cmd_buf)
    fft_in                                   0x2000294c   Data       16384  measure.o(.bss.fft_in)
    [Anonymous Symbol]                       0x2000294c   Section        0  measure.o(.bss.fft_in)
    fft_out                                  0x2000694c   Data       16384  measure.o(.bss.fft_out)
    [Anonymous Symbol]                       0x2000694c   Section        0  measure.o(.bss.fft_out)
    hanning_window                           0x2000a94c   Data       16384  measure.o(.bss.hanning_window)
    [Anonymous Symbol]                       0x2000a94c   Section        0  measure.o(.bss.hanning_window)
    hdma_tim1_up                             0x2000e94c   Data          96  ad9220.o(.bss.hdma_tim1_up)
    [Anonymous Symbol]                       0x2000e94c   Section        0  ad9220.o(.bss.hdma_tim1_up)
    ma_buf                                   0x2000ea84   Data       16384  measure.o(.bss.ma_buf)
    [Anonymous Symbol]                       0x2000ea84   Section        0  measure.o(.bss.ma_buf)
    magnitude                                0x20012a84   Data        8192  measure.o(.bss.magnitude)
    [Anonymous Symbol]                       0x20012a84   Section        0  measure.o(.bss.magnitude)
    tjc_uart                                 0x20014a84   Data           4  tjc_screen.o(.bss.tjc_uart)
    [Anonymous Symbol]                       0x20014a84   Section        0  tjc_screen.o(.bss.tjc_uart)
    HEAP                                     0x20014a90   Section      512  startup_stm32f407xx.o(HEAP)
    STACK                                    0x20014c90   Section     1024  startup_stm32f407xx.o(STACK)

    Global Symbols

    Symbol Name                              Value     Ov Type        Size  Object(Section)

    BuildAttributes$$THM_ISAv4$E$P$D$K$B$S$7EM$VFPi3$EXTD16$VFPS$VFMA$PE$A:L22UL41UL21$X:L11$S22US41US21$IEEE1$IW$~IW$USESV6$~STKCKD$USESV7$~SHL$OTIME$ROPI$IEEEX$EBA8$MICROLIB$REQ8$PRES8$EABIv2 0x00000000   Number         0  anon$$obj.o ABSOLUTE
    _printf_a                                0x00000000   Number         0  printfstubs.o ABSOLUTE
    _printf_c                                0x00000000   Number         0  printfstubs.o ABSOLUTE
    _printf_charcount                        0x00000000   Number         0  printfstubs.o ABSOLUTE
    _printf_d                                0x00000000   Number         0  printfstubs.o ABSOLUTE
    _printf_e                                0x00000000   Number         0  printfstubs.o ABSOLUTE
    _printf_f                                0x00000000   Number         0  printfstubs.o ABSOLUTE
    _printf_flags                            0x00000000   Number         0  printfstubs.o ABSOLUTE
    _printf_fp_dec                           0x00000000   Number         0  printfstubs.o ABSOLUTE
    _printf_fp_hex                           0x00000000   Number         0  printfstubs.o ABSOLUTE
    _printf_g                                0x00000000   Number         0  printfstubs.o ABSOLUTE
    _printf_i                                0x00000000   Number         0  printfstubs.o ABSOLUTE
    _printf_int_dec                          0x00000000   Number         0  printfstubs.o ABSOLUTE
    _printf_l                                0x00000000   Number         0  printfstubs.o ABSOLUTE
    _printf_lc                               0x00000000   Number         0  printfstubs.o ABSOLUTE
    _printf_ll                               0x00000000   Number         0  printfstubs.o ABSOLUTE
    _printf_lld                              0x00000000   Number         0  printfstubs.o ABSOLUTE
    _printf_lli                              0x00000000   Number         0  printfstubs.o ABSOLUTE
    _printf_llo                              0x00000000   Number         0  printfstubs.o ABSOLUTE
    _printf_llu                              0x00000000   Number         0  printfstubs.o ABSOLUTE
    _printf_llx                              0x00000000   Number         0  printfstubs.o ABSOLUTE
    _printf_longlong_dec                     0x00000000   Number         0  printfstubs.o ABSOLUTE
    _printf_longlong_hex                     0x00000000   Number         0  printfstubs.o ABSOLUTE
    _printf_longlong_oct                     0x00000000   Number         0  printfstubs.o ABSOLUTE
    _printf_ls                               0x00000000   Number         0  printfstubs.o ABSOLUTE
    _printf_mbtowc                           0x00000000   Number         0  printfstubs.o ABSOLUTE
    _printf_n                                0x00000000   Number         0  printfstubs.o ABSOLUTE
    _printf_o                                0x00000000   Number         0  printfstubs.o ABSOLUTE
    _printf_p                                0x00000000   Number         0  printfstubs.o ABSOLUTE
    _printf_percent                          0x00000000   Number         0  printfstubs.o ABSOLUTE
    _printf_pre_padding                      0x00000000   Number         0  printfstubs.o ABSOLUTE
    _printf_return_value                     0x00000000   Number         0  printfstubs.o ABSOLUTE
    _printf_s                                0x00000000   Number         0  printfstubs.o ABSOLUTE
    _printf_sizespec                         0x00000000   Number         0  printfstubs.o ABSOLUTE
    _printf_str                              0x00000000   Number         0  printfstubs.o ABSOLUTE
    _printf_truncate_signed                  0x00000000   Number         0  printfstubs.o ABSOLUTE
    _printf_truncate_unsigned                0x00000000   Number         0  printfstubs.o ABSOLUTE
    _printf_u                                0x00000000   Number         0  printfstubs.o ABSOLUTE
    _printf_wc                               0x00000000   Number         0  printfstubs.o ABSOLUTE
    _printf_wctomb                           0x00000000   Number         0  printfstubs.o ABSOLUTE
    _printf_widthprec                        0x00000000   Number         0  printfstubs.o ABSOLUTE
    _printf_x                                0x00000000   Number         0  printfstubs.o ABSOLUTE
    __cpp_initialize__aeabi_                  - Undefined Weak Reference
    __cxa_finalize                            - Undefined Weak Reference
    __decompress                              - Undefined Weak Reference
    _clock_init                               - Undefined Weak Reference
    _microlib_exit                            - Undefined Weak Reference
    __Vectors_Size                           0x00000188   Number         0  startup_stm32f407xx.o ABSOLUTE
    __Vectors                                0x08000000   Data           4  startup_stm32f407xx.o(RESET)
    __Vectors_End                            0x08000188   Data           0  startup_stm32f407xx.o(RESET)
    __main                                   0x08000189   Thumb Code     0  entry.o(.ARM.Collect$$$$00000000)
    _main_stk                                0x08000189   Thumb Code     0  entry2.o(.ARM.Collect$$$$00000001)
    _main_scatterload                        0x0800018d   Thumb Code     0  entry5.o(.ARM.Collect$$$$00000004)
    __main_after_scatterload                 0x08000191   Thumb Code     0  entry5.o(.ARM.Collect$$$$00000004)
    _main_clock                              0x08000191   Thumb Code     0  entry7b.o(.ARM.Collect$$$$00000008)
    _main_cpp_init                           0x08000191   Thumb Code     0  entry8b.o(.ARM.Collect$$$$0000000A)
    _main_init                               0x08000191   Thumb Code     0  entry9a.o(.ARM.Collect$$$$0000000B)
    __rt_final_cpp                           0x08000199   Thumb Code     0  entry10a.o(.ARM.Collect$$$$0000000D)
    __rt_final_exit                          0x08000199   Thumb Code     0  entry11a.o(.ARM.Collect$$$$0000000F)
    Reset_Handler                            0x0800019d   Thumb Code     8  startup_stm32f407xx.o(.text)
    ADC_IRQHandler                           0x080001b7   Thumb Code     0  startup_stm32f407xx.o(.text)
    CAN1_RX0_IRQHandler                      0x080001b7   Thumb Code     0  startup_stm32f407xx.o(.text)
    CAN1_RX1_IRQHandler                      0x080001b7   Thumb Code     0  startup_stm32f407xx.o(.text)
    CAN1_SCE_IRQHandler                      0x080001b7   Thumb Code     0  startup_stm32f407xx.o(.text)
    CAN1_TX_IRQHandler                       0x080001b7   Thumb Code     0  startup_stm32f407xx.o(.text)
    CAN2_RX0_IRQHandler                      0x080001b7   Thumb Code     0  startup_stm32f407xx.o(.text)
    CAN2_RX1_IRQHandler                      0x080001b7   Thumb Code     0  startup_stm32f407xx.o(.text)
    CAN2_SCE_IRQHandler                      0x080001b7   Thumb Code     0  startup_stm32f407xx.o(.text)
    CAN2_TX_IRQHandler                       0x080001b7   Thumb Code     0  startup_stm32f407xx.o(.text)
    DCMI_IRQHandler                          0x080001b7   Thumb Code     0  startup_stm32f407xx.o(.text)
    DMA1_Stream0_IRQHandler                  0x080001b7   Thumb Code     0  startup_stm32f407xx.o(.text)
    DMA1_Stream1_IRQHandler                  0x080001b7   Thumb Code     0  startup_stm32f407xx.o(.text)
    DMA1_Stream2_IRQHandler                  0x080001b7   Thumb Code     0  startup_stm32f407xx.o(.text)
    DMA1_Stream3_IRQHandler                  0x080001b7   Thumb Code     0  startup_stm32f407xx.o(.text)
    DMA1_Stream4_IRQHandler                  0x080001b7   Thumb Code     0  startup_stm32f407xx.o(.text)
    DMA1_Stream5_IRQHandler                  0x080001b7   Thumb Code     0  startup_stm32f407xx.o(.text)
    DMA1_Stream6_IRQHandler                  0x080001b7   Thumb Code     0  startup_stm32f407xx.o(.text)
    DMA1_Stream7_IRQHandler                  0x080001b7   Thumb Code     0  startup_stm32f407xx.o(.text)
    DMA2_Stream0_IRQHandler                  0x080001b7   Thumb Code     0  startup_stm32f407xx.o(.text)
    DMA2_Stream1_IRQHandler                  0x080001b7   Thumb Code     0  startup_stm32f407xx.o(.text)
    DMA2_Stream2_IRQHandler                  0x080001b7   Thumb Code     0  startup_stm32f407xx.o(.text)
    DMA2_Stream3_IRQHandler                  0x080001b7   Thumb Code     0  startup_stm32f407xx.o(.text)
    DMA2_Stream4_IRQHandler                  0x080001b7   Thumb Code     0  startup_stm32f407xx.o(.text)
    DMA2_Stream6_IRQHandler                  0x080001b7   Thumb Code     0  startup_stm32f407xx.o(.text)
    DMA2_Stream7_IRQHandler                  0x080001b7   Thumb Code     0  startup_stm32f407xx.o(.text)
    ETH_IRQHandler                           0x080001b7   Thumb Code     0  startup_stm32f407xx.o(.text)
    ETH_WKUP_IRQHandler                      0x080001b7   Thumb Code     0  startup_stm32f407xx.o(.text)
    EXTI0_IRQHandler                         0x080001b7   Thumb Code     0  startup_stm32f407xx.o(.text)
    EXTI15_10_IRQHandler                     0x080001b7   Thumb Code     0  startup_stm32f407xx.o(.text)
    EXTI1_IRQHandler                         0x080001b7   Thumb Code     0  startup_stm32f407xx.o(.text)
    EXTI2_IRQHandler                         0x080001b7   Thumb Code     0  startup_stm32f407xx.o(.text)
    EXTI3_IRQHandler                         0x080001b7   Thumb Code     0  startup_stm32f407xx.o(.text)
    EXTI4_IRQHandler                         0x080001b7   Thumb Code     0  startup_stm32f407xx.o(.text)
    EXTI9_5_IRQHandler                       0x080001b7   Thumb Code     0  startup_stm32f407xx.o(.text)
    FLASH_IRQHandler                         0x080001b7   Thumb Code     0  startup_stm32f407xx.o(.text)
    FMC_IRQHandler                           0x080001b7   Thumb Code     0  startup_stm32f407xx.o(.text)
    FPU_IRQHandler                           0x080001b7   Thumb Code     0  startup_stm32f407xx.o(.text)
    HASH_RNG_IRQHandler                      0x080001b7   Thumb Code     0  startup_stm32f407xx.o(.text)
    I2C1_ER_IRQHandler                       0x080001b7   Thumb Code     0  startup_stm32f407xx.o(.text)
    I2C1_EV_IRQHandler                       0x080001b7   Thumb Code     0  startup_stm32f407xx.o(.text)
    I2C2_ER_IRQHandler                       0x080001b7   Thumb Code     0  startup_stm32f407xx.o(.text)
    I2C2_EV_IRQHandler                       0x080001b7   Thumb Code     0  startup_stm32f407xx.o(.text)
    I2C3_ER_IRQHandler                       0x080001b7   Thumb Code     0  startup_stm32f407xx.o(.text)
    I2C3_EV_IRQHandler                       0x080001b7   Thumb Code     0  startup_stm32f407xx.o(.text)
    OTG_FS_IRQHandler                        0x080001b7   Thumb Code     0  startup_stm32f407xx.o(.text)
    OTG_FS_WKUP_IRQHandler                   0x080001b7   Thumb Code     0  startup_stm32f407xx.o(.text)
    OTG_HS_EP1_IN_IRQHandler                 0x080001b7   Thumb Code     0  startup_stm32f407xx.o(.text)
    OTG_HS_EP1_OUT_IRQHandler                0x080001b7   Thumb Code     0  startup_stm32f407xx.o(.text)
    OTG_HS_IRQHandler                        0x080001b7   Thumb Code     0  startup_stm32f407xx.o(.text)
    OTG_HS_WKUP_IRQHandler                   0x080001b7   Thumb Code     0  startup_stm32f407xx.o(.text)
    PVD_IRQHandler                           0x080001b7   Thumb Code     0  startup_stm32f407xx.o(.text)
    RCC_IRQHandler                           0x080001b7   Thumb Code     0  startup_stm32f407xx.o(.text)
    RTC_Alarm_IRQHandler                     0x080001b7   Thumb Code     0  startup_stm32f407xx.o(.text)
    RTC_WKUP_IRQHandler                      0x080001b7   Thumb Code     0  startup_stm32f407xx.o(.text)
    SDIO_IRQHandler                          0x080001b7   Thumb Code     0  startup_stm32f407xx.o(.text)
    SPI1_IRQHandler                          0x080001b7   Thumb Code     0  startup_stm32f407xx.o(.text)
    SPI2_IRQHandler                          0x080001b7   Thumb Code     0  startup_stm32f407xx.o(.text)
    SPI3_IRQHandler                          0x080001b7   Thumb Code     0  startup_stm32f407xx.o(.text)
    TAMP_STAMP_IRQHandler                    0x080001b7   Thumb Code     0  startup_stm32f407xx.o(.text)
    TIM1_BRK_TIM9_IRQHandler                 0x080001b7   Thumb Code     0  startup_stm32f407xx.o(.text)
    TIM1_UP_TIM10_IRQHandler                 0x080001b7   Thumb Code     0  startup_stm32f407xx.o(.text)
    TIM2_IRQHandler                          0x080001b7   Thumb Code     0  startup_stm32f407xx.o(.text)
    TIM3_IRQHandler                          0x080001b7   Thumb Code     0  startup_stm32f407xx.o(.text)
    TIM4_IRQHandler                          0x080001b7   Thumb Code     0  startup_stm32f407xx.o(.text)
    TIM5_IRQHandler                          0x080001b7   Thumb Code     0  startup_stm32f407xx.o(.text)
    TIM6_DAC_IRQHandler                      0x080001b7   Thumb Code     0  startup_stm32f407xx.o(.text)
    TIM7_IRQHandler                          0x080001b7   Thumb Code     0  startup_stm32f407xx.o(.text)
    TIM8_BRK_TIM12_IRQHandler                0x080001b7   Thumb Code     0  startup_stm32f407xx.o(.text)
    TIM8_CC_IRQHandler                       0x080001b7   Thumb Code     0  startup_stm32f407xx.o(.text)
    TIM8_TRG_COM_TIM14_IRQHandler            0x080001b7   Thumb Code     0  startup_stm32f407xx.o(.text)
    TIM8_UP_TIM13_IRQHandler                 0x080001b7   Thumb Code     0  startup_stm32f407xx.o(.text)
    UART4_IRQHandler                         0x080001b7   Thumb Code     0  startup_stm32f407xx.o(.text)
    UART5_IRQHandler                         0x080001b7   Thumb Code     0  startup_stm32f407xx.o(.text)
    USART1_IRQHandler                        0x080001b7   Thumb Code     0  startup_stm32f407xx.o(.text)
    USART2_IRQHandler                        0x080001b7   Thumb Code     0  startup_stm32f407xx.o(.text)
    USART3_IRQHandler                        0x080001b7   Thumb Code     0  startup_stm32f407xx.o(.text)
    WWDG_IRQHandler                          0x080001b7   Thumb Code     0  startup_stm32f407xx.o(.text)
    __aeabi_uldivmod                         0x080001c1   Thumb Code    98  uldiv.o(.text)
    __aeabi_memset                           0x08000223   Thumb Code    14  memseta.o(.text)
    __aeabi_memset4                          0x08000223   Thumb Code     0  memseta.o(.text)
    __aeabi_memset8                          0x08000223   Thumb Code     0  memseta.o(.text)
    __aeabi_memclr                           0x08000231   Thumb Code     4  memseta.o(.text)
    __aeabi_memclr4                          0x08000231   Thumb Code     0  memseta.o(.text)
    __aeabi_memclr8                          0x08000231   Thumb Code     0  memseta.o(.text)
    _memset$wrapper                          0x08000235   Thumb Code    18  memseta.o(.text)
    strlen                                   0x08000247   Thumb Code    14  strlen.o(.text)
    __aeabi_dadd                             0x08000255   Thumb Code   322  dadd.o(.text)
    __aeabi_dsub                             0x08000397   Thumb Code     6  dadd.o(.text)
    __aeabi_drsub                            0x0800039d   Thumb Code     6  dadd.o(.text)
    __aeabi_dmul                             0x080003a3   Thumb Code   228  dmul.o(.text)
    __aeabi_ddiv                             0x08000487   Thumb Code   222  ddiv.o(.text)
    __aeabi_f2d                              0x08000565   Thumb Code    38  f2d.o(.text)
    __aeabi_uidiv                            0x0800058b   Thumb Code     0  uidiv.o(.text)
    __aeabi_uidivmod                         0x0800058b   Thumb Code    44  uidiv.o(.text)
    __aeabi_llsl                             0x080005b7   Thumb Code    30  llshl.o(.text)
    _ll_shift_l                              0x080005b7   Thumb Code     0  llshl.o(.text)
    __aeabi_llsr                             0x080005d5   Thumb Code    32  llushr.o(.text)
    _ll_ushift_r                             0x080005d5   Thumb Code     0  llushr.o(.text)
    __aeabi_lasr                             0x080005f5   Thumb Code    36  llsshr.o(.text)
    _ll_sshift_r                             0x080005f5   Thumb Code     0  llsshr.o(.text)
    __I$use$fp                               0x08000619   Thumb Code     0  iusefp.o(.text)
    _double_round                            0x08000619   Thumb Code    30  depilogue.o(.text)
    _double_epilogue                         0x08000637   Thumb Code   156  depilogue.o(.text)
    __aeabi_d2ulz                            0x080006d3   Thumb Code    48  dfixul.o(.text)
    __aeabi_cdrcmple                         0x08000705   Thumb Code    48  cdrcmple.o(.text)
    __scatterload                            0x08000735   Thumb Code    38  init.o(.text)
    __scatterload_rt2                        0x08000735   Thumb Code     0  init.o(.text)
    AD9220_ClearReady                        0x08000765   Thumb Code    14  ad9220.o(.text.AD9220_ClearReady)
    AD9220_DataReady                         0x08000775   Thumb Code    12  ad9220.o(.text.AD9220_DataReady)
    AD9220_DebugDump                         0x08000781   Thumb Code    80  ad9220.o(.text.AD9220_DebugDump)
    AD9220_Init                              0x08000859   Thumb Code   140  ad9220.o(.text.AD9220_Init)
    AD9220_Start                             0x080008e5   Thumb Code   164  ad9220.o(.text.AD9220_Start)
    App_GetCycle                             0x08000995   Thumb Code    12  main_app.o(.text.App_GetCycle)
    App_Init                                 0x080009a1   Thumb Code    76  main_app.o(.text.App_Init)
    App_Loop                                 0x08000a0d   Thumb Code     2  main_app.o(.text.App_Loop)
    App_MeasureRequested                     0x08000a11   Thumb Code    24  main_app.o(.text.App_MeasureRequested)
    App_SubmitResult                         0x08000a29   Thumb Code  1504  main_app.o(.text.App_SubmitResult)
    BusFault_Handler                         0x08001071   Thumb Code     2  stm32f4xx_it.o(.text.BusFault_Handler)
    DMA2_Stream5_IRQHandler                  0x08001075   Thumb Code   134  ad9220.o(.text.DMA2_Stream5_IRQHandler)
    DebugMon_Handler                         0x080010fd   Thumb Code     2  stm32f4xx_it.o(.text.DebugMon_Handler)
    Error_Handler                            0x08001101   Thumb Code     6  main.o(.text.Error_Handler)
    HAL_DMA_Abort                            0x08001109   Thumb Code   142  stm32f4xx_hal_dma.o(.text.HAL_DMA_Abort)
    HAL_DMA_Abort_IT                         0x08001199   Thumb Code    36  stm32f4xx_hal_dma.o(.text.HAL_DMA_Abort_IT)
    HAL_DMA_Init                             0x080011bd   Thumb Code   354  stm32f4xx_hal_dma.o(.text.HAL_DMA_Init)
    HAL_Delay                                0x08001321   Thumb Code    40  stm32f4xx_hal.o(.text.HAL_Delay)
    HAL_GPIO_Init                            0x08001349   Thumb Code   414  stm32f4xx_hal_gpio.o(.text.HAL_GPIO_Init)
    HAL_GetTick                              0x080014e9   Thumb Code    12  stm32f4xx_hal.o(.text.HAL_GetTick)
    HAL_IncTick                              0x080014f5   Thumb Code    26  stm32f4xx_hal.o(.text.HAL_IncTick)
    HAL_Init                                 0x08001511   Thumb Code    54  stm32f4xx_hal.o(.text.HAL_Init)
    HAL_InitTick                             0x08001549   Thumb Code    72  stm32f4xx_hal.o(.text.HAL_InitTick)
    HAL_MspInit                              0x08001591   Thumb Code    56  stm32f4xx_hal_msp.o(.text.HAL_MspInit)
    HAL_NVIC_EnableIRQ                       0x080015c9   Thumb Code    34  stm32f4xx_hal_cortex.o(.text.HAL_NVIC_EnableIRQ)
    HAL_NVIC_SetPriority                     0x080015ed   Thumb Code    86  stm32f4xx_hal_cortex.o(.text.HAL_NVIC_SetPriority)
    HAL_NVIC_SetPriorityGrouping             0x08001645   Thumb Code    32  stm32f4xx_hal_cortex.o(.text.HAL_NVIC_SetPriorityGrouping)
    HAL_RCC_ClockConfig                      0x08001665   Thumb Code   356  stm32f4xx_hal_rcc.o(.text.HAL_RCC_ClockConfig)
    HAL_RCC_GetPCLK1Freq                     0x080017c9   Thumb Code    38  stm32f4xx_hal_rcc.o(.text.HAL_RCC_GetPCLK1Freq)
    HAL_RCC_GetPCLK2Freq                     0x080017f1   Thumb Code    38  stm32f4xx_hal_rcc.o(.text.HAL_RCC_GetPCLK2Freq)
    HAL_RCC_GetSysClockFreq                  0x08001819   Thumb Code   106  stm32f4xx_hal_rcc.o(.text.HAL_RCC_GetSysClockFreq)
    HAL_RCC_OscConfig                        0x08001885   Thumb Code   940  stm32f4xx_hal_rcc.o(.text.HAL_RCC_OscConfig)
    HAL_SYSTICK_Config                       0x08001c31   Thumb Code    44  stm32f4xx_hal_cortex.o(.text.HAL_SYSTICK_Config)
    HAL_TIMEx_BreakCallback                  0x08001c5d   Thumb Code     2  stm32f4xx_hal_tim_ex.o(.text.HAL_TIMEx_BreakCallback)
    HAL_TIMEx_CommutCallback                 0x08001c61   Thumb Code     2  stm32f4xx_hal_tim_ex.o(.text.HAL_TIMEx_CommutCallback)
    HAL_TIMEx_ConfigBreakDeadTime            0x08001c65   Thumb Code    76  stm32f4xx_hal_tim_ex.o(.text.HAL_TIMEx_ConfigBreakDeadTime)
    HAL_TIMEx_MasterConfigSynchronization    0x08001cb1   Thumb Code   186  stm32f4xx_hal_tim_ex.o(.text.HAL_TIMEx_MasterConfigSynchronization)
    HAL_TIM_Base_Init                        0x08001d6d   Thumb Code    90  stm32f4xx_hal_tim.o(.text.HAL_TIM_Base_Init)
    HAL_TIM_Base_MspInit                     0x08001dc9   Thumb Code    86  tim.o(.text.HAL_TIM_Base_MspInit)
    HAL_TIM_ConfigClockSource                0x08001e21   Thumb Code   416  stm32f4xx_hal_tim.o(.text.HAL_TIM_ConfigClockSource)
    HAL_TIM_IC_CaptureCallback               0x08001fc1   Thumb Code     2  stm32f4xx_hal_tim.o(.text.HAL_TIM_IC_CaptureCallback)
    HAL_TIM_IRQHandler                       0x08001fc5   Thumb Code   334  stm32f4xx_hal_tim.o(.text.HAL_TIM_IRQHandler)
    HAL_TIM_OC_ConfigChannel                 0x08002115   Thumb Code   436  stm32f4xx_hal_tim.o(.text.HAL_TIM_OC_ConfigChannel)
    HAL_TIM_OC_DelayElapsedCallback          0x080022c9   Thumb Code     2  stm32f4xx_hal_tim.o(.text.HAL_TIM_OC_DelayElapsedCallback)
    HAL_TIM_OC_Init                          0x080022cd   Thumb Code    90  stm32f4xx_hal_tim.o(.text.HAL_TIM_OC_Init)
    HAL_TIM_OC_MspInit                       0x08002329   Thumb Code     2  stm32f4xx_hal_tim.o(.text.HAL_TIM_OC_MspInit)
    HAL_TIM_PWM_PulseFinishedCallback        0x0800232d   Thumb Code     2  stm32f4xx_hal_tim.o(.text.HAL_TIM_PWM_PulseFinishedCallback)
    HAL_TIM_PeriodElapsedCallback            0x08002331   Thumb Code     2  stm32f4xx_hal_tim.o(.text.HAL_TIM_PeriodElapsedCallback)
    HAL_TIM_TriggerCallback                  0x08002335   Thumb Code     2  stm32f4xx_hal_tim.o(.text.HAL_TIM_TriggerCallback)
    HAL_UARTEx_RxEventCallback               0x08002339   Thumb Code     2  stm32f4xx_hal_uart.o(.text.HAL_UARTEx_RxEventCallback)
    HAL_UART_ErrorCallback                   0x0800233d   Thumb Code     2  stm32f4xx_hal_uart.o(.text.HAL_UART_ErrorCallback)
    HAL_UART_IRQHandler                      0x08002341   Thumb Code  1428  stm32f4xx_hal_uart.o(.text.HAL_UART_IRQHandler)
    HAL_UART_Init                            0x080028d5   Thumb Code    96  stm32f4xx_hal_uart.o(.text.HAL_UART_Init)
    HAL_UART_MspInit                         0x08002935   Thumb Code   230  usart.o(.text.HAL_UART_MspInit)
    HAL_UART_Receive_IT                      0x08002a1d   Thumb Code    84  stm32f4xx_hal_uart.o(.text.HAL_UART_Receive_IT)
    HAL_UART_RxCpltCallback                  0x08002a71   Thumb Code    72  main.o(.text.HAL_UART_RxCpltCallback)
    HAL_UART_Transmit                        0x08002acd   Thumb Code   402  stm32f4xx_hal_uart.o(.text.HAL_UART_Transmit)
    HAL_UART_TxCpltCallback                  0x08002c61   Thumb Code     2  stm32f4xx_hal_uart.o(.text.HAL_UART_TxCpltCallback)
    HardFault_Handler                        0x08002c65   Thumb Code     2  stm32f4xx_it.o(.text.HardFault_Handler)
    MX_GPIO_Init                             0x08002c69   Thumb Code   132  gpio.o(.text.MX_GPIO_Init)
    MX_TIM1_Init                             0x08002ced   Thumb Code   334  tim.o(.text.MX_TIM1_Init)
    MX_USART1_UART_Init                      0x08002e3d   Thumb Code    60  usart.o(.text.MX_USART1_UART_Init)
    MX_USART6_UART_Init                      0x08002e79   Thumb Code    60  usart.o(.text.MX_USART6_UART_Init)
    Measure_Init                             0x08002eb5   Thumb Code   136  measure.o(.text.Measure_Init)
    Measure_Process                          0x08002f59   Thumb Code  8716  measure.o(.text.Measure_Process)
    Measure_Trigger                          0x0800517d   Thumb Code    14  measure.o(.text.Measure_Trigger)
    MemManage_Handler                        0x0800518d   Thumb Code     2  stm32f4xx_it.o(.text.MemManage_Handler)
    NMI_Handler                              0x08005191   Thumb Code     2  stm32f4xx_it.o(.text.NMI_Handler)
    PendSV_Handler                           0x08005195   Thumb Code     2  stm32f4xx_it.o(.text.PendSV_Handler)
    SVC_Handler                              0x08005199   Thumb Code     2  stm32f4xx_it.o(.text.SVC_Handler)
    SysTick_Handler                          0x0800519d   Thumb Code     4  stm32f4xx_it.o(.text.SysTick_Handler)
    SystemClock_Config                       0x080051a1   Thumb Code   172  main.o(.text.SystemClock_Config)
    SystemInit                               0x0800524d   Thumb Code    18  system_stm32f4xx.o(.text.SystemInit)
    TIM1_CC_IRQHandler                       0x08005261   Thumb Code    12  stm32f4xx_it.o(.text.TIM1_CC_IRQHandler)
    TIM1_TRG_COM_TIM11_IRQHandler            0x0800526d   Thumb Code    12  stm32f4xx_it.o(.text.TIM1_TRG_COM_TIM11_IRQHandler)
    TIM_Base_SetConfig                       0x08005279   Thumb Code   314  stm32f4xx_hal_tim.o(.text.TIM_Base_SetConfig)
    TJC_BtnSetActive                         0x080053b5   Thumb Code   104  tjc_screen.o(.text.TJC_BtnSetActive)
    TJC_ClearGraph                           0x08005429   Thumb Code   102  tjc_screen.o(.text.TJC_ClearGraph)
    TJC_DrawSpectrum                         0x08005491   Thumb Code   500  tjc_screen.o(.text.TJC_DrawSpectrum)
    TJC_DrawWaveform                         0x080056c5   Thumb Code   372  tjc_screen.o(.text.TJC_DrawWaveform)
    TJC_HandleTouch                          0x0800588d   Thumb Code   240  main_app.o(.text.TJC_HandleTouch)
    TJC_Init                                 0x0800598d   Thumb Code   108  tjc_screen.o(.text.TJC_Init)
    TJC_RxByteCallback                       0x08005a1d   Thumb Code    82  main_app.o(.text.TJC_RxByteCallback)
    TJC_SetStatus                            0x08005a71   Thumb Code   132  tjc_screen.o(.text.TJC_SetStatus)
    TJC_UpdateParams                         0x08005b11   Thumb Code  1120  tjc_screen.o(.text.TJC_UpdateParams)
    USART6_IRQHandler                        0x080061fd   Thumb Code    12  stm32f4xx_it.o(.text.USART6_IRQHandler)
    UsageFault_Handler                       0x08006209   Thumb Code     2  stm32f4xx_it.o(.text.UsageFault_Handler)
    arm_cfft_f32                             0x0800620d   Thumb Code   816  transformfunctions.o(.text.arm_cfft_f32)
    arm_cfft_radix8by2_f32                   0x0800653d   Thumb Code   410  transformfunctions.o(.text.arm_cfft_radix8by2_f32)
    arm_cfft_radix8by4_f32                   0x080066d9   Thumb Code  1256  transformfunctions.o(.text.arm_cfft_radix8by4_f32)
    arm_cmplx_mag_f32                        0x08006bc1   Thumb Code    50  complexmathfunctions.o(.text.arm_cmplx_mag_f32)
    arm_cos_f32                              0x08006bf5   Thumb Code   136  fastmathfunctions.o(.text.arm_cos_f32)
    arm_radix8_butterfly_f32                 0x08006c89   Thumb Code  1380  transformfunctions.o(.text.arm_radix8_butterfly_f32)
    arm_rfft_fast_f32                        0x080071ed   Thumb Code  1648  transformfunctions.o(.text.arm_rfft_fast_f32)
    arm_rfft_fast_init_f32                   0x0800785d   Thumb Code   394  transformfunctions.o(.text.arm_rfft_fast_init_f32)
    fputc                                    0x08007ec9   Thumb Code    32  main.o(.text.fputc)
    main                                     0x08007ee9   Thumb Code   108  main.o(.text.main)
    __0printf                                0x08007fa5   Thumb Code    22  printfa.o(i.__0printf)
    __1printf                                0x08007fa5   Thumb Code     0  printfa.o(i.__0printf)
    __2printf                                0x08007fa5   Thumb Code     0  printfa.o(i.__0printf)
    __c89printf                              0x08007fa5   Thumb Code     0  printfa.o(i.__0printf)
    printf                                   0x08007fa5   Thumb Code     0  printfa.o(i.__0printf)
    __0snprintf                              0x08007fc5   Thumb Code    48  printfa.o(i.__0snprintf)
    __1snprintf                              0x08007fc5   Thumb Code     0  printfa.o(i.__0snprintf)
    __2snprintf                              0x08007fc5   Thumb Code     0  printfa.o(i.__0snprintf)
    __c89snprintf                            0x08007fc5   Thumb Code     0  printfa.o(i.__0snprintf)
    snprintf                                 0x08007fc5   Thumb Code     0  printfa.o(i.__0snprintf)
    __0vsnprintf                             0x08007ff9   Thumb Code    46  printfa.o(i.__0vsnprintf)
    __1vsnprintf                             0x08007ff9   Thumb Code     0  printfa.o(i.__0vsnprintf)
    __2vsnprintf                             0x08007ff9   Thumb Code     0  printfa.o(i.__0vsnprintf)
    __c89vsnprintf                           0x08007ff9   Thumb Code     0  printfa.o(i.__0vsnprintf)
    vsnprintf                                0x08007ff9   Thumb Code     0  printfa.o(i.__0vsnprintf)
    __ARM_fpclassifyf                        0x0800802d   Thumb Code    38  fpclassifyf.o(i.__ARM_fpclassifyf)
    __hardfp_floorf                          0x08008055   Thumb Code    98  floorf.o(i.__hardfp_floorf)
    __hardfp_sinf                            0x080080c5   Thumb Code   344  sinf.o(i.__hardfp_sinf)
    __mathlib_flt_infnan                     0x08008255   Thumb Code     6  funder.o(i.__mathlib_flt_infnan)
    __mathlib_flt_invalid                    0x0800825d   Thumb Code    10  funder.o(i.__mathlib_flt_invalid)
    __mathlib_flt_underflow                  0x0800826d   Thumb Code    10  funder.o(i.__mathlib_flt_underflow)
    __mathlib_rredf2                         0x0800827d   Thumb Code   316  rredf.o(i.__mathlib_rredf2)
    __scatterload_copy                       0x080083d1   Thumb Code    14  handlers.o(i.__scatterload_copy)
    __scatterload_null                       0x080083df   Thumb Code     2  handlers.o(i.__scatterload_null)
    __scatterload_zeroinit                   0x080083e1   Thumb Code    14  handlers.o(i.__scatterload_zeroinit)
    __set_errno                              0x080083f1   Thumb Code     6  errno.o(i.__set_errno)
    free                                     0x08008cc5   Thumb Code    76  malloc.o(i.free)
    malloc                                   0x08008d15   Thumb Code    92  malloc.o(i.malloc)
    puts                                     0x08008d81   Thumb Code    30  puts.o(i.puts)
    AHBPrescTable                            0x08008dca   Data          16  system_stm32f4xx.o(.rodata.AHBPrescTable)
    APBPrescTable                            0x08008dda   Data           8  system_stm32f4xx.o(.rodata.APBPrescTable)
    armBitRevIndexTable1024                  0x08008de6   Data        3600  commontables.o(.rodata.armBitRevIndexTable1024)
    armBitRevIndexTable128                   0x08009bf6   Data         416  commontables.o(.rodata.armBitRevIndexTable128)
    armBitRevIndexTable16                    0x08009d96   Data          40  commontables.o(.rodata.armBitRevIndexTable16)
    armBitRevIndexTable2048                  0x08009dbe   Data        7616  commontables.o(.rodata.armBitRevIndexTable2048)
    armBitRevIndexTable256                   0x0800bb7e   Data         880  commontables.o(.rodata.armBitRevIndexTable256)
    armBitRevIndexTable32                    0x0800beee   Data          96  commontables.o(.rodata.armBitRevIndexTable32)
    armBitRevIndexTable512                   0x0800bf4e   Data         896  commontables.o(.rodata.armBitRevIndexTable512)
    armBitRevIndexTable64                    0x0800c2ce   Data         112  commontables.o(.rodata.armBitRevIndexTable64)
    arm_cfft_sR_f32_len1024                  0x0800c340   Data          16  commontables.o(.rodata.arm_cfft_sR_f32_len1024)
    arm_cfft_sR_f32_len128                   0x0800c350   Data          16  commontables.o(.rodata.arm_cfft_sR_f32_len128)
    arm_cfft_sR_f32_len16                    0x0800c360   Data          16  commontables.o(.rodata.arm_cfft_sR_f32_len16)
    arm_cfft_sR_f32_len2048                  0x0800c370   Data          16  commontables.o(.rodata.arm_cfft_sR_f32_len2048)
    arm_cfft_sR_f32_len256                   0x0800c380   Data          16  commontables.o(.rodata.arm_cfft_sR_f32_len256)
    arm_cfft_sR_f32_len32                    0x0800c390   Data          16  commontables.o(.rodata.arm_cfft_sR_f32_len32)
    arm_cfft_sR_f32_len512                   0x0800c3a0   Data          16  commontables.o(.rodata.arm_cfft_sR_f32_len512)
    arm_cfft_sR_f32_len64                    0x0800c3b0   Data          16  commontables.o(.rodata.arm_cfft_sR_f32_len64)
    sinTable_f32                             0x0800c3c8   Data        2052  commontables.o(.rodata.sinTable_f32)
    twiddleCoef_1024                         0x0800ccfc   Data        8192  commontables.o(.rodata.twiddleCoef_1024)
    twiddleCoef_128                          0x0800ecfc   Data        1024  commontables.o(.rodata.twiddleCoef_128)
    twiddleCoef_16                           0x0800f0fc   Data         128  commontables.o(.rodata.twiddleCoef_16)
    twiddleCoef_2048                         0x0800f17c   Data       16384  commontables.o(.rodata.twiddleCoef_2048)
    twiddleCoef_256                          0x0801317c   Data        2048  commontables.o(.rodata.twiddleCoef_256)
    twiddleCoef_32                           0x0801397c   Data         256  commontables.o(.rodata.twiddleCoef_32)
    twiddleCoef_512                          0x08013a7c   Data        4096  commontables.o(.rodata.twiddleCoef_512)
    twiddleCoef_64                           0x08014a7c   Data         512  commontables.o(.rodata.twiddleCoef_64)
    twiddleCoef_rfft_1024                    0x08014c7c   Data        4096  commontables.o(.rodata.twiddleCoef_rfft_1024)
    twiddleCoef_rfft_128                     0x08015c7c   Data         512  commontables.o(.rodata.twiddleCoef_rfft_128)
    twiddleCoef_rfft_2048                    0x08015e7c   Data        8192  commontables.o(.rodata.twiddleCoef_rfft_2048)
    twiddleCoef_rfft_256                     0x08017e7c   Data        1024  commontables.o(.rodata.twiddleCoef_rfft_256)
    twiddleCoef_rfft_32                      0x0801827c   Data         128  commontables.o(.rodata.twiddleCoef_rfft_32)
    twiddleCoef_rfft_4096                    0x080182fc   Data       16384  commontables.o(.rodata.twiddleCoef_rfft_4096)
    twiddleCoef_rfft_512                     0x0801c2fc   Data        2048  commontables.o(.rodata.twiddleCoef_rfft_512)
    twiddleCoef_rfft_64                      0x0801cafc   Data         256  commontables.o(.rodata.twiddleCoef_rfft_64)
    Region$$Table$$Base                      0x0801cbfc   Number         0  anon$$obj.o(Region$$Table)
    Region$$Table$$Limit                     0x0801cc1c   Number         0  anon$$obj.o(Region$$Table)
    __stdout                                 0x20000000   Data           4  stdout.o(.data)
    __microlib_freelist                      0x20000004   Data           4  mvars.o(.data)
    __microlib_freelist_initialised          0x20000008   Data           4  mvars.o(.data)
    uwTickFreq                               0x20000010   Data           1  stm32f4xx_hal.o(.data..L_MergedGlobals)
    uwTickPrio                               0x20000014   Data           4  stm32f4xx_hal.o(.data..L_MergedGlobals)
    SystemCoreClock                          0x20000018   Data           4  system_stm32f4xx.o(.data.SystemCoreClock)
    ad9220_data_ready                        0x20000020   Data           1  ad9220.o(.bss..L_MergedGlobals)
    ad9220_dma_error                         0x20000021   Data           1  ad9220.o(.bss..L_MergedGlobals)
    g_result                                 0x20000034   Data          12  measure.o(.bss..L_MergedGlobals)
    g_peaks                                  0x20000058   Data          28  measure.o(.bss..L_MergedGlobals)
    g_measure_requested                      0x20000078   Data           1  main_app.o(.bss..L_MergedGlobals)
    ad9220_buffer                            0x2000054c   Data        8192  ad9220.o(.bss.ad9220_buffer)
    htim1                                    0x2000e9ac   Data          72  tim.o(.bss.htim1)
    huart1                                   0x2000e9f4   Data          72  usart.o(.bss.huart1)
    huart6                                   0x2000ea3c   Data          72  usart.o(.bss.huart6)
    uwTick                                   0x20014a88   Data           4  stm32f4xx_hal.o(.bss.uwTick)
    __heap_base                              0x20014a90   Data           0  startup_stm32f407xx.o(HEAP)
    __heap_limit                             0x20014c90   Data           0  startup_stm32f407xx.o(HEAP)
    __initial_sp                             0x20015090   Data           0  startup_stm32f407xx.o(STACK)



==============================================================================

Memory Map of the image

  Image Entry point : 0x08000189

  Load Region LR_IROM1 (Base: 0x08000000, Size: 0x0001cc40, Max: 0x00080000, ABSOLUTE)

    Execution Region ER_IROM1 (Exec base: 0x08000000, Load base: 0x08000000, Size: 0x0001cc1c, Max: 0x00080000, ABSOLUTE)

    Exec Addr    Load Addr    Size         Type   Attr      Idx    E Section Name        Object

    0x08000000   0x08000000   0x00000188   Data   RO            3    RESET               startup_stm32f407xx.o
    0x08000188   0x08000188   0x00000000   Code   RO         3053  * .ARM.Collect$$$$00000000  mc_w.l(entry.o)
    0x08000188   0x08000188   0x00000004   Code   RO         3427    .ARM.Collect$$$$00000001  mc_w.l(entry2.o)
    0x0800018c   0x0800018c   0x00000004   Code   RO         3430    .ARM.Collect$$$$00000004  mc_w.l(entry5.o)
    0x08000190   0x08000190   0x00000000   Code   RO         3432    .ARM.Collect$$$$00000008  mc_w.l(entry7b.o)
    0x08000190   0x08000190   0x00000000   Code   RO         3434    .ARM.Collect$$$$0000000A  mc_w.l(entry8b.o)
    0x08000190   0x08000190   0x00000008   Code   RO         3435    .ARM.Collect$$$$0000000B  mc_w.l(entry9a.o)
    0x08000198   0x08000198   0x00000000   Code   RO         3437    .ARM.Collect$$$$0000000D  mc_w.l(entry10a.o)
    0x08000198   0x08000198   0x00000000   Code   RO         3439    .ARM.Collect$$$$0000000F  mc_w.l(entry11a.o)
    0x08000198   0x08000198   0x00000004   Code   RO         3428    .ARM.Collect$$$$00002712  mc_w.l(entry2.o)
    0x0800019c   0x0800019c   0x00000024   Code   RO            4    .text               startup_stm32f407xx.o
    0x080001c0   0x080001c0   0x00000062   Code   RO         3060    .text               mc_w.l(uldiv.o)
    0x08000222   0x08000222   0x00000024   Code   RO         3066    .text               mc_w.l(memseta.o)
    0x08000246   0x08000246   0x0000000e   Code   RO         3068    .text               mc_w.l(strlen.o)
    0x08000254   0x08000254   0x0000014e   Code   RO         3361    .text               mf_w.l(dadd.o)
    0x080003a2   0x080003a2   0x000000e4   Code   RO         3363    .text               mf_w.l(dmul.o)
    0x08000486   0x08000486   0x000000de   Code   RO         3365    .text               mf_w.l(ddiv.o)
    0x08000564   0x08000564   0x00000026   Code   RO         3383    .text               mf_w.l(f2d.o)
    0x0800058a   0x0800058a   0x0000002c   Code   RO         3451    .text               mc_w.l(uidiv.o)
    0x080005b6   0x080005b6   0x0000001e   Code   RO         3453    .text               mc_w.l(llshl.o)
    0x080005d4   0x080005d4   0x00000020   Code   RO         3455    .text               mc_w.l(llushr.o)
    0x080005f4   0x080005f4   0x00000024   Code   RO         3457    .text               mc_w.l(llsshr.o)
    0x08000618   0x08000618   0x00000000   Code   RO         3468    .text               mc_w.l(iusefp.o)
    0x08000618   0x08000618   0x000000ba   Code   RO         3471    .text               mf_w.l(depilogue.o)
    0x080006d2   0x080006d2   0x00000030   Code   RO         3477    .text               mf_w.l(dfixul.o)
    0x08000702   0x08000702   0x00000002   PAD
    0x08000704   0x08000704   0x00000030   Code   RO         3481    .text               mf_w.l(cdrcmple.o)
    0x08000734   0x08000734   0x00000030   Code   RO         3485    .text               mc_w.l(init.o)
    0x08000764   0x08000764   0x0000000e   Code   RO           19    .text.AD9220_ClearReady  ad9220.o
    0x08000772   0x08000772   0x00000002   PAD
    0x08000774   0x08000774   0x0000000c   Code   RO           17    .text.AD9220_DataReady  ad9220.o
    0x08000780   0x08000780   0x000000d8   Code   RO           21    .text.AD9220_DebugDump  ad9220.o
    0x08000858   0x08000858   0x0000008c   Code   RO           11    .text.AD9220_Init   ad9220.o
    0x080008e4   0x080008e4   0x000000b0   Code   RO           13    .text.AD9220_Start  ad9220.o
    0x08000994   0x08000994   0x0000000c   Code   RO          177    .text.App_GetCycle  main_app.o
    0x080009a0   0x080009a0   0x0000006c   Code   RO          171    .text.App_Init      main_app.o
    0x08000a0c   0x08000a0c   0x00000002   Code   RO          173    .text.App_Loop      main_app.o
    0x08000a0e   0x08000a0e   0x00000002   PAD
    0x08000a10   0x08000a10   0x00000018   Code   RO          165    .text.App_MeasureRequested  main_app.o
    0x08000a28   0x08000a28   0x00000648   Code   RO          179    .text.App_SubmitResult  main_app.o
    0x08001070   0x08001070   0x00000002   Code   RO          132    .text.BusFault_Handler  stm32f4xx_it.o
    0x08001072   0x08001072   0x00000002   PAD
    0x08001074   0x08001074   0x00000086   Code   RO           23    .text.DMA2_Stream5_IRQHandler  ad9220.o
    0x080010fa   0x080010fa   0x00000002   PAD
    0x080010fc   0x080010fc   0x00000002   Code   RO          138    .text.DebugMon_Handler  stm32f4xx_it.o
    0x080010fe   0x080010fe   0x00000002   PAD
    0x08001100   0x08001100   0x00000006   Code   RO           71    .text.Error_Handler  main.o
    0x08001106   0x08001106   0x00000002   PAD
    0x08001108   0x08001108   0x0000008e   Code   RO          703    .text.HAL_DMA_Abort  stm32f4xx_hal_dma.o
    0x08001196   0x08001196   0x00000002   PAD
    0x08001198   0x08001198   0x00000024   Code   RO          705    .text.HAL_DMA_Abort_IT  stm32f4xx_hal_dma.o
    0x080011bc   0x080011bc   0x00000162   Code   RO          695    .text.HAL_DMA_Init  stm32f4xx_hal_dma.o
    0x0800131e   0x0800131e   0x00000002   PAD
    0x08001320   0x08001320   0x00000028   Code   RO          862    .text.HAL_Delay     stm32f4xx_hal.o
    0x08001348   0x08001348   0x0000019e   Code   RO          657    .text.HAL_GPIO_Init  stm32f4xx_hal_gpio.o
    0x080014e6   0x080014e6   0x00000002   PAD
    0x080014e8   0x080014e8   0x0000000c   Code   RO          854    .text.HAL_GetTick   stm32f4xx_hal.o
    0x080014f4   0x080014f4   0x0000001a   Code   RO          852    .text.HAL_IncTick   stm32f4xx_hal.o
    0x0800150e   0x0800150e   0x00000002   PAD
    0x08001510   0x08001510   0x00000036   Code   RO          842    .text.HAL_Init      stm32f4xx_hal.o
    0x08001546   0x08001546   0x00000002   PAD
    0x08001548   0x08001548   0x00000048   Code   RO          844    .text.HAL_InitTick  stm32f4xx_hal.o
    0x08001590   0x08001590   0x00000038   Code   RO          157    .text.HAL_MspInit   stm32f4xx_hal_msp.o
    0x080015c8   0x080015c8   0x00000022   Code   RO          794    .text.HAL_NVIC_EnableIRQ  stm32f4xx_hal_cortex.o
    0x080015ea   0x080015ea   0x00000002   PAD
    0x080015ec   0x080015ec   0x00000056   Code   RO          792    .text.HAL_NVIC_SetPriority  stm32f4xx_hal_cortex.o
    0x08001642   0x08001642   0x00000002   PAD
    0x08001644   0x08001644   0x00000020   Code   RO          790    .text.HAL_NVIC_SetPriorityGrouping  stm32f4xx_hal_cortex.o
    0x08001664   0x08001664   0x00000164   Code   RO          551    .text.HAL_RCC_ClockConfig  stm32f4xx_hal_rcc.o
    0x080017c8   0x080017c8   0x00000026   Code   RO          563    .text.HAL_RCC_GetPCLK1Freq  stm32f4xx_hal_rcc.o
    0x080017ee   0x080017ee   0x00000002   PAD
    0x080017f0   0x080017f0   0x00000026   Code   RO          565    .text.HAL_RCC_GetPCLK2Freq  stm32f4xx_hal_rcc.o
    0x08001816   0x08001816   0x00000002   PAD
    0x08001818   0x08001818   0x0000006a   Code   RO          553    .text.HAL_RCC_GetSysClockFreq  stm32f4xx_hal_rcc.o
    0x08001882   0x08001882   0x00000002   PAD
    0x08001884   0x08001884   0x000003ac   Code   RO          549    .text.HAL_RCC_OscConfig  stm32f4xx_hal_rcc.o
    0x08001c30   0x08001c30   0x0000002c   Code   RO          802    .text.HAL_SYSTICK_Config  stm32f4xx_hal_cortex.o
    0x08001c5c   0x08001c5c   0x00000002   Code   RO          533    .text.HAL_TIMEx_BreakCallback  stm32f4xx_hal_tim_ex.o
    0x08001c5e   0x08001c5e   0x00000002   PAD
    0x08001c60   0x08001c60   0x00000002   Code   RO          529    .text.HAL_TIMEx_CommutCallback  stm32f4xx_hal_tim_ex.o
    0x08001c62   0x08001c62   0x00000002   PAD
    0x08001c64   0x08001c64   0x0000004c   Code   RO          525    .text.HAL_TIMEx_ConfigBreakDeadTime  stm32f4xx_hal_tim_ex.o
    0x08001cb0   0x08001cb0   0x000000ba   Code   RO          523    .text.HAL_TIMEx_MasterConfigSynchronization  stm32f4xx_hal_tim_ex.o
    0x08001d6a   0x08001d6a   0x00000002   PAD
    0x08001d6c   0x08001d6c   0x0000005a   Code   RO          228    .text.HAL_TIM_Base_Init  stm32f4xx_hal_tim.o
    0x08001dc6   0x08001dc6   0x00000002   PAD
    0x08001dc8   0x08001dc8   0x00000056   Code   RO           95    .text.HAL_TIM_Base_MspInit  tim.o
    0x08001e1e   0x08001e1e   0x00000002   PAD
    0x08001e20   0x08001e20   0x000001a0   Code   RO          408    .text.HAL_TIM_ConfigClockSource  stm32f4xx_hal_tim.o
    0x08001fc0   0x08001fc0   0x00000002   Code   RO          364    .text.HAL_TIM_IC_CaptureCallback  stm32f4xx_hal_tim.o
    0x08001fc2   0x08001fc2   0x00000002   PAD
    0x08001fc4   0x08001fc4   0x0000014e   Code   RO          362    .text.HAL_TIM_IRQHandler  stm32f4xx_hal_tim.o
    0x08002112   0x08002112   0x00000002   PAD
    0x08002114   0x08002114   0x000001b4   Code   RO          374    .text.HAL_TIM_OC_ConfigChannel  stm32f4xx_hal_tim.o
    0x080022c8   0x080022c8   0x00000002   Code   RO          366    .text.HAL_TIM_OC_DelayElapsedCallback  stm32f4xx_hal_tim.o
    0x080022ca   0x080022ca   0x00000002   PAD
    0x080022cc   0x080022cc   0x0000005a   Code   RO          256    .text.HAL_TIM_OC_Init  stm32f4xx_hal_tim.o
    0x08002326   0x08002326   0x00000002   PAD
    0x08002328   0x08002328   0x00000002   Code   RO          258    .text.HAL_TIM_OC_MspInit  stm32f4xx_hal_tim.o
    0x0800232a   0x0800232a   0x00000002   PAD
    0x0800232c   0x0800232c   0x00000002   Code   RO          368    .text.HAL_TIM_PWM_PulseFinishedCallback  stm32f4xx_hal_tim.o
    0x0800232e   0x0800232e   0x00000002   PAD
    0x08002330   0x08002330   0x00000002   Code   RO          370    .text.HAL_TIM_PeriodElapsedCallback  stm32f4xx_hal_tim.o
    0x08002332   0x08002332   0x00000002   PAD
    0x08002334   0x08002334   0x00000002   Code   RO          372    .text.HAL_TIM_TriggerCallback  stm32f4xx_hal_tim.o
    0x08002336   0x08002336   0x00000002   PAD
    0x08002338   0x08002338   0x00000002   Code   RO         1018    .text.HAL_UARTEx_RxEventCallback  stm32f4xx_hal_uart.o
    0x0800233a   0x0800233a   0x00000002   PAD
    0x0800233c   0x0800233c   0x00000002   Code   RO         1016    .text.HAL_UART_ErrorCallback  stm32f4xx_hal_uart.o
    0x0800233e   0x0800233e   0x00000002   PAD
    0x08002340   0x08002340   0x00000594   Code   RO         1010    .text.HAL_UART_IRQHandler  stm32f4xx_hal_uart.o
    0x080028d4   0x080028d4   0x00000060   Code   RO          932    .text.HAL_UART_Init  stm32f4xx_hal_uart.o
    0x08002934   0x08002934   0x000000e6   Code   RO          112    .text.HAL_UART_MspInit  usart.o
    0x08002a1a   0x08002a1a   0x00000002   PAD
    0x08002a1c   0x08002a1c   0x00000054   Code   RO          954    .text.HAL_UART_Receive_IT  stm32f4xx_hal_uart.o
    0x08002a70   0x08002a70   0x0000005c   Code   RO           65    .text.HAL_UART_RxCpltCallback  main.o
    0x08002acc   0x08002acc   0x00000192   Code   RO          948    .text.HAL_UART_Transmit  stm32f4xx_hal_uart.o
    0x08002c5e   0x08002c5e   0x00000002   PAD
    0x08002c60   0x08002c60   0x00000002   Code   RO         1020    .text.HAL_UART_TxCpltCallback  stm32f4xx_hal_uart.o
    0x08002c62   0x08002c62   0x00000002   PAD
    0x08002c64   0x08002c64   0x00000002   Code   RO          128    .text.HardFault_Handler  stm32f4xx_it.o
    0x08002c66   0x08002c66   0x00000002   PAD
    0x08002c68   0x08002c68   0x00000084   Code   RO           83    .text.MX_GPIO_Init  gpio.o
    0x08002cec   0x08002cec   0x0000014e   Code   RO           91    .text.MX_TIM1_Init  tim.o
    0x08002e3a   0x08002e3a   0x00000002   PAD
    0x08002e3c   0x08002e3c   0x0000003c   Code   RO          108    .text.MX_USART1_UART_Init  usart.o
    0x08002e78   0x08002e78   0x0000003c   Code   RO          110    .text.MX_USART6_UART_Init  usart.o
    0x08002eb4   0x08002eb4   0x000000a4   Code   RO           36    .text.Measure_Init  measure.o
    0x08002f58   0x08002f58   0x00002224   Code   RO           40    .text.Measure_Process  measure.o
    0x0800517c   0x0800517c   0x0000000e   Code   RO           38    .text.Measure_Trigger  measure.o
    0x0800518a   0x0800518a   0x00000002   PAD
    0x0800518c   0x0800518c   0x00000002   Code   RO          130    .text.MemManage_Handler  stm32f4xx_it.o
    0x0800518e   0x0800518e   0x00000002   PAD
    0x08005190   0x08005190   0x00000002   Code   RO          126    .text.NMI_Handler   stm32f4xx_it.o
    0x08005192   0x08005192   0x00000002   PAD
    0x08005194   0x08005194   0x00000002   Code   RO          140    .text.PendSV_Handler  stm32f4xx_it.o
    0x08005196   0x08005196   0x00000002   PAD
    0x08005198   0x08005198   0x00000002   Code   RO          136    .text.SVC_Handler   stm32f4xx_it.o
    0x0800519a   0x0800519a   0x00000002   PAD
    0x0800519c   0x0800519c   0x00000004   Code   RO          142    .text.SysTick_Handler  stm32f4xx_it.o
    0x080051a0   0x080051a0   0x000000ac   Code   RO           69    .text.SystemClock_Config  main.o
    0x0800524c   0x0800524c   0x00000012   Code   RO         1054    .text.SystemInit    system_stm32f4xx.o
    0x0800525e   0x0800525e   0x00000002   PAD
    0x08005260   0x08005260   0x0000000c   Code   RO          146    .text.TIM1_CC_IRQHandler  stm32f4xx_it.o
    0x0800526c   0x0800526c   0x0000000c   Code   RO          144    .text.TIM1_TRG_COM_TIM11_IRQHandler  stm32f4xx_it.o
    0x08005278   0x08005278   0x0000013a   Code   RO          232    .text.TIM_Base_SetConfig  stm32f4xx_hal_tim.o
    0x080053b2   0x080053b2   0x00000002   PAD
    0x080053b4   0x080053b4   0x00000074   Code   RO          209    .text.TJC_BtnSetActive  tjc_screen.o
    0x08005428   0x08005428   0x00000066   Code   RO          199    .text.TJC_ClearGraph  tjc_screen.o
    0x0800548e   0x0800548e   0x00000002   PAD
    0x08005490   0x08005490   0x00000234   Code   RO          205    .text.TJC_DrawSpectrum  tjc_screen.o
    0x080056c4   0x080056c4   0x000001c8   Code   RO          203    .text.TJC_DrawWaveform  tjc_screen.o
    0x0800588c   0x0800588c   0x00000100   Code   RO          169    .text.TJC_HandleTouch  main_app.o
    0x0800598c   0x0800598c   0x00000090   Code   RO          193    .text.TJC_Init      tjc_screen.o
    0x08005a1c   0x08005a1c   0x00000052   Code   RO          167    .text.TJC_RxByteCallback  main_app.o
    0x08005a6e   0x08005a6e   0x00000002   PAD
    0x08005a70   0x08005a70   0x000000a0   Code   RO          197    .text.TJC_SetStatus  tjc_screen.o
    0x08005b10   0x08005b10   0x000004f8   Code   RO          201    .text.TJC_UpdateParams  tjc_screen.o
    0x08006008   0x08006008   0x0000000a   Code   RO         1014    .text.UART_DMAAbortOnError  stm32f4xx_hal_uart.o
    0x08006012   0x08006012   0x00000002   PAD
    0x08006014   0x08006014   0x000000fe   Code   RO         1012    .text.UART_Receive_IT  stm32f4xx_hal_uart.o
    0x08006112   0x08006112   0x00000002   PAD
    0x08006114   0x08006114   0x000000e6   Code   RO          936    .text.UART_SetConfig  stm32f4xx_hal_uart.o
    0x080061fa   0x080061fa   0x00000002   PAD
    0x080061fc   0x080061fc   0x0000000c   Code   RO          148    .text.USART6_IRQHandler  stm32f4xx_it.o
    0x08006208   0x08006208   0x00000002   Code   RO          134    .text.UsageFault_Handler  stm32f4xx_it.o
    0x0800620a   0x0800620a   0x00000002   PAD
    0x0800620c   0x0800620c   0x00000330   Code   RO         2563    .text.arm_cfft_f32  transformfunctions.o
    0x0800653c   0x0800653c   0x0000019a   Code   RO         2557    .text.arm_cfft_radix8by2_f32  transformfunctions.o
    0x080066d6   0x080066d6   0x00000002   PAD
    0x080066d8   0x080066d8   0x000004e8   Code   RO         2561    .text.arm_cfft_radix8by4_f32  transformfunctions.o
    0x08006bc0   0x08006bc0   0x00000032   Code   RO         1474    .text.arm_cmplx_mag_f32  complexmathfunctions.o
    0x08006bf2   0x08006bf2   0x00000002   PAD
    0x08006bf4   0x08006bf4   0x00000094   Code   RO         1650    .text.arm_cos_f32   fastmathfunctions.o
    0x08006c88   0x08006c88   0x00000564   Code   RO         2559    .text.arm_radix8_butterfly_f32  transformfunctions.o
    0x080071ec   0x080071ec   0x00000670   Code   RO         2703    .text.arm_rfft_fast_f32  transformfunctions.o
    0x0800785c   0x0800785c   0x0000018a   Code   RO         2727    .text.arm_rfft_fast_init_f32  transformfunctions.o
    0x080079e6   0x080079e6   0x00000002   PAD
    0x080079e8   0x080079e8   0x000004e0   Code   RO           42    .text.find_dominant_freq  measure.o
    0x08007ec8   0x08007ec8   0x00000020   Code   RO           61    .text.fputc         main.o
    0x08007ee8   0x08007ee8   0x000000bc   Code   RO           67    .text.main          main.o
    0x08007fa4   0x08007fa4   0x00000020   Code   RO         3305    i.__0printf         mc_w.l(printfa.o)
    0x08007fc4   0x08007fc4   0x00000034   Code   RO         3306    i.__0snprintf       mc_w.l(printfa.o)
    0x08007ff8   0x08007ff8   0x00000034   Code   RO         3310    i.__0vsnprintf      mc_w.l(printfa.o)
    0x0800802c   0x0800802c   0x00000026   Code   RO         3405    i.__ARM_fpclassifyf  m_wm.l(fpclassifyf.o)
    0x08008052   0x08008052   0x00000002   PAD
    0x08008054   0x08008054   0x00000070   Code   RO         3008    i.__hardfp_floorf   m_wm.l(floorf.o)
    0x080080c4   0x080080c4   0x00000190   Code   RO         3035    i.__hardfp_sinf     m_wm.l(sinf.o)
    0x08008254   0x08008254   0x00000006   Code   RO         3408    i.__mathlib_flt_infnan  m_wm.l(funder.o)
    0x0800825a   0x0800825a   0x00000002   PAD
    0x0800825c   0x0800825c   0x00000010   Code   RO         3410    i.__mathlib_flt_invalid  m_wm.l(funder.o)
    0x0800826c   0x0800826c   0x00000010   Code   RO         3413    i.__mathlib_flt_underflow  m_wm.l(funder.o)
    0x0800827c   0x0800827c   0x00000154   Code   RO         3424    i.__mathlib_rredf2  m_wm.l(rredf.o)
    0x080083d0   0x080083d0   0x0000000e   Code   RO         3489    i.__scatterload_copy  mc_w.l(handlers.o)
    0x080083de   0x080083de   0x00000002   Code   RO         3490    i.__scatterload_null  mc_w.l(handlers.o)
    0x080083e0   0x080083e0   0x0000000e   Code   RO         3491    i.__scatterload_zeroinit  mc_w.l(handlers.o)
    0x080083ee   0x080083ee   0x00000002   PAD
    0x080083f0   0x080083f0   0x0000000c   Code   RO         3463    i.__set_errno       mc_w.l(errno.o)
    0x080083fc   0x080083fc   0x00000184   Code   RO         3312    i._fp_digits        mc_w.l(printfa.o)
    0x08008580   0x08008580   0x000006dc   Code   RO         3313    i._printf_core      mc_w.l(printfa.o)
    0x08008c5c   0x08008c5c   0x00000024   Code   RO         3314    i._printf_post_padding  mc_w.l(printfa.o)
    0x08008c80   0x08008c80   0x0000002e   Code   RO         3315    i._printf_pre_padding  mc_w.l(printfa.o)
    0x08008cae   0x08008cae   0x00000016   Code   RO         3316    i._snputc           mc_w.l(printfa.o)
    0x08008cc4   0x08008cc4   0x00000050   Code   RO         3333    i.free              mc_w.l(malloc.o)
    0x08008d14   0x08008d14   0x0000006c   Code   RO         3334    i.malloc            mc_w.l(malloc.o)
    0x08008d80   0x08008d80   0x00000024   Code   RO         3056    i.puts              mc_w.l(puts.o)
    0x08008da4   0x08008da4   0x00000020   Data   RO         3425    .constdata          m_wm.l(rredf.o)
    0x08008dc4   0x08008dc4   0x00000006   Data   RO          218    .rodata..L__const.TJC_DrawSpectrum.colors  tjc_screen.o
    0x08008dca   0x08008dca   0x00000010   Data   RO         1059    .rodata.AHBPrescTable  system_stm32f4xx.o
    0x08008dda   0x08008dda   0x00000008   Data   RO         1060    .rodata.APBPrescTable  system_stm32f4xx.o
    0x08008de2   0x08008de2   0x00000003   Data   RO          219    .rodata.TJC_END     tjc_screen.o
    0x08008de5   0x08008de5   0x00000001   PAD
    0x08008de6   0x08008de6   0x00000e10   Data   RO         1291    .rodata.armBitRevIndexTable1024  commontables.o
    0x08009bf6   0x08009bf6   0x000001a0   Data   RO         1288    .rodata.armBitRevIndexTable128  commontables.o
    0x08009d96   0x08009d96   0x00000028   Data   RO         1285    .rodata.armBitRevIndexTable16  commontables.o
    0x08009dbe   0x08009dbe   0x00001dc0   Data   RO         1292    .rodata.armBitRevIndexTable2048  commontables.o
    0x0800bb7e   0x0800bb7e   0x00000370   Data   RO         1289    .rodata.armBitRevIndexTable256  commontables.o
    0x0800beee   0x0800beee   0x00000060   Data   RO         1286    .rodata.armBitRevIndexTable32  commontables.o
    0x0800bf4e   0x0800bf4e   0x00000380   Data   RO         1290    .rodata.armBitRevIndexTable512  commontables.o
    0x0800c2ce   0x0800c2ce   0x00000070   Data   RO         1287    .rodata.armBitRevIndexTable64  commontables.o
    0x0800c33e   0x0800c33e   0x00000002   PAD
    0x0800c340   0x0800c340   0x00000010   Data   RO         1371    .rodata.arm_cfft_sR_f32_len1024  commontables.o
    0x0800c350   0x0800c350   0x00000010   Data   RO         1368    .rodata.arm_cfft_sR_f32_len128  commontables.o
    0x0800c360   0x0800c360   0x00000010   Data   RO         1365    .rodata.arm_cfft_sR_f32_len16  commontables.o
    0x0800c370   0x0800c370   0x00000010   Data   RO         1372    .rodata.arm_cfft_sR_f32_len2048  commontables.o
    0x0800c380   0x0800c380   0x00000010   Data   RO         1369    .rodata.arm_cfft_sR_f32_len256  commontables.o
    0x0800c390   0x0800c390   0x00000010   Data   RO         1366    .rodata.arm_cfft_sR_f32_len32  commontables.o
    0x0800c3a0   0x0800c3a0   0x00000010   Data   RO         1370    .rodata.arm_cfft_sR_f32_len512  commontables.o
    0x0800c3b0   0x0800c3b0   0x00000010   Data   RO         1367    .rodata.arm_cfft_sR_f32_len64  commontables.o
    0x0800c3c0   0x0800c3c0   0x00000008   Data   RO          719    .rodata.cst8        stm32f4xx_hal_dma.o
    0x0800c3c8   0x0800c3c8   0x00000804   Data   RO         1351    .rodata.sinTable_f32  commontables.o
    0x0800cbcc   0x0800cbcc   0x00000059   Data   RO           46    .rodata.str1.1      measure.o
    0x0800cc25   0x0800cc25   0x0000001c   Data   RO          183    .rodata.str1.1      main_app.o
    0x0800cc41   0x0800cc41   0x000000bb   Data   RO          217    .rodata.str1.1      tjc_screen.o
    0x0800ccfc   0x0800ccfc   0x00002000   Data   RO         1255    .rodata.twiddleCoef_1024  commontables.o
    0x0800ecfc   0x0800ecfc   0x00000400   Data   RO         1252    .rodata.twiddleCoef_128  commontables.o
    0x0800f0fc   0x0800f0fc   0x00000080   Data   RO         1249    .rodata.twiddleCoef_16  commontables.o
    0x0800f17c   0x0800f17c   0x00004000   Data   RO         1256    .rodata.twiddleCoef_2048  commontables.o
    0x0801317c   0x0801317c   0x00000800   Data   RO         1253    .rodata.twiddleCoef_256  commontables.o
    0x0801397c   0x0801397c   0x00000100   Data   RO         1250    .rodata.twiddleCoef_32  commontables.o
    0x08013a7c   0x08013a7c   0x00001000   Data   RO         1254    .rodata.twiddleCoef_512  commontables.o
    0x08014a7c   0x08014a7c   0x00000200   Data   RO         1251    .rodata.twiddleCoef_64  commontables.o
    0x08014c7c   0x08014c7c   0x00001000   Data   RO         1316    .rodata.twiddleCoef_rfft_1024  commontables.o
    0x08015c7c   0x08015c7c   0x00000200   Data   RO         1313    .rodata.twiddleCoef_rfft_128  commontables.o
    0x08015e7c   0x08015e7c   0x00002000   Data   RO         1317    .rodata.twiddleCoef_rfft_2048  commontables.o
    0x08017e7c   0x08017e7c   0x00000400   Data   RO         1314    .rodata.twiddleCoef_rfft_256  commontables.o
    0x0801827c   0x0801827c   0x00000080   Data   RO         1311    .rodata.twiddleCoef_rfft_32  commontables.o
    0x080182fc   0x080182fc   0x00004000   Data   RO         1318    .rodata.twiddleCoef_rfft_4096  commontables.o
    0x0801c2fc   0x0801c2fc   0x00000800   Data   RO         1315    .rodata.twiddleCoef_rfft_512  commontables.o
    0x0801cafc   0x0801cafc   0x00000100   Data   RO         1312    .rodata.twiddleCoef_rfft_64  commontables.o
    0x0801cbfc   0x0801cbfc   0x00000020   Data   RO         3488    Region$$Table       anon$$obj.o


    Execution Region RW_IRAM1 (Exec base: 0x20000000, Load base: 0x0801cc20, Size: 0x00015090, Max: 0x0001c000, ABSOLUTE)

    Exec Addr    Load Addr    Size         Type   Attr      Idx    E Section Name        Object

    0x20000000   0x0801cc20   0x00000004   Data   RW         3441    .data               mc_w.l(stdout.o)
    0x20000004   0x0801cc24   0x00000004   Data   RW         3459    .data               mc_w.l(mvars.o)
    0x20000008   0x0801cc28   0x00000004   Data   RW         3460    .data               mc_w.l(mvars.o)
    0x2000000c   0x0801cc2c   0x00000004   Data   RW         3464    .data               mc_w.l(errno.o)
    0x20000010   0x0801cc30   0x00000008   Data   RW          897    .data..L_MergedGlobals  stm32f4xx_hal.o
    0x20000018   0x0801cc38   0x00000004   Data   RW         1058    .data.SystemCoreClock  system_stm32f4xx.o
    0x2000001c   0x0801cc3c   0x00000004   PAD
    0x20000020        -       0x00000002   Zero   RW           27    .bss..L_MergedGlobals  ad9220.o
    0x20000022   0x0801cc3c   0x00000002   PAD
    0x20000024        -       0x00000050   Zero   RW           52    .bss..L_MergedGlobals  measure.o
    0x20000074        -       0x00000004   Zero   RW           74    .bss..L_MergedGlobals  main.o
    0x20000078        -       0x00000024   Zero   RW          184    .bss..L_MergedGlobals  main_app.o
    0x2000009c        -       0x000004b0   Zero   RW           45    .bss.Measure_Process.scr_buf  measure.o
    0x2000054c        -       0x00002000   Zero   RW           26    .bss.ad9220_buffer  ad9220.o
    0x2000254c        -       0x00000300   Zero   RW           51    .bss.analyze_peaks.cand  measure.o
    0x2000284c        -       0x00000100   Zero   RW          216    .bss.cmd_buf        tjc_screen.o
    0x2000294c        -       0x00004000   Zero   RW           49    .bss.fft_in         measure.o
    0x2000694c        -       0x00004000   Zero   RW           50    .bss.fft_out        measure.o
    0x2000a94c        -       0x00004000   Zero   RW           48    .bss.hanning_window  measure.o
    0x2000e94c        -       0x00000060   Zero   RW           25    .bss.hdma_tim1_up   ad9220.o
    0x2000e9ac        -       0x00000048   Zero   RW           99    .bss.htim1          tim.o
    0x2000e9f4        -       0x00000048   Zero   RW          116    .bss.huart1         usart.o
    0x2000ea3c        -       0x00000048   Zero   RW          117    .bss.huart6         usart.o
    0x2000ea84        -       0x00004000   Zero   RW           44    .bss.ma_buf         measure.o
    0x20012a84        -       0x00002000   Zero   RW           47    .bss.magnitude      measure.o
    0x20014a84        -       0x00000004   Zero   RW          215    .bss.tjc_uart       tjc_screen.o
    0x20014a88        -       0x00000004   Zero   RW          896    .bss.uwTick         stm32f4xx_hal.o
    0x20014a8c   0x0801cc3c   0x00000004   PAD
    0x20014a90        -       0x00000200   Zero   RW            2    HEAP                startup_stm32f407xx.o
    0x20014c90        -       0x00000400   Zero   RW            1    STACK               startup_stm32f407xx.o


    Execution Region RW_IRAM2 (Exec base: 0x2001c000, Load base: 0x0801cc40, Size: 0x00000000, Max: 0x00004000, ABSOLUTE)

    **** No section assigned to this execution region ****


==============================================================================

Image component sizes


      Code (inc. data)   RO Data    RW Data    ZI Data      Debug   Object Name

       692        148          0          0       8290       7111   ad9220.o
         0          0      81116          0          0      10715   commontables.o
        50          0          0          0          0      26631   complexmathfunctions.o
       148         12          0          0          0      31944   fastmathfunctions.o
       132          0          0          0          0       2013   gpio.o
       490        100          0          0          4       6462   main.o
      2092        170         28          0         36       8743   main_app.o
     10166        276         89          0      75776      26616   measure.o
        36          8        392          0       1536        828   startup_stm32f407xx.o
       204          0          0          8          4       7316   stm32f4xx_hal.o
       196          0          0          0          0      10733   stm32f4xx_hal_cortex.o
       532          6          8          0          0      10545   stm32f4xx_hal_dma.o
       414          0          0          0          0       5363   stm32f4xx_hal_gpio.o
        56          0          0          0          0       1471   stm32f4xx_hal_msp.o
      1478          0          0          0          0       7423   stm32f4xx_hal_rcc.o
      1692          4          0          0          0      57441   stm32f4xx_hal_tim.o
       266          0          0          0          0      21498   stm32f4xx_hal_tim_ex.o
      2510          0          0          0          0      32256   stm32f4xx_hal_uart.o
        56          0          0          0          0       5859   stm32f4xx_it.o
        18          0         24          4          0       2600   system_stm32f4xx.o
       420          0          0          0         72       9288   tim.o
      2814        380        196          0        260      12794   tjc_screen.o
      5904          4          0          0          0     229502   transformfunctions.o
       350          0          0          0        144       7294   usart.o

    ----------------------------------------------------------------------
     30820       1108      81888         12      86132     542446   Object Totals
         0          0         32          0          0          0   (incl. Generated)
       104          0          3          0         10          0   (incl. Padding)

    ----------------------------------------------------------------------

      Code (inc. data)   RO Data    RW Data    ZI Data      Debug   Library Member Name

       112         14          0          0          0        116   floorf.o
        38          0          0          0          0        116   fpclassifyf.o
        38         12          0          0          0        348   funder.o
       340         24         32          0          0        160   rredf.o
       400         56          0          0          0        212   sinf.o
         0          0          0          0          0          0   entry.o
         0          0          0          0          0          0   entry10a.o
         0          0          0          0          0          0   entry11a.o
         8          4          0          0          0          0   entry2.o
         4          0          0          0          0          0   entry5.o
         0          0          0          0          0          0   entry7b.o
         0          0          0          0          0          0   entry8b.o
         8          4          0          0          0          0   entry9a.o
        12          6          0          4          0         68   errno.o
        30          0          0          0          0          0   handlers.o
        48         10          0          0          0         68   init.o
         0          0          0          0          0          0   iusefp.o
        30          0          0          0          0         68   llshl.o
        36          0          0          0          0         68   llsshr.o
        32          0          0          0          0         68   llushr.o
       188         20          0          0          0        160   malloc.o
        36          0          0          0          0        108   memseta.o
         0          0          0          8          0          0   mvars.o
      2384        100          0          0          0        688   printfa.o
        36          6          0          0          0         80   puts.o
         0          0          0          4          0          0   stdout.o
        14          0          0          0          0         68   strlen.o
        44          0          0          0          0         80   uidiv.o
        98          0          0          0          0         92   uldiv.o
        48          0          0          0          0         68   cdrcmple.o
       334          0          0          0          0        148   dadd.o
       222          0          0          0          0        100   ddiv.o
       186          0          0          0          0        176   depilogue.o
        48          0          0          0          0         68   dfixul.o
       228          0          0          0          0         96   dmul.o
        38          0          0          0          0         68   f2d.o

    ----------------------------------------------------------------------
      5048        256         32         16          0       3292   Library Totals
         8          0          0          0          0          0   (incl. Padding)

    ----------------------------------------------------------------------

      Code (inc. data)   RO Data    RW Data    ZI Data      Debug   Library Name

       928        106         32          0          0        952   m_wm.l
      3008        150          0         16          0       1616   mc_w.l
      1104          0          0          0          0        724   mf_w.l

    ----------------------------------------------------------------------
      5048        256         32         16          0       3292   Library Totals

    ----------------------------------------------------------------------

==============================================================================


      Code (inc. data)   RO Data    RW Data    ZI Data      Debug   

     35868       1364      81920         28      86132     543726   Grand Totals
     35868       1364      81920         28      86132     543726   ELF Image Totals
     35868       1364      81920         28          0          0   ROM Totals

==============================================================================

    Total RO  Size (Code + RO Data)               117788 ( 115.03kB)
    Total RW  Size (RW Data + ZI Data)             86160 (  84.14kB)
    Total ROM Size (Code + RO Data + RW Data)     117816 ( 115.05kB)

==============================================================================

