Component: Arm Compiler for Embedded 6.22 Tool: armlink [5ee90200]

==============================================================================

Section Cross References

    startup_stm32f407xx.o(RESET) refers to startup_stm32f407xx.o(STACK) for __initial_sp
    startup_stm32f407xx.o(RESET) refers to startup_stm32f407xx.o(.text) for Reset_Handler
    startup_stm32f407xx.o(RESET) refers to stm32f4xx_it.o(.text.NMI_Handler) for NMI_Handler
    startup_stm32f407xx.o(RESET) refers to stm32f4xx_it.o(.text.HardFault_Handler) for HardFault_Handler
    startup_stm32f407xx.o(RESET) refers to stm32f4xx_it.o(.text.MemManage_Handler) for MemManage_Handler
    startup_stm32f407xx.o(RESET) refers to stm32f4xx_it.o(.text.BusFault_Handler) for BusFault_Handler
    startup_stm32f407xx.o(RESET) refers to stm32f4xx_it.o(.text.UsageFault_Handler) for UsageFault_Handler
    startup_stm32f407xx.o(RESET) refers to stm32f4xx_it.o(.text.SVC_Handler) for SVC_Handler
    startup_stm32f407xx.o(RESET) refers to stm32f4xx_it.o(.text.DebugMon_Handler) for DebugMon_Handler
    startup_stm32f407xx.o(RESET) refers to stm32f4xx_it.o(.text.PendSV_Handler) for PendSV_Handler
    startup_stm32f407xx.o(RESET) refers to stm32f4xx_it.o(.text.SysTick_Handler) for SysTick_Handler
    startup_stm32f407xx.o(RESET) refers to stm32f4xx_it.o(.text.EXTI0_IRQHandler) for EXTI0_IRQHandler
    startup_stm32f407xx.o(RESET) refers to stm32f4xx_it.o(.text.EXTI2_IRQHandler) for EXTI2_IRQHandler
    startup_stm32f407xx.o(RESET) refers to stm32f4xx_it.o(.text.DMA2_Stream0_IRQHandler) for DMA2_Stream0_IRQHandler
    startup_stm32f407xx.o(RESET) refers to stm32f4xx_it.o(.text.DMA2_Stream2_IRQHandler) for DMA2_Stream2_IRQHandler
    startup_stm32f407xx.o(.text) refers to system_stm32f4xx.o(.text.SystemInit) for SystemInit
    startup_stm32f407xx.o(.text) refers to entry.o(.ARM.Collect$$$$00000000) for __main
    lcd.o(.text.LCD_Init) refers to stm32f4xx_hal_gpio.o(.text.HAL_GPIO_Init) for HAL_GPIO_Init
    lcd.o(.text.LCD_Init) refers to stm32f4xx_hal_gpio.o(.text.HAL_GPIO_WritePin) for HAL_GPIO_WritePin
    lcd.o(.text.LCD_Init) refers to stm32f4xx_hal.o(.text.HAL_Delay) for HAL_Delay
    lcd.o(.text.LCD_Init) refers to spi.o(.bss.hspi1) for hspi1
    lcd.o(.text.LCD_Init) refers to stm32f4xx_hal_spi.o(.text.HAL_SPI_Transmit) for HAL_SPI_Transmit
    lcd.o(.text.LCD_Init) refers to lcd.o(.text.LCD_Clear) for LCD_Clear
    lcd.o(.ARM.exidx.text.LCD_Init) refers to lcd.o(.text.LCD_Init) for [Anonymous Symbol]
    lcd.o(.text.LCD_SetDirection) refers to stm32f4xx_hal_gpio.o(.text.HAL_GPIO_WritePin) for HAL_GPIO_WritePin
    lcd.o(.text.LCD_SetDirection) refers to spi.o(.bss.hspi1) for hspi1
    lcd.o(.text.LCD_SetDirection) refers to stm32f4xx_hal_spi.o(.text.HAL_SPI_Transmit) for HAL_SPI_Transmit
    lcd.o(.ARM.exidx.text.LCD_SetDirection) refers to lcd.o(.text.LCD_SetDirection) for [Anonymous Symbol]
    lcd.o(.text.LCD_Clear) refers to lcd.o(.text.LCD_SetWindow) for LCD_SetWindow
    lcd.o(.text.LCD_Clear) refers to stm32f4xx_hal_gpio.o(.text.HAL_GPIO_WritePin) for HAL_GPIO_WritePin
    lcd.o(.text.LCD_Clear) refers to spi.o(.bss.hspi1) for hspi1
    lcd.o(.text.LCD_Clear) refers to stm32f4xx_hal_spi.o(.text.HAL_SPI_Transmit) for HAL_SPI_Transmit
    lcd.o(.ARM.exidx.text.LCD_Clear) refers to lcd.o(.text.LCD_Clear) for [Anonymous Symbol]
    lcd.o(.text.LCD_SetWindow) refers to stm32f4xx_hal_gpio.o(.text.HAL_GPIO_WritePin) for HAL_GPIO_WritePin
    lcd.o(.text.LCD_SetWindow) refers to spi.o(.bss.hspi1) for hspi1
    lcd.o(.text.LCD_SetWindow) refers to stm32f4xx_hal_spi.o(.text.HAL_SPI_Transmit) for HAL_SPI_Transmit
    lcd.o(.ARM.exidx.text.LCD_SetWindow) refers to lcd.o(.text.LCD_SetWindow) for [Anonymous Symbol]
    lcd.o(.text.LCD_DrawPoint) refers to lcd.o(.text.LCD_SetWindow) for LCD_SetWindow
    lcd.o(.text.LCD_DrawPoint) refers to stm32f4xx_hal_gpio.o(.text.HAL_GPIO_WritePin) for HAL_GPIO_WritePin
    lcd.o(.text.LCD_DrawPoint) refers to spi.o(.bss.hspi1) for hspi1
    lcd.o(.text.LCD_DrawPoint) refers to stm32f4xx_hal_spi.o(.text.HAL_SPI_Transmit) for HAL_SPI_Transmit
    lcd.o(.ARM.exidx.text.LCD_DrawPoint) refers to lcd.o(.text.LCD_DrawPoint) for [Anonymous Symbol]
    lcd.o(.text.LCD_Fill) refers to lcd.o(.text.LCD_SetWindow) for LCD_SetWindow
    lcd.o(.text.LCD_Fill) refers to stm32f4xx_hal_gpio.o(.text.HAL_GPIO_WritePin) for HAL_GPIO_WritePin
    lcd.o(.text.LCD_Fill) refers to spi.o(.bss.hspi1) for hspi1
    lcd.o(.text.LCD_Fill) refers to stm32f4xx_hal_spi.o(.text.HAL_SPI_Transmit) for HAL_SPI_Transmit
    lcd.o(.ARM.exidx.text.LCD_Fill) refers to lcd.o(.text.LCD_Fill) for [Anonymous Symbol]
    lcd.o(.text.LCD_DrawLine) refers to lcd.o(.text.LCD_DrawPoint) for LCD_DrawPoint
    lcd.o(.ARM.exidx.text.LCD_DrawLine) refers to lcd.o(.text.LCD_DrawLine) for [Anonymous Symbol]
    lcd.o(.text.LCD_DrawRect) refers to lcd.o(.text.LCD_DrawPoint) for LCD_DrawPoint
[...]
    [Anonymous Symbol]                       0x08002308   Section        0  stm32f4xx_hal_rcc.o(.text.HAL_RCC_GetSysClockFreq)
    [Anonymous Symbol]                       0x08002374   Section        0  stm32f4xx_hal_rcc.o(.text.HAL_RCC_OscConfig)
    [Anonymous Symbol]                       0x08002720   Section        0  stm32f4xx_hal_spi.o(.text.HAL_SPI_Init)
    [Anonymous Symbol]                       0x080027d0   Section        0  spi.o(.text.HAL_SPI_MspInit)
    [Anonymous Symbol]                       0x08002844   Section        0  stm32f4xx_hal_spi.o(.text.HAL_SPI_Transmit)
    [Anonymous Symbol]                       0x08002ac0   Section        0  stm32f4xx_hal_cortex.o(.text.HAL_SYSTICK_Config)
    [Anonymous Symbol]                       0x08002aec   Section        0  stm32f4xx_hal_tim_ex.o(.text.HAL_TIMEx_MasterConfigSynchronization)
    [Anonymous Symbol]                       0x08002ba8   Section        0  stm32f4xx_hal_tim.o(.text.HAL_TIM_Base_Init)
    [Anonymous Symbol]                       0x08002c04   Section        0  tim.o(.text.HAL_TIM_Base_MspInit)
    [Anonymous Symbol]                       0x08002c34   Section        0  stm32f4xx_hal_tim.o(.text.HAL_TIM_Base_Start)
    [Anonymous Symbol]                       0x08002cd8   Section        0  stm32f4xx_hal_tim.o(.text.HAL_TIM_Base_Stop)
    [Anonymous Symbol]                       0x08002d0c   Section        0  stm32f4xx_hal_tim.o(.text.HAL_TIM_ConfigClockSource)
    [Anonymous Symbol]                       0x08002eac   Section        0  stm32f4xx_it.o(.text.HardFault_Handler)
    [Anonymous Symbol]                       0x08002eb0   Section        0  lcd.o(.text.LCD_Clear)
    [Anonymous Symbol]                       0x08002f30   Section        0  lcd.o(.text.LCD_DrawLine)
    [Anonymous Symbol]                       0x08002fcc   Section        0  lcd.o(.text.LCD_DrawPoint)
    [Anonymous Symbol]                       0x08003040   Section        0  lcd.o(.text.LCD_Fill)
    [Anonymous Symbol]                       0x080030e0   Section        0  lcd.o(.text.LCD_Init)
    [Anonymous Symbol]                       0x08003dc8   Section        0  lcd.o(.text.LCD_SetWindow)
    [Anonymous Symbol]                       0x08003f90   Section        0  lcd.o(.text.LCD_ShowChar)
    [Anonymous Symbol]                       0x080041fc   Section        0  lcd.o(.text.LCD_ShowString)
    [Anonymous Symbol]                       0x0800425c   Section        0  adc.o(.text.MX_ADC1_Init)
    [Anonymous Symbol]                       0x08004314   Section        0  adc.o(.text.MX_ADC2_Init)
    [Anonymous Symbol]                       0x08004384   Section        0  dma.o(.text.MX_DMA_Init)
    [Anonymous Symbol]                       0x080043bc   Section        0  gpio.o(.text.MX_GPIO_Init)
    [Anonymous Symbol]                       0x080044bc   Section        0  spi.o(.text.MX_SPI1_Init)
    [Anonymous Symbol]                       0x08004504   Section        0  tim.o(.text.MX_TIM2_Init)
    [Anonymous Symbol]                       0x08004588   Section        0  stm32f4xx_it.o(.text.MemManage_Handler)
    [Anonymous Symbol]                       0x0800458c   Section        0  stm32f4xx_it.o(.text.NMI_Handler)
    [Anonymous Symbol]                       0x08004590   Section        0  oscilloscope.o(.text.Osc_AutoSet)
    [Anonymous Symbol]                       0x08004bf4   Section        0  oscilloscope.o(.text.Osc_AutoTimebase)
    [Anonymous Symbol]                       0x08004f38   Section        0  oscilloscope.o(.text.Osc_Capture)
    __arm_cp.3_3                             0x08004fc4   Number         4  oscilloscope.o(.text.Osc_Capture)
    __arm_cp.3_4                             0x08004fc8   Number         4  oscilloscope.o(.text.Osc_Capture)
    __arm_cp.3_5                             0x08004fcc   Number         4  oscilloscope.o(.text.Osc_Capture)
    [Anonymous Symbol]                       0x08005814   Section        0  oscilloscope.o(.text.Osc_DoMeasurements)
    __arm_cp.4_8                             0x08005cbc   Number         4  oscilloscope.o(.text.Osc_DoMeasurements)
    __arm_cp.4_9                             0x08005cc0   Number         4  oscilloscope.o(.text.Osc_DoMeasurements)
    __arm_cp.4_10                            0x08005cc4   Number         4  oscilloscope.o(.text.Osc_DoMeasurements)
    [Anonymous Symbol]                       0x0800625c   Section        0  oscilloscope.o(.text.Osc_GetAdcSpan)
    [Anonymous Symbol]                       0x0800627c   Section        0  oscilloscope.o(.text.Osc_GetCurrentSampleHz)
    [Anonymous Symbol]                       0x0800628c   Section        0  oscilloscope.o(.text.Osc_Init)
    [Anonymous Symbol]                       0x08006360   Section        0  oscilloscope.o(.text.Osc_SetTimebase)
    [Anonymous Symbol]                       0x080063f4   Section        0  oscilloscope.o(.text.Osc_SetTrigLevel)
    [Anonymous Symbol]                       0x08006410   Section        0  oscilloscope.o(.text.Osc_SetVScale)
    [Anonymous Symbol]                       0x08006428   Section        0  oscilloscope.o(.text.Osc_Start)
    [Anonymous Symbol]                       0x0800648c   Section        0  oscilloscope.o(.text.Osc_SwitchDispMode)
    [Anonymous Symbol]                       0x080064a4   Section        0  oscilloscope.o(.text.Osc_ToggleCoupling)
    [Anonymous Symbol]                       0x080064c4   Section        0  stm32f4xx_it.o(.text.PendSV_Handler)
    SPI_WaitFlagStateUntilTimeout            0x080064c9   Thumb Code   292  stm32f4xx_hal_spi.o(.text.SPI_WaitFlagStateUntilTimeout)
    [Anonymous Symbol]                       0x080064c8   Section        0  stm32f4xx_hal_spi.o(.text.SPI_WaitFlagStateUntilTimeout)
    [Anonymous Symbol]                       0x080065ec   Section        0  stm32f4xx_it.o(.text.SVC_Handler)
    [Anonymous Symbol]                       0x080065f0   Section        0  stm32f4xx_it.o(.text.SysTick_Handler)
    [Anonymous Symbol]                       0x080065f4   Section        0  main.o(.text.SystemClock_Config)
    [Anonymous Symbol]                       0x080066a0   Section        0  system_stm32f4xx.o(.text.SystemInit)
    [Anonymous Symbol]                       0x080066b4   Section        0  stm32f4xx_hal_tim.o(.text.TIM_Base_SetConfig)
    [Anonymous Symbol]                       0x080067f0   Section        0  ui.o(.text.UI_ClearStatusBar)
    [Anonymous Symbol]                       0x0800681c   Section        0  ui.o(.text.UI_ClearWaveAreas)
    [Anonymous Symbol]                       0x08006848   Section        0  ui.o(.text.UI_DrawFFT)
    __arm_cp.3_7                             0x08006bd8   Number         4  ui.o(.text.UI_DrawFFT)
    __arm_cp.3_8                             0x08006bdc   Number         4  ui.o(.text.UI_DrawFFT)
    [Anonymous Symbol]                       0x08006ed4   Section        0  ui.o(.text.UI_DrawGrids)
    [Anonymous Symbol]                       0x08007124   Section        0  ui.o(.text.UI_DrawStatusBar)
    [Anonymous Symbol]                       0x080075cc   Section        0  ui.o(.text.UI_DrawWaveform)
    [Anonymous Symbol]                       0x08007ac4   Section        0  ui.o(.text.UI_ResetCache)
    [Anonymous Symbol]                       0x08007b04   Section        0  ui.o(.text.UI_ResetStatusBar)
    [Anonymous Symbol]                       0x08007b24   Section        0  stm32f4xx_it.o(.text.UsageFault_Handler)
    [Anonymous Symbol]                       0x08007b28   Section        0  arm_bitreversal2.o(.text.arm_bitreversal_32)
    [Anonymous Symbol]                       0x08007c7c   Section        0  arm_cfft_f32.o(.text.arm_cfft_f32)
    [Anonymous Symbol]                       0x08007e78   Section        0  arm_cfft_init_f32.o(.text.arm_cfft_init_f32)
    [Anonymous Symbol]                       0x08007f3c   Section        0  arm_cfft_f32.o(.text.arm_cfft_radix8by2_f32)
    [Anonymous Symbol]                       0x080080d8   Section        0  arm_cfft_f32.o(.text.arm_cfft_radix8by4_f32)
    [Anonymous Symbol]                       0x080085c0   Section        0  arm_cfft_radix8_f32.o(.text.arm_radix8_butterfly_f32)
    __arm_cp.0_1                             0x080085e4   Number         4  arm_cfft_radix8_f32.o(.text.arm_radix8_butterfly_f32)
    arm_rfft_1024_fast_init_f32              0x08008b25   Thumb Code    58  arm_rfft_fast_init_f32.o(.text.arm_rfft_1024_fast_init_f32)
    [Anonymous Symbol]                       0x08008b24   Section        0  arm_rfft_fast_init_f32.o(.text.arm_rfft_1024_fast_init_f32)
    arm_rfft_128_fast_init_f32               0x08008b61   Thumb Code    56  arm_rfft_fast_init_f32.o(.text.arm_rfft_128_fast_init_f32)
    [Anonymous Symbol]                       0x08008b60   Section        0  arm_rfft_fast_init_f32.o(.text.arm_rfft_128_fast_init_f32)
    arm_rfft_2048_fast_init_f32              0x08008b99   Thumb Code    58  arm_rfft_fast_init_f32.o(.text.arm_rfft_2048_fast_init_f32)
    [Anonymous Symbol]                       0x08008b98   Section        0  arm_rfft_fast_init_f32.o(.text.arm_rfft_2048_fast_init_f32)
    arm_rfft_256_fast_init_f32               0x08008bd5   Thumb Code    58  arm_rfft_fast_init_f32.o(.text.arm_rfft_256_fast_init_f32)
    [Anonymous Symbol]                       0x08008bd4   Section        0  arm_rfft_fast_init_f32.o(.text.arm_rfft_256_fast_init_f32)
    arm_rfft_32_fast_init_f32                0x08008c11   Thumb Code    56  arm_rfft_fast_init_f32.o(.text.arm_rfft_32_fast_init_f32)
    [Anonymous Symbol]                       0x08008c10   Section        0  arm_rfft_fast_init_f32.o(.text.arm_rfft_32_fast_init_f32)
    arm_rfft_4096_fast_init_f32              0x08008c49   Thumb Code    58  arm_rfft_fast_init_f32.o(.text.arm_rfft_4096_fast_init_f32)
    [Anonymous Symbol]                       0x08008c48   Section        0  arm_rfft_fast_init_f32.o(.text.arm_rfft_4096_fast_init_f32)
    arm_rfft_512_fast_init_f32               0x08008c85   Thumb Code    58  arm_rfft_fast_init_f32.o(.text.arm_rfft_512_fast_init_f32)
    [Anonymous Symbol]                       0x08008c84   Section        0  arm_rfft_fast_init_f32.o(.text.arm_rfft_512_fast_init_f32)
    arm_rfft_64_fast_init_f32                0x08008cc1   Thumb Code    56  arm_rfft_fast_init_f32.o(.text.arm_rfft_64_fast_init_f32)
    [Anonymous Symbol]                       0x08008cc0   Section        0  arm_rfft_fast_init_f32.o(.text.arm_rfft_64_fast_init_f32)
    [Anonymous Symbol]                       0x08008cf8   Section        0  arm_rfft_fast_f32.o(.text.arm_rfft_fast_f32)
    [Anonymous Symbol]                       0x08009368   Section        0  arm_rfft_fast_init_f32.o(.text.arm_rfft_fast_init_f32)
    [Anonymous Symbol]                       0x08009404   Section        0  main.o(.text.main)
    i.__0snprintf                            0x0800973c   Section        0  printfa.o(i.__0snprintf)
    i.__hardfp_cosf                          0x08009770   Section        0  cosf.o(i.__hardfp_cosf)
    i.__hardfp_log10f                        0x080098c0   Section        0  log10f.o(i.__hardfp_log10f)
    i.__mathlib_flt_divzero                  0x08009a40   Section        0  funder.o(i.__mathlib_flt_divzero)
    i.__mathlib_flt_infnan                   0x08009a54   Section        0  funder.o(i.__mathlib_flt_infnan)
    i.__mathlib_flt_invalid                  0x08009a5c   Section        0  funder.o(i.__mathlib_flt_invalid)
    i.__mathlib_rredf2                       0x08009a6c   Section        0  rredf.o(i.__mathlib_rredf2)
    i.__scatterload_copy                     0x08009bc0   Section       14  handlers.o(i.__scatterload_copy)
    i.__scatterload_null                     0x08009bce   Section        2  handlers.o(i.__scatterload_null)
    i.__scatterload_zeroinit                 0x08009bd0   Section       14  handlers.o(i.__scatterload_zeroinit)
    i.__set_errno                            0x08009be0   Section        0  errno.o(i.__set_errno)
    _fp_digits                               0x08009bed   Thumb Code   366  printfa.o(i._fp_digits)
    i._fp_digits                             0x08009bec   Section        0  printfa.o(i._fp_digits)
    _printf_core                             0x08009d71   Thumb Code  1744  printfa.o(i._printf_core)
    i._printf_core                           0x08009d70   Section        0  printfa.o(i._printf_core)
    _printf_post_padding                     0x0800a44d   Thumb Code    36  printfa.o(i._printf_post_padding)
    i._printf_post_padding                   0x0800a44c   Section        0  printfa.o(i._printf_post_padding)
    _printf_pre_padding                      0x0800a471   Thumb Code    46  printfa.o(i._printf_pre_padding)
    i._printf_pre_padding                    0x0800a470   Section        0  printfa.o(i._printf_pre_padding)
    _snputc                                  0x0800a49f   Thumb Code    22  printfa.o(i._snputc)
    i._snputc                                0x0800a49e   Section        0  printfa.o(i._snputc)
    logahi                                   0x0800a4b4   Data          32  log10f.o(.constdata)
    .constdata                               0x0800a4b4   Section       64  log10f.o(.constdata)
    logalo                                   0x0800a4d4   Data          32  log10f.o(.constdata)
    twooverpi                                0x0800a4f4   Data          32  rredf.o(.constdata)
    .constdata                               0x0800a4f4   Section       32  rredf.o(.constdata)
    DMA_CalcBaseAndBitshift.flagBitshiftOffset 0x0800fa8c   Data           8  stm32f4xx_hal_dma.o(.rodata.cst8)
    [Anonymous Symbol]                       0x0800fa8c   Section        0  stm32f4xx_hal_dma.o(.rodata.cst8)
    font_6x12                                0x0800fa94   Data        1140  lcd.o(.rodata.font_6x12)
    [Anonymous Symbol]                       0x0800fa94   Section        0  lcd.o(.rodata.font_6x12)
    .L.str.8                                 0x08010076   Data           3  ui.o(.rodata.str1.1)
    [Anonymous Symbol]                       0x08010076   Section        0  ui.o(.rodata.str1.1)
    .L.str.7                                 0x08010079   Data           3  ui.o(.rodata.str1.1)
    .L.str.16                                0x0801007c   Data          18  ui.o(.rodata.str1.1)
    .L.str.13                                0x0801008e   Data          23  ui.o(.rodata.str1.1)
    .L.str.14                                0x080100a5   Data          23  ui.o(.rodata.str1.1)
    .L.str.12                                0x080100bc   Data          24  ui.o(.rodata.str1.1)
    _errno                                   0x20000000   Data           4  errno.o(.data)
    .data                                    0x20000000   Section        4  errno.o(.data)
    .L_MergedGlobals                         0x20000004   Data           2  ui.o(.data..L_MergedGlobals)
    s_first_draw_ch0                         0x20000004   Data           1  ui.o(.data..L_MergedGlobals)
    [Anonymous Symbol]                       0x20000004   Section        0  ui.o(.data..L_MergedGlobals)
    s_first_draw_ch1                         0x20000005   Data           1  ui.o(.data..L_MergedGlobals)
    .L_MergedGlobals                         0x20000006   Data           5  main.o(.data..L_MergedGlobals)
    btn_last.0                               0x20000006   Data           1  main.o(.data..L_MergedGlobals)
    [Anonymous Symbol]                       0x20000006   Section        0  main.o(.data..L_MergedGlobals)
    btn_last.1                               0x20000007   Data           1  main.o(.data..L_MergedGlobals)
    btn_last.2                               0x20000008   Data           1  main.o(.data..L_MergedGlobals)
    btn_last.3                               0x20000009   Data           1  main.o(.data..L_MergedGlobals)
    btn_last.4                               0x2000000a   Data           1  main.o(.data..L_MergedGlobals)
    .L_MergedGlobals                         0x2000000c   Data           8  stm32f4xx_hal.o(.data..L_MergedGlobals)
    [Anonymous Symbol]                       0x2000000c   Section        0  stm32f4xx_hal.o(.data..L_MergedGlobals)
    g_fft_channel                            0x20000018   Data           1  fft.o(.data.g_fft_channel)
    [Anonymous Symbol]                       0x20000018   Section        0  fft.o(.data.g_fft_channel)
    .L_MergedGlobals                         0x20000020   Data          28  fft.o(.bss..L_MergedGlobals)
    g_fft_initialized                        0x20000020   Data           1  fft.o(.bss..L_MergedGlobals)
    [Anonymous Symbol]                       0x20000020   Section        0  fft.o(.bss..L_MergedGlobals)
    g_rfft_inst                              0x20000024   Data          24  fft.o(.bss..L_MergedGlobals)
    .L_MergedGlobals.1                       0x2000003c   Data          20  main.o(.bss..L_MergedGlobals.1)
    dac_high                                 0x2000003c   Data           1  main.o(.bss..L_MergedGlobals.1)
    [Anonymous Symbol]                       0x2000003c   Section        0  main.o(.bss..L_MergedGlobals.1)
    last_disp_tick                           0x20000040   Data           4  main.o(.bss..L_MergedGlobals.1)
    last_dac_ms                              0x20000044   Data           4  main.o(.bss..L_MergedGlobals.1)
    io_tick                                  0x20000048   Data           4  main.o(.bss..L_MergedGlobals.1)
    dac_accum_us                             0x2000004c   Data           4  main.o(.bss..L_MergedGlobals.1)
    .L_MergedGlobals.17                      0x20000050   Data          96  ui.o(.bss..L_MergedGlobals.17)
    s_prev_trig_found                        0x20000050   Data           1  ui.o(.bss..L_MergedGlobals.17)
    [Anonymous Symbol]                       0x20000050   Section        0  ui.o(.bss..L_MergedGlobals.17)
    UI_DrawFFT.s_fft_inited                  0x20000051   Data           1  ui.o(.bss..L_MergedGlobals.17)
    UI_DrawFFT.s_old_pk_n                    0x20000052   Data           1  ui.o(.bss..L_MergedGlobals.17)
    s_sb_inited                              0x20000053   Data           1  ui.o(.bss..L_MergedGlobals.17)
    s_prev_trig_pos                          0x20000054   Data           4  ui.o(.bss..L_MergedGlobals.17)
    UI_DrawFFT.s_old_pk_x                    0x20000058   Data          12  ui.o(.bss..L_MergedGlobals.17)
    UI_DrawFFT.s_old_pk_y                    0x20000064   Data          12  ui.o(.bss..L_MergedGlobals.17)
    s_last_line1                             0x20000070   Data          32  ui.o(.bss..L_MergedGlobals.17)
    s_last_line2                             0x20000090   Data          32  ui.o(.bss..L_MergedGlobals.17)
    g_fft_ema_inited                         0x200000b1   Data           1  fft.o(.bss.g_fft_ema_inited)
    [Anonymous Symbol]                       0x200000b1   Section        0  fft.o(.bss.g_fft_ema_inited)
    g_fft_ema_mag                            0x200000b4   Data        1024  fft.o(.bss.g_fft_ema_mag)
    [Anonymous Symbol]                       0x200000b4   Section        0  fft.o(.bss.g_fft_ema_mag)
    s_last_line3                             0x20004710   Data          32  ui.o(.bss.s_last_line3)
    [Anonymous Symbol]                       0x20004710   Section        0  ui.o(.bss.s_last_line3)
    s_prev_buf_ch0                           0x20004730   Data         480  ui.o(.bss.s_prev_buf_ch0)
    [Anonymous Symbol]                       0x20004730   Section        0  ui.o(.bss.s_prev_buf_ch0)
    s_prev_buf_ch1                           0x20004910   Data         480  ui.o(.bss.s_prev_buf_ch1)
    [Anonymous Symbol]                       0x20004910   Section        0  ui.o(.bss.s_prev_buf_ch1)
    STACK                                    0x20004af8   Section     1024  startup_stm32f407xx.o(STACK)

    Global Symbols

    Symbol Name                              Value     Ov Type        Size  Object(Section)

    BuildAttributes$$THM_ISAv4$E$P$D$K$B$S$7EM$VFPi3$EXTD16$VFPS$VFMA$PE$A:L22UL41UL21$X:L11$S22US41US21$IEEE1$IW$~IW$USESV6$~STKCKD$USESV7$~SHL$OTIME$ROPI$IEEEX$EBA8$MICROLIB$REQ8$PRES8$EABIv2 0x00000000   Number         0  anon$$obj.o ABSOLUTE
    _printf_a                                0x00000000   Number         0  printfstubs.o ABSOLUTE
    _printf_c                                0x00000000   Number         0  printfstubs.o ABSOLUTE
    _printf_charcount                        0x00000000   Number         0  printfstubs.o ABSOLUTE
    _printf_d                                0x00000000   Number         0  printfstubs.o ABSOLUTE
    _printf_e                                0x00000000   Number         0  printfstubs.o ABSOLUTE
    _printf_f                                0x00000000   Number         0  printfstubs.o ABSOLUTE
    _printf_flags                            0x00000000   Number         0  printfstubs.o ABSOLUTE
    _printf_fp_dec                           0x00000000   Number         0  printfstubs.o ABSOLUTE
    _printf_fp_hex                           0x00000000   Number         0  printfstubs.o ABSOLUTE
    _printf_g                                0x00000000   Number         0  printfstubs.o ABSOLUTE
    _printf_i                                0x00000000   Number         0  printfstubs.o ABSOLUTE
    _printf_int_dec                          0x00000000   Number         0  printfstubs.o ABSOLUTE
    _printf_l                                0x00000000   Number         0  printfstubs.o ABSOLUTE
    _printf_lc                               0x00000000   Number         0  printfstubs.o ABSOLUTE
    _printf_ll                               0x00000000   Number         0  printfstubs.o ABSOLUTE
    _printf_lld                              0x00000000   Number         0  printfstubs.o ABSOLUTE
    _printf_lli                              0x00000000   Number         0  printfstubs.o ABSOLUTE
    _printf_llo                              0x00000000   Number         0  printfstubs.o ABSOLUTE
    _printf_llu                              0x00000000   Number         0  printfstubs.o ABSOLUTE
    _printf_llx                              0x00000000   Number         0  printfstubs.o ABSOLUTE
    _printf_longlong_dec                     0x00000000   Number         0  printfstubs.o ABSOLUTE
    _printf_longlong_hex                     0x00000000   Number         0  printfstubs.o ABSOLUTE
    _printf_longlong_oct                     0x00000000   Number         0  printfstubs.o ABSOLUTE
    _printf_ls                               0x00000000   Number         0  printfstubs.o ABSOLUTE
    _printf_mbtowc                           0x00000000   Number         0  printfstubs.o ABSOLUTE
    _printf_n                                0x00000000   Number         0  printfstubs.o ABSOLUTE
    _printf_o                                0x00000000   Number         0  printfstubs.o ABSOLUTE
    _printf_p                                0x00000000   Number         0  printfstubs.o ABSOLUTE
    _printf_percent                          0x00000000   Number         0  printfstubs.o ABSOLUTE
    _printf_pre_padding                      0x00000000   Number         0  printfstubs.o ABSOLUTE
    _printf_return_value                     0x00000000   Number         0  printfstubs.o ABSOLUTE
    _printf_s                                0x00000000   Number         0  printfstubs.o ABSOLUTE
    _printf_sizespec                         0x00000000   Number         0  printfstubs.o ABSOLUTE
    _printf_str                              0x00000000   Number         0  printfstubs.o ABSOLUTE
    _printf_truncate_signed                  0x00000000   Number         0  printfstubs.o ABSOLUTE
    _printf_truncate_unsigned                0x00000000   Number         0  printfstubs.o ABSOLUTE
    _printf_u                                0x00000000   Number         0  printfstubs.o ABSOLUTE
    _printf_wc                               0x00000000   Number         0  printfstubs.o ABSOLUTE
    _printf_wctomb                           0x00000000   Number         0  printfstubs.o ABSOLUTE
    _printf_widthprec                        0x00000000   Number         0  printfstubs.o ABSOLUTE
    _printf_x                                0x00000000   Number         0  printfstubs.o ABSOLUTE
    __cpp_initialize__aeabi_                  - Undefined Weak Reference
    __cxa_finalize                            - Undefined Weak Reference
    __decompress                              - Undefined Weak Reference
    _clock_init                               - Undefined Weak Reference
    _microlib_exit                            - Undefined Weak Reference
    __Vectors_Size                           0x00000188   Number         0  startup_stm32f407xx.o ABSOLUTE
    __Vectors                                0x08000000   Data           4  startup_stm32f407xx.o(RESET)
    __Vectors_End                            0x08000188   Data           0  startup_stm32f407xx.o(RESET)
    __main                                   0x08000189   Thumb Code     0  entry.o(.ARM.Collect$$$$00000000)
    _main_stk                                0x08000189   Thumb Code     0  entry2.o(.ARM.Collect$$$$00000001)
    _main_scatterload                        0x0800018d   Thumb Code     0  entry5.o(.ARM.Collect$$$$00000004)
    __main_after_scatterload                 0x08000191   Thumb Code     0  entry5.o(.ARM.Collect$$$$00000004)
    _main_clock                              0x08000191   Thumb Code     0  entry7b.o(.ARM.Collect$$$$00000008)
    _main_cpp_init                           0x08000191   Thumb Code     0  entry8b.o(.ARM.Collect$$$$0000000A)
    _main_init                               0x08000191   Thumb Code     0  entry9a.o(.ARM.Collect$$$$0000000B)
    __rt_final_cpp                           0x08000199   Thumb Code     0  entry10a.o(.ARM.Collect$$$$0000000D)
    __rt_final_exit                          0x08000199   Thumb Code     0  entry11a.o(.ARM.Collect$$$$0000000F)
    Reset_Handler                            0x0800019d   Thumb Code     8  startup_stm32f407xx.o(.text)
    ADC_IRQHandler                           0x080001b7   Thumb Code     0  startup_stm32f407xx.o(.text)
    CAN1_RX0_IRQHandler                      0x080001b7   Thumb Code     0  startup_stm32f407xx.o(.text)
    CAN1_RX1_IRQHandler                      0x080001b7   Thumb Code     0  startup_stm32f407xx.o(.text)
    CAN1_SCE_IRQHandler                      0x080001b7   Thumb Code     0  startup_stm32f407xx.o(.text)
    CAN1_TX_IRQHandler                       0x080001b7   Thumb Code     0  startup_stm32f407xx.o(.text)
    CAN2_RX0_IRQHandler                      0x080001b7   Thumb Code     0  startup_stm32f407xx.o(.text)
    CAN2_RX1_IRQHandler                      0x080001b7   Thumb Code     0  startup_stm32f407xx.o(.text)
    CAN2_SCE_IRQHandler                      0x080001b7   Thumb Code     0  startup_stm32f407xx.o(.text)
    CAN2_TX_IRQHandler                       0x080001b7   Thumb Code     0  startup_stm32f407xx.o(.text)
    DCMI_IRQHandler                          0x080001b7   Thumb Code     0  startup_stm32f407xx.o(.text)
    DMA1_Stream0_IRQHandler                  0x080001b7   Thumb Code     0  startup_stm32f407xx.o(.text)
    DMA1_Stream1_IRQHandler                  0x080001b7   Thumb Code     0  startup_stm32f407xx.o(.text)
    DMA1_Stream2_IRQHandler                  0x080001b7   Thumb Code     0  startup_stm32f407xx.o(.text)
    DMA1_Stream3_IRQHandler                  0x080001b7   Thumb Code     0  startup_stm32f407xx.o(.text)
    DMA1_Stream4_IRQHandler                  0x080001b7   Thumb Code     0  startup_stm32f407xx.o(.text)
    DMA1_Stream5_IRQHandler                  0x080001b7   Thumb Code     0  startup_stm32f407xx.o(.text)
    DMA1_Stream6_IRQHandler                  0x080001b7   Thumb Code     0  startup_stm32f407xx.o(.text)
    DMA1_Stream7_IRQHandler                  0x080001b7   Thumb Code     0  startup_stm32f407xx.o(.text)
    DMA2_Stream1_IRQHandler                  0x080001b7   Thumb Code     0  startup_stm32f407xx.o(.text)
    DMA2_Stream3_IRQHandler                  0x080001b7   Thumb Code     0  startup_stm32f407xx.o(.text)
    DMA2_Stream4_IRQHandler                  0x080001b7   Thumb Code     0  startup_stm32f407xx.o(.text)
    DMA2_Stream5_IRQHandler                  0x080001b7   Thumb Code     0  startup_stm32f407xx.o(.text)
    DMA2_Stream6_IRQHandler                  0x080001b7   Thumb Code     0  startup_stm32f407xx.o(.text)
    DMA2_Stream7_IRQHandler                  0x080001b7   Thumb Code     0  startup_stm32f407xx.o(.text)
    ETH_IRQHandler                           0x080001b7   Thumb Code     0  startup_stm32f407xx.o(.text)
    ETH_WKUP_IRQHandler                      0x080001b7   Thumb Code     0  startup_stm32f407xx.o(.text)
    EXTI15_10_IRQHandler                     0x080001b7   Thumb Code     0  startup_stm32f407xx.o(.text)
    EXTI1_IRQHandler                         0x080001b7   Thumb Code     0  startup_stm32f407xx.o(.text)
    EXTI3_IRQHandler                         0x080001b7   Thumb Code     0  startup_stm32f407xx.o(.text)
    EXTI4_IRQHandler                         0x080001b7   Thumb Code     0  startup_stm32f407xx.o(.text)
    EXTI9_5_IRQHandler                       0x080001b7   Thumb Code     0  startup_stm32f407xx.o(.text)
    FLASH_IRQHandler                         0x080001b7   Thumb Code     0  startup_stm32f407xx.o(.text)
    FMC_IRQHandler                           0x080001b7   Thumb Code     0  startup_stm32f407xx.o(.text)
    FPU_IRQHandler                           0x080001b7   Thumb Code     0  startup_stm32f407xx.o(.text)
    HASH_RNG_IRQHandler                      0x080001b7   Thumb Code     0  startup_stm32f407xx.o(.text)
    I2C1_ER_IRQHandler                       0x080001b7   Thumb Code     0  startup_stm32f407xx.o(.text)
    I2C1_EV_IRQHandler                       0x080001b7   Thumb Code     0  startup_stm32f407xx.o(.text)
    I2C2_ER_IRQHandler                       0x080001b7   Thumb Code     0  startup_stm32f407xx.o(.text)
    I2C2_EV_IRQHandler                       0x080001b7   Thumb Code     0  startup_stm32f407xx.o(.text)
    I2C3_ER_IRQHandler                       0x080001b7   Thumb Code     0  startup_stm32f407xx.o(.text)
    I2C3_EV_IRQHandler                       0x080001b7   Thumb Code     0  startup_stm32f407xx.o(.text)
    OTG_FS_IRQHandler                        0x080001b7   Thumb Code     0  startup_stm32f407xx.o(.text)
    OTG_FS_WKUP_IRQHandler                   0x080001b7   Thumb Code     0  startup_stm32f407xx.o(.text)
    OTG_HS_EP1_IN_IRQHandler                 0x080001b7   Thumb Code     0  startup_stm32f407xx.o(.text)
    OTG_HS_EP1_OUT_IRQHandler                0x080001b7   Thumb Code     0  startup_stm32f407xx.o(.text)
    OTG_HS_IRQHandler                        0x080001b7   Thumb Code     0  startup_stm32f407xx.o(.text)
    OTG_HS_WKUP_IRQHandler                   0x080001b7   Thumb Code     0  startup_stm32f407xx.o(.text)
    PVD_IRQHandler                           0x080001b7   Thumb Code     0  startup_stm32f407xx.o(.text)
    RCC_IRQHandler                           0x080001b7   Thumb Code     0  startup_stm32f407xx.o(.text)
    RTC_Alarm_IRQHandler                     0x080001b7   Thumb Code     0  startup_stm32f407xx.o(.text)
    RTC_WKUP_IRQHandler                      0x080001b7   Thumb Code     0  startup_stm32f407xx.o(.text)
    SDIO_IRQHandler                          0x080001b7   Thumb Code     0  startup_stm32f407xx.o(.text)
    SPI1_IRQHandler                          0x080001b7   Thumb Code     0  startup_stm32f407xx.o(.text)
    SPI2_IRQHandler                          0x080001b7   Thumb Code     0  startup_stm32f407xx.o(.text)
    SPI3_IRQHandler                          0x080001b7   Thumb Code     0  startup_stm32f407xx.o(.text)
    TAMP_STAMP_IRQHandler                    0x080001b7   Thumb Code     0  startup_stm32f407xx.o(.text)
    TIM1_BRK_TIM9_IRQHandler                 0x080001b7   Thumb Code     0  startup_stm32f407xx.o(.text)
    TIM1_CC_IRQHandler                       0x080001b7   Thumb Code     0  startup_stm32f407xx.o(.text)
    TIM1_TRG_COM_TIM11_IRQHandler            0x080001b7   Thumb Code     0  startup_stm32f407xx.o(.text)
    TIM1_UP_TIM10_IRQHandler                 0x080001b7   Thumb Code     0  startup_stm32f407xx.o(.text)
    TIM2_IRQHandler                          0x080001b7   Thumb Code     0  startup_stm32f407xx.o(.text)
    TIM3_IRQHandler                          0x080001b7   Thumb Code     0  startup_stm32f407xx.o(.text)
    TIM4_IRQHandler                          0x080001b7   Thumb Code     0  startup_stm32f407xx.o(.text)
    TIM5_IRQHandler                          0x080001b7   Thumb Code     0  startup_stm32f407xx.o(.text)
    TIM6_DAC_IRQHandler                      0x080001b7   Thumb Code     0  startup_stm32f407xx.o(.text)
    TIM7_IRQHandler                          0x080001b7   Thumb Code     0  startup_stm32f407xx.o(.text)
    TIM8_BRK_TIM12_IRQHandler                0x080001b7   Thumb Code     0  startup_stm32f407xx.o(.text)
    TIM8_CC_IRQHandler                       0x080001b7   Thumb Code     0  startup_stm32f407xx.o(.text)
    TIM8_TRG_COM_TIM14_IRQHandler            0x080001b7   Thumb Code     0  startup_stm32f407xx.o(.text)
    TIM8_UP_TIM13_IRQHandler                 0x080001b7   Thumb Code     0  startup_stm32f407xx.o(.text)
    UART4_IRQHandler                         0x080001b7   Thumb Code     0  startup_stm32f407xx.o(.text)
    UART5_IRQHandler                         0x080001b7   Thumb Code     0  startup_stm32f407xx.o(.text)
    USART1_IRQHandler                        0x080001b7   Thumb Code     0  startup_stm32f407xx.o(.text)
    USART2_IRQHandler                        0x080001b7   Thumb Code     0  startup_stm32f407xx.o(.text)
    USART3_IRQHandler                        0x080001b7   Thumb Code     0  startup_stm32f407xx.o(.text)
    USART6_IRQHandler                        0x080001b7   Thumb Code     0  startup_stm32f407xx.o(.text)
    WWDG_IRQHandler                          0x080001b7   Thumb Code     0  startup_stm32f407xx.o(.text)
    __aeabi_uldivmod                         0x080001c1   Thumb Code    98  uldiv.o(.text)
    __aeabi_memcpy                           0x08000223   Thumb Code    36  memcpya.o(.text)
    __aeabi_memcpy4                          0x08000223   Thumb Code     0  memcpya.o(.text)
    __aeabi_memcpy8                          0x08000223   Thumb Code     0  memcpya.o(.text)
    __aeabi_memset                           0x08000247   Thumb Code    14  memseta.o(.text)
    __aeabi_memset4                          0x08000247   Thumb Code     0  memseta.o(.text)
    __aeabi_memset8                          0x08000247   Thumb Code     0  memseta.o(.text)
    __aeabi_memclr                           0x08000255   Thumb Code     4  memseta.o(.text)
    __aeabi_memclr4                          0x08000255   Thumb Code     0  memseta.o(.text)
    __aeabi_memclr8                          0x08000255   Thumb Code     0  memseta.o(.text)
    _memset$wrapper                          0x08000259   Thumb Code    18  memseta.o(.text)
    strcmp                                   0x0800026b   Thumb Code    28  strcmp.o(.text)
    strcpy                                   0x08000287   Thumb Code    18  strcpy.o(.text)
    __aeabi_f2d                              0x08000299   Thumb Code    38  f2d.o(.text)
    __aeabi_uidiv                            0x080002bf   Thumb Code     0  uidiv.o(.text)
    __aeabi_uidivmod                         0x080002bf   Thumb Code    44  uidiv.o(.text)
    __aeabi_llsl                             0x080002eb   Thumb Code    30  llshl.o(.text)
    _ll_shift_l                              0x080002eb   Thumb Code     0  llshl.o(.text)
    __aeabi_llsr                             0x08000309   Thumb Code    32  llushr.o(.text)
    _ll_ushift_r                             0x08000309   Thumb Code     0  llushr.o(.text)
    __I$use$fp                               0x08000329   Thumb Code     0  iusefp.o(.text)
    __aeabi_dadd                             0x08000329   Thumb Code   322  dadd.o(.text)
    __aeabi_dsub                             0x0800046b   Thumb Code     6  dadd.o(.text)
    __aeabi_drsub                            0x08000471   Thumb Code     6  dadd.o(.text)
    __aeabi_dmul                             0x08000477   Thumb Code   228  dmul.o(.text)
    __aeabi_ddiv                             0x0800055b   Thumb Code   222  ddiv.o(.text)
    __aeabi_d2ulz                            0x08000639   Thumb Code    48  dfixul.o(.text)
    __aeabi_cdrcmple                         0x08000669   Thumb Code    48  cdrcmple.o(.text)
    __scatterload                            0x08000699   Thumb Code    38  init.o(.text)
    __scatterload_rt2                        0x08000699   Thumb Code     0  init.o(.text)
    __aeabi_lasr                             0x080006c9   Thumb Code    36  llsshr.o(.text)
    _ll_sshift_r                             0x080006c9   Thumb Code     0  llsshr.o(.text)
    _double_round                            0x080006ed   Thumb Code    30  depilogue.o(.text)
    _double_epilogue                         0x0800070b   Thumb Code   156  depilogue.o(.text)
    BusFault_Handler                         0x08000835   Thumb Code     2  stm32f4xx_it.o(.text.BusFault_Handler)
    DMA2_Stream0_IRQHandler                  0x08000839   Thumb Code    12  stm32f4xx_it.o(.text.DMA2_Stream0_IRQHandler)
    DMA2_Stream2_IRQHandler                  0x08000845   Thumb Code    12  stm32f4xx_it.o(.text.DMA2_Stream2_IRQHandler)
    DebugMon_Handler                         0x08000851   Thumb Code     2  stm32f4xx_it.o(.text.DebugMon_Handler)
    EXTI0_IRQHandler                         0x08000855   Thumb Code   254  stm32f4xx_it.o(.text.EXTI0_IRQHandler)
    EXTI2_IRQHandler                         0x08000955   Thumb Code   204  stm32f4xx_it.o(.text.EXTI2_IRQHandler)
    Error_Handler                            0x08000a21   Thumb Code     6  main.o(.text.Error_Handler)
    FFT_ComputeMagnitude                     0x08000a29   Thumb Code   472  fft.o(.text.FFT_ComputeMagnitude)
    FFT_Init                                 0x08000c09   Thumb Code    36  fft.o(.text.FFT_Init)
    FFT_Process                              0x08000c2d   Thumb Code  1072  fft.o(.text.FFT_Process)
    HAL_ADC_ConfigChannel                    0x08001065   Thumb Code   324  stm32f4xx_hal_adc.o(.text.HAL_ADC_ConfigChannel)
    HAL_ADC_ConvCpltCallback                 0x080011a9   Thumb Code     2  stm32f4xx_hal_adc.o(.text.HAL_ADC_ConvCpltCallback)
    HAL_ADC_ConvHalfCpltCallback             0x080011ad   Thumb Code     2  stm32f4xx_hal_adc.o(.text.HAL_ADC_ConvHalfCpltCallback)
    HAL_ADC_DeInit                           0x080011b1   Thumb Code    62  stm32f4xx_hal_adc.o(.text.HAL_ADC_DeInit)
    HAL_ADC_ErrorCallback                    0x080011f1   Thumb Code     2  stm32f4xx_hal_adc.o(.text.HAL_ADC_ErrorCallback)
    HAL_ADC_Init                             0x080011f5   Thumb Code   348  stm32f4xx_hal_adc.o(.text.HAL_ADC_Init)
    HAL_ADC_MspDeInit                        0x08001351   Thumb Code   116  adc.o(.text.HAL_ADC_MspDeInit)
    HAL_ADC_MspInit                          0x080013c5   Thumb Code   364  adc.o(.text.HAL_ADC_MspInit)
    HAL_ADC_Start_DMA                        0x08001531   Thumb Code   418  stm32f4xx_hal_adc.o(.text.HAL_ADC_Start_DMA)
    HAL_ADC_Stop_DMA                         0x080016d5   Thumb Code   126  stm32f4xx_hal_adc.o(.text.HAL_ADC_Stop_DMA)
    HAL_DAC_SetValue                         0x08001755   Thumb Code    46  stm32f4xx_hal_dac.o(.text.HAL_DAC_SetValue)
    HAL_DMA_Abort                            0x08001785   Thumb Code   142  stm32f4xx_hal_dma.o(.text.HAL_DMA_Abort)
    HAL_DMA_DeInit                           0x08001815   Thumb Code   136  stm32f4xx_hal_dma.o(.text.HAL_DMA_DeInit)
    HAL_DMA_IRQHandler                       0x0800189d   Thumb Code   452  stm32f4xx_hal_dma.o(.text.HAL_DMA_IRQHandler)
    HAL_DMA_Init                             0x08001a61   Thumb Code   354  stm32f4xx_hal_dma.o(.text.HAL_DMA_Init)
    HAL_DMA_Start_IT                         0x08001bc5   Thumb Code   162  stm32f4xx_hal_dma.o(.text.HAL_DMA_Start_IT)
    HAL_Delay                                0x08001c69   Thumb Code    40  stm32f4xx_hal.o(.text.HAL_Delay)
    HAL_GPIO_DeInit                          0x08001c91   Thumb Code   462  stm32f4xx_hal_gpio.o(.text.HAL_GPIO_DeInit)
    HAL_GPIO_Init                            0x08001e61   Thumb Code   414  stm32f4xx_hal_gpio.o(.text.HAL_GPIO_Init)
    HAL_GPIO_ReadPin                         0x08002001   Thumb Code    10  stm32f4xx_hal_gpio.o(.text.HAL_GPIO_ReadPin)
    HAL_GPIO_TogglePin                       0x0800200d   Thumb Code    16  stm32f4xx_hal_gpio.o(.text.HAL_GPIO_TogglePin)
    HAL_GPIO_WritePin                        0x0800201d   Thumb Code    10  stm32f4xx_hal_gpio.o(.text.HAL_GPIO_WritePin)
    HAL_GetTick                              0x08002029   Thumb Code    12  stm32f4xx_hal.o(.text.HAL_GetTick)
    HAL_IncTick                              0x08002035   Thumb Code    26  stm32f4xx_hal.o(.text.HAL_IncTick)
    HAL_Init                                 0x08002051   Thumb Code    54  stm32f4xx_hal.o(.text.HAL_Init)
    HAL_InitTick                             0x08002089   Thumb Code    72  stm32f4xx_hal.o(.text.HAL_InitTick)
    HAL_MspInit                              0x080020d1   Thumb Code    56  stm32f4xx_hal_msp.o(.text.HAL_MspInit)
    HAL_NVIC_EnableIRQ                       0x08002109   Thumb Code    34  stm32f4xx_hal_cortex.o(.text.HAL_NVIC_EnableIRQ)
    HAL_NVIC_SetPriority                     0x0800212d   Thumb Code    86  stm32f4xx_hal_cortex.o(.text.HAL_NVIC_SetPriority)
    HAL_NVIC_SetPriorityGrouping             0x08002185   Thumb Code    32  stm32f4xx_hal_cortex.o(.text.HAL_NVIC_SetPriorityGrouping)
    HAL_RCC_ClockConfig                      0x080021a5   Thumb Code   356  stm32f4xx_hal_rcc.o(.text.HAL_RCC_ClockConfig)
    HAL_RCC_GetSysClockFreq                  0x08002309   Thumb Code   108  stm32f4xx_hal_rcc.o(.text.HAL_RCC_GetSysClockFreq)
    HAL_RCC_OscConfig                        0x08002375   Thumb Code   940  stm32f4xx_hal_rcc.o(.text.HAL_RCC_OscConfig)
    HAL_SPI_Init                             0x08002721   Thumb Code   176  stm32f4xx_hal_spi.o(.text.HAL_SPI_Init)
    HAL_SPI_MspInit                          0x080027d1   Thumb Code   116  spi.o(.text.HAL_SPI_MspInit)
    HAL_SPI_Transmit                         0x08002845   Thumb Code   634  stm32f4xx_hal_spi.o(.text.HAL_SPI_Transmit)
    HAL_SYSTICK_Config                       0x08002ac1   Thumb Code    44  stm32f4xx_hal_cortex.o(.text.HAL_SYSTICK_Config)
    HAL_TIMEx_MasterConfigSynchronization    0x08002aed   Thumb Code   186  stm32f4xx_hal_tim_ex.o(.text.HAL_TIMEx_MasterConfigSynchronization)
    HAL_TIM_Base_Init                        0x08002ba9   Thumb Code    90  stm32f4xx_hal_tim.o(.text.HAL_TIM_Base_Init)
    HAL_TIM_Base_MspInit                     0x08002c05   Thumb Code    46  tim.o(.text.HAL_TIM_Base_MspInit)
    HAL_TIM_Base_Start                       0x08002c35   Thumb Code   162  stm32f4xx_hal_tim.o(.text.HAL_TIM_Base_Start)
    HAL_TIM_Base_Stop                        0x08002cd9   Thumb Code    52  stm32f4xx_hal_tim.o(.text.HAL_TIM_Base_Stop)
    HAL_TIM_ConfigClockSource                0x08002d0d   Thumb Code   416  stm32f4xx_hal_tim.o(.text.HAL_TIM_ConfigClockSource)
    HardFault_Handler                        0x08002ead   Thumb Code     2  stm32f4xx_it.o(.text.HardFault_Handler)
    LCD_Clear                                0x08002eb1   Thumb Code   128  lcd.o(.text.LCD_Clear)
    LCD_DrawLine                             0x08002f31   Thumb Code   156  lcd.o(.text.LCD_DrawLine)
    LCD_DrawPoint                            0x08002fcd   Thumb Code   116  lcd.o(.text.LCD_DrawPoint)
    LCD_Fill                                 0x08003041   Thumb Code   160  lcd.o(.text.LCD_Fill)
    LCD_Init                                 0x080030e1   Thumb Code  3304  lcd.o(.text.LCD_Init)
    LCD_SetWindow                            0x08003dc9   Thumb Code   456  lcd.o(.text.LCD_SetWindow)
    LCD_ShowChar                             0x08003f91   Thumb Code   620  lcd.o(.text.LCD_ShowChar)
    LCD_ShowString                           0x080041fd   Thumb Code    94  lcd.o(.text.LCD_ShowString)
    MX_ADC1_Init                             0x0800425d   Thumb Code   182  adc.o(.text.MX_ADC1_Init)
    MX_ADC2_Init                             0x08004315   Thumb Code   110  adc.o(.text.MX_ADC2_Init)
    MX_DMA_Init                              0x08004385   Thumb Code    56  dma.o(.text.MX_DMA_Init)
    MX_GPIO_Init                             0x080043bd   Thumb Code   254  gpio.o(.text.MX_GPIO_Init)
    MX_SPI1_Init                             0x080044bd   Thumb Code    70  spi.o(.text.MX_SPI1_Init)
    MX_TIM2_Init                             0x08004505   Thumb Code   132  tim.o(.text.MX_TIM2_Init)
    MemManage_Handler                        0x08004589   Thumb Code     2  stm32f4xx_it.o(.text.MemManage_Handler)
    NMI_Handler                              0x0800458d   Thumb Code     2  stm32f4xx_it.o(.text.NMI_Handler)
    Osc_AutoSet                              0x08004591   Thumb Code  1536  oscilloscope.o(.text.Osc_AutoSet)
    Osc_AutoTimebase                         0x08004bf5   Thumb Code   744  oscilloscope.o(.text.Osc_AutoTimebase)
    Osc_Capture                              0x08004f39   Thumb Code  2266  oscilloscope.o(.text.Osc_Capture)
    Osc_DoMeasurements                       0x08005815   Thumb Code  2612  oscilloscope.o(.text.Osc_DoMeasurements)
    Osc_GetAdcSpan                           0x0800625d   Thumb Code    32  oscilloscope.o(.text.Osc_GetAdcSpan)
    Osc_GetCurrentSampleHz                   0x0800627d   Thumb Code    16  oscilloscope.o(.text.Osc_GetCurrentSampleHz)
    Osc_Init                                 0x0800628d   Thumb Code   212  oscilloscope.o(.text.Osc_Init)
    Osc_SetTimebase                          0x08006361   Thumb Code   146  oscilloscope.o(.text.Osc_SetTimebase)
    Osc_SetTrigLevel                         0x080063f5   Thumb Code    26  oscilloscope.o(.text.Osc_SetTrigLevel)
    Osc_SetVScale                            0x08006411   Thumb Code    22  oscilloscope.o(.text.Osc_SetVScale)
    Osc_Start                                0x08006429   Thumb Code    98  oscilloscope.o(.text.Osc_Start)
    Osc_SwitchDispMode                       0x0800648d   Thumb Code    24  oscilloscope.o(.text.Osc_SwitchDispMode)
    Osc_ToggleCoupling                       0x080064a5   Thumb Code    32  oscilloscope.o(.text.Osc_ToggleCoupling)
    PendSV_Handler                           0x080064c5   Thumb Code     2  stm32f4xx_it.o(.text.PendSV_Handler)
    SVC_Handler                              0x080065ed   Thumb Code     2  stm32f4xx_it.o(.text.SVC_Handler)
    SysTick_Handler                          0x080065f1   Thumb Code     4  stm32f4xx_it.o(.text.SysTick_Handler)
    SystemClock_Config                       0x080065f5   Thumb Code   172  main.o(.text.SystemClock_Config)
    SystemInit                               0x080066a1   Thumb Code    18  system_stm32f4xx.o(.text.SystemInit)
    TIM_Base_SetConfig                       0x080066b5   Thumb Code   314  stm32f4xx_hal_tim.o(.text.TIM_Base_SetConfig)
    UI_ClearStatusBar                        0x080067f1   Thumb Code    44  ui.o(.text.UI_ClearStatusBar)
    UI_ClearWaveAreas                        0x0800681d   Thumb Code    44  ui.o(.text.UI_ClearWaveAreas)
    UI_DrawFFT                               0x08006849   Thumb Code  1648  ui.o(.text.UI_DrawFFT)
    UI_DrawGrids                             0x08006ed5   Thumb Code   590  ui.o(.text.UI_DrawGrids)
    UI_DrawStatusBar                         0x08007125   Thumb Code  1016  ui.o(.text.UI_DrawStatusBar)
    UI_DrawWaveform                          0x080075cd   Thumb Code  1270  ui.o(.text.UI_DrawWaveform)
    UI_ResetCache                            0x08007ac5   Thumb Code    64  ui.o(.text.UI_ResetCache)
    UI_ResetStatusBar                        0x08007b05   Thumb Code    32  ui.o(.text.UI_ResetStatusBar)
    UsageFault_Handler                       0x08007b25   Thumb Code     2  stm32f4xx_it.o(.text.UsageFault_Handler)
    arm_bitreversal_32                       0x08007b29   Thumb Code   340  arm_bitreversal2.o(.text.arm_bitreversal_32)
    arm_cfft_f32                             0x08007c7d   Thumb Code   506  arm_cfft_f32.o(.text.arm_cfft_f32)
    arm_cfft_init_f32                        0x08007e79   Thumb Code   194  arm_cfft_init_f32.o(.text.arm_cfft_init_f32)
    arm_cfft_radix8by2_f32                   0x08007f3d   Thumb Code   410  arm_cfft_f32.o(.text.arm_cfft_radix8by2_f32)
    arm_cfft_radix8by4_f32                   0x080080d9   Thumb Code  1256  arm_cfft_f32.o(.text.arm_cfft_radix8by4_f32)
    arm_radix8_butterfly_f32                 0x080085c1   Thumb Code  1380  arm_cfft_radix8_f32.o(.text.arm_radix8_butterfly_f32)
    arm_rfft_fast_f32                        0x08008cf9   Thumb Code  1648  arm_rfft_fast_f32.o(.text.arm_rfft_fast_f32)
    arm_rfft_fast_init_f32                   0x08009369   Thumb Code   154  arm_rfft_fast_init_f32.o(.text.arm_rfft_fast_init_f32)
    main                                     0x08009405   Thumb Code   824  main.o(.text.main)
    __0snprintf                              0x0800973d   Thumb Code    48  printfa.o(i.__0snprintf)
    __1snprintf                              0x0800973d   Thumb Code     0  printfa.o(i.__0snprintf)
    __2snprintf                              0x0800973d   Thumb Code     0  printfa.o(i.__0snprintf)
    __c89snprintf                            0x0800973d   Thumb Code     0  printfa.o(i.__0snprintf)
    snprintf                                 0x0800973d   Thumb Code     0  printfa.o(i.__0snprintf)
    __hardfp_cosf                            0x08009771   Thumb Code   280  cosf.o(i.__hardfp_cosf)
    __hardfp_log10f                          0x080098c1   Thumb Code   332  log10f.o(i.__hardfp_log10f)
    __mathlib_flt_divzero                    0x08009a41   Thumb Code    14  funder.o(i.__mathlib_flt_divzero)
    __mathlib_flt_infnan                     0x08009a55   Thumb Code     6  funder.o(i.__mathlib_flt_infnan)
    __mathlib_flt_invalid                    0x08009a5d   Thumb Code    10  funder.o(i.__mathlib_flt_invalid)
    __mathlib_rredf2                         0x08009a6d   Thumb Code   316  rredf.o(i.__mathlib_rredf2)
    __scatterload_copy                       0x08009bc1   Thumb Code    14  handlers.o(i.__scatterload_copy)
    __scatterload_null                       0x08009bcf   Thumb Code     2  handlers.o(i.__scatterload_null)
    __scatterload_zeroinit                   0x08009bd1   Thumb Code    14  handlers.o(i.__scatterload_zeroinit)
    __set_errno                              0x08009be1   Thumb Code     6  errno.o(i.__set_errno)
    AHBPrescTable                            0x0800a514   Data          16  system_stm32f4xx.o(.rodata.AHBPrescTable)
    armBitRevIndexTable1024                  0x0800a524   Data        3600  arm_common_tables.o(.rodata.armBitRevIndexTable1024)
    armBitRevIndexTable128                   0x0800b334   Data         416  arm_common_tables.o(.rodata.armBitRevIndexTable128)
    armBitRevIndexTable16                    0x0800b4d4   Data          40  arm_common_tables.o(.rodata.armBitRevIndexTable16)
    armBitRevIndexTable2048                  0x0800b4fc   Data        7616  arm_common_tables.o(.rodata.armBitRevIndexTable2048)
    armBitRevIndexTable256                   0x0800d2bc   Data         880  arm_common_tables.o(.rodata.armBitRevIndexTable256)
    armBitRevIndexTable32                    0x0800d62c   Data          96  arm_common_tables.o(.rodata.armBitRevIndexTable32)
    armBitRevIndexTable4096                  0x0800d68c   Data        8064  arm_common_tables.o(.rodata.armBitRevIndexTable4096)
    armBitRevIndexTable512                   0x0800f60c   Data         896  arm_common_tables.o(.rodata.armBitRevIndexTable512)
    armBitRevIndexTable64                    0x0800f98c   Data         112  arm_common_tables.o(.rodata.armBitRevIndexTable64)
    arm_cfft_sR_f32_len1024                  0x0800f9fc   Data          16  arm_const_structs.o(.rodata.arm_cfft_sR_f32_len1024)
    arm_cfft_sR_f32_len128                   0x0800fa0c   Data          16  arm_const_structs.o(.rodata.arm_cfft_sR_f32_len128)
    arm_cfft_sR_f32_len16                    0x0800fa1c   Data          16  arm_const_structs.o(.rodata.arm_cfft_sR_f32_len16)
    arm_cfft_sR_f32_len2048                  0x0800fa2c   Data          16  arm_const_structs.o(.rodata.arm_cfft_sR_f32_len2048)
    arm_cfft_sR_f32_len256                   0x0800fa3c   Data          16  arm_const_structs.o(.rodata.arm_cfft_sR_f32_len256)
    arm_cfft_sR_f32_len32                    0x0800fa4c   Data          16  arm_const_structs.o(.rodata.arm_cfft_sR_f32_len32)
    arm_cfft_sR_f32_len4096                  0x0800fa5c   Data          16  arm_const_structs.o(.rodata.arm_cfft_sR_f32_len4096)
    arm_cfft_sR_f32_len512                   0x0800fa6c   Data          16  arm_const_structs.o(.rodata.arm_cfft_sR_f32_len512)
    arm_cfft_sR_f32_len64                    0x0800fa7c   Data          16  arm_const_structs.o(.rodata.arm_cfft_sR_f32_len64)
    g_tb_table                               0x0800ff08   Data         336  oscilloscope.o(.rodata.g_tb_table)
    g_vscale_table                           0x08010058   Data          30  oscilloscope.o(.rodata.g_vscale_table)
    twiddleCoef_1024                         0x080100d4   Data        8192  arm_common_tables.o(.rodata.twiddleCoef_1024)
    twiddleCoef_128                          0x080120d4   Data        1024  arm_common_tables.o(.rodata.twiddleCoef_128)
    twiddleCoef_16                           0x080124d4   Data         128  arm_common_tables.o(.rodata.twiddleCoef_16)
    twiddleCoef_2048                         0x08012554   Data       16384  arm_common_tables.o(.rodata.twiddleCoef_2048)
    twiddleCoef_256                          0x08016554   Data        2048  arm_common_tables.o(.rodata.twiddleCoef_256)
    twiddleCoef_32                           0x08016d54   Data         256  arm_common_tables.o(.rodata.twiddleCoef_32)
    twiddleCoef_4096                         0x08016e54   Data       32768  arm_common_tables.o(.rodata.twiddleCoef_4096)
    twiddleCoef_512                          0x0801ee54   Data        4096  arm_common_tables.o(.rodata.twiddleCoef_512)
    twiddleCoef_64                           0x0801fe54   Data         512  arm_common_tables.o(.rodata.twiddleCoef_64)
    twiddleCoef_rfft_1024                    0x08020054   Data        4096  arm_common_tables.o(.rodata.twiddleCoef_rfft_1024)
    twiddleCoef_rfft_128                     0x08021054   Data         512  arm_common_tables.o(.rodata.twiddleCoef_rfft_128)
    twiddleCoef_rfft_2048                    0x08021254   Data        8192  arm_common_tables.o(.rodata.twiddleCoef_rfft_2048)
    twiddleCoef_rfft_256                     0x08023254   Data        1024  arm_common_tables.o(.rodata.twiddleCoef_rfft_256)
    twiddleCoef_rfft_32                      0x08023654   Data         128  arm_common_tables.o(.rodata.twiddleCoef_rfft_32)
    twiddleCoef_rfft_4096                    0x080236d4   Data       16384  arm_common_tables.o(.rodata.twiddleCoef_rfft_4096)
    twiddleCoef_rfft_512                     0x080276d4   Data        2048  arm_common_tables.o(.rodata.twiddleCoef_rfft_512)
    twiddleCoef_rfft_64                      0x08027ed4   Data         256  arm_common_tables.o(.rodata.twiddleCoef_rfft_64)
    Region$$Table$$Base                      0x08027fd4   Number         0  anon$$obj.o(Region$$Table)
    Region$$Table$$Limit                     0x08027ff4   Number         0  anon$$obj.o(Region$$Table)
    uwTickFreq                               0x2000000c   Data           1  stm32f4xx_hal.o(.data..L_MergedGlobals)
    uwTickPrio                               0x20000010   Data           4  stm32f4xx_hal.o(.data..L_MergedGlobals)
    SystemCoreClock                          0x20000014   Data           4  system_stm32f4xx.o(.data.SystemCoreClock)
    g_enc_ui_dirty                           0x200000b0   Data           1  oscilloscope.o(.bss.g_enc_ui_dirty)
    g_fft_result                             0x200004b4   Data        1036  fft.o(.bss.g_fft_result)
    g_osc                                    0x200008c0   Data       15432  oscilloscope.o(.bss.g_osc)
    g_trig_adj_mode                          0x20004508   Data           1  oscilloscope.o(.bss.g_trig_adj_mode)
    hadc1                                    0x2000450c   Data          72  adc.o(.bss.hadc1)
    hadc2                                    0x20004554   Data          72  adc.o(.bss.hadc2)
    hdac                                     0x2000459c   Data          20  dac.o(.bss.hdac)
    hdma_adc1                                0x200045b0   Data          96  adc.o(.bss.hdma_adc1)
    hdma_adc2                                0x20004610   Data          96  adc.o(.bss.hdma_adc2)
    hspi1                                    0x20004670   Data          88  spi.o(.bss.hspi1)
    htim2                                    0x200046c8   Data          72  tim.o(.bss.htim2)
    uwTick                                   0x20004af0   Data           4  stm32f4xx_hal.o(.bss.uwTick)
    __initial_sp                             0x20004ef8   Data           0  startup_stm32f407xx.o(STACK)



==============================================================================

Memory Map of the image

  Image Entry point : 0x08000189

  Load Region LR_IROM1 (Base: 0x08000000, Size: 0x00028018, Max: 0x00080000, ABSOLUTE)

    Execution Region ER_IROM1 (Exec base: 0x08000000, Load base: 0x08000000, Size: 0x00027ff4, Max: 0x00080000, ABSOLUTE)

    Exec Addr    Load Addr    Size         Type   Attr      Idx    E Section Name        Object

    0x08000000   0x08000000   0x00000188   Data   RO            3    RESET               startup_stm32f407xx.o
    0x08000188   0x08000188   0x00000000   Code   RO         1600  * .ARM.Collect$$$$00000000  mc_w.l(entry.o)
    0x08000188   0x08000188   0x00000004   Code   RO         1897    .ARM.Collect$$$$00000001  mc_w.l(entry2.o)
    0x0800018c   0x0800018c   0x00000004   Code   RO         1900    .ARM.Collect$$$$00000004  mc_w.l(entry5.o)
    0x08000190   0x08000190   0x00000000   Code   RO         1902    .ARM.Collect$$$$00000008  mc_w.l(entry7b.o)
    0x08000190   0x08000190   0x00000000   Code   RO         1904    .ARM.Collect$$$$0000000A  mc_w.l(entry8b.o)
    0x08000190   0x08000190   0x00000008   Code   RO         1905    .ARM.Collect$$$$0000000B  mc_w.l(entry9a.o)
    0x08000198   0x08000198   0x00000000   Code   RO         1907    .ARM.Collect$$$$0000000D  mc_w.l(entry10a.o)
    0x08000198   0x08000198   0x00000000   Code   RO         1909    .ARM.Collect$$$$0000000F  mc_w.l(entry11a.o)
    0x08000198   0x08000198   0x00000004   Code   RO         1898    .ARM.Collect$$$$00002712  mc_w.l(entry2.o)
    0x0800019c   0x0800019c   0x00000024   Code   RO            4    .text               startup_stm32f407xx.o
    0x080001c0   0x080001c0   0x00000062   Code   RO         1603    .text               mc_w.l(uldiv.o)
    0x08000222   0x08000222   0x00000024   Code   RO         1605    .text               mc_w.l(memcpya.o)
    0x08000246   0x08000246   0x00000024   Code   RO         1607    .text               mc_w.l(memseta.o)
    0x0800026a   0x0800026a   0x0000001c   Code   RO         1611    .text               mc_w.l(strcmp.o)
    0x08000286   0x08000286   0x00000012   Code   RO         1613    .text               mc_w.l(strcpy.o)
    0x08000298   0x08000298   0x00000026   Code   RO         1878    .text               mf_w.l(f2d.o)
    0x080002be   0x080002be   0x0000002c   Code   RO         1925    .text               mc_w.l(uidiv.o)
    0x080002ea   0x080002ea   0x0000001e   Code   RO         1927    .text               mc_w.l(llshl.o)
    0x08000308   0x08000308   0x00000020   Code   RO         1929    .text               mc_w.l(llushr.o)
    0x08000328   0x08000328   0x00000000   Code   RO         1938    .text               mc_w.l(iusefp.o)
    0x08000328   0x08000328   0x0000014e   Code   RO         1939    .text               mf_w.l(dadd.o)
    0x08000476   0x08000476   0x000000e4   Code   RO         1941    .text               mf_w.l(dmul.o)
    0x0800055a   0x0800055a   0x000000de   Code   RO         1943    .text               mf_w.l(ddiv.o)
    0x08000638   0x08000638   0x00000030   Code   RO         1945    .text               mf_w.l(dfixul.o)
    0x08000668   0x08000668   0x00000030   Code   RO         1947    .text               mf_w.l(cdrcmple.o)
    0x08000698   0x08000698   0x00000030   Code   RO         1949    .text               mc_w.l(init.o)
    0x080006c8   0x080006c8   0x00000024   Code   RO         1952    .text               mc_w.l(llsshr.o)
    0x080006ec   0x080006ec   0x000000ba   Code   RO         1955    .text               mf_w.l(depilogue.o)
    0x080007a6   0x080007a6   0x00000002   PAD
    0x080007a8   0x080007a8   0x0000006e   Code   RO          321    .text.ADC_DMAConvCplt  stm32f4xx_hal_adc.o
    0x08000816   0x08000816   0x00000002   PAD
    0x08000818   0x08000818   0x00000012   Code   RO          325    .text.ADC_DMAError  stm32f4xx_hal_adc.o
    0x0800082a   0x0800082a   0x00000002   PAD
    0x0800082c   0x0800082c   0x00000006   Code   RO          323    .text.ADC_DMAHalfConvCplt  stm32f4xx_hal_adc.o
    0x08000832   0x08000832   0x00000002   PAD
    0x08000834   0x08000834   0x00000002   Code   RO          255    .text.BusFault_Handler  stm32f4xx_it.o
    0x08000836   0x08000836   0x00000002   PAD
    0x08000838   0x08000838   0x0000000c   Code   RO          267    .text.DMA2_Stream0_IRQHandler  stm32f4xx_it.o
    0x08000844   0x08000844   0x0000000c   Code   RO          269    .text.DMA2_Stream2_IRQHandler  stm32f4xx_it.o
    0x08000850   0x08000850   0x00000002   Code   RO          261    .text.DebugMon_Handler  stm32f4xx_it.o
    0x08000852   0x08000852   0x00000002   PAD
    0x08000854   0x08000854   0x000000fe   Code   RO          271    .text.EXTI0_IRQHandler  stm32f4xx_it.o
    0x08000952   0x08000952   0x00000002   PAD
    0x08000954   0x08000954   0x000000cc   Code   RO          273    .text.EXTI2_IRQHandler  stm32f4xx_it.o
    0x08000a20   0x08000a20   0x00000006   Code   RO          153    .text.Error_Handler  main.o
    0x08000a26   0x08000a26   0x00000002   PAD
    0x08000a28   0x08000a28   0x000001e0   Code   RO           57    .text.FFT_ComputeMagnitude  fft.o
    0x08000c08   0x08000c08   0x00000024   Code   RO           51    .text.FFT_Init      fft.o
    0x08000c2c   0x08000c2c   0x00000438   Code   RO           55    .text.FFT_Process   fft.o
    0x08001064   0x08001064   0x00000144   Code   RO          333    .text.HAL_ADC_ConfigChannel  stm32f4xx_hal_adc.o
    0x080011a8   0x080011a8   0x00000002   Code   RO          313    .text.HAL_ADC_ConvCpltCallback  stm32f4xx_hal_adc.o
    0x080011aa   0x080011aa   0x00000002   PAD
    0x080011ac   0x080011ac   0x00000002   Code   RO          331    .text.HAL_ADC_ConvHalfCpltCallback  stm32f4xx_hal_adc.o
    0x080011ae   0x080011ae   0x00000002   PAD
    0x080011b0   0x080011b0   0x0000003e   Code   RO          295    .text.HAL_ADC_DeInit  stm32f4xx_hal_adc.o
    0x080011ee   0x080011ee   0x00000002   PAD
    0x080011f0   0x080011f0   0x00000002   Code   RO          317    .text.HAL_ADC_ErrorCallback  stm32f4xx_hal_adc.o
    0x080011f2   0x080011f2   0x00000002   PAD
    0x080011f4   0x080011f4   0x0000015c   Code   RO          291    .text.HAL_ADC_Init  stm32f4xx_hal_adc.o
    0x08001350   0x08001350   0x00000074   Code   RO          181    .text.HAL_ADC_MspDeInit  adc.o
    0x080013c4   0x080013c4   0x0000016c   Code   RO          179    .text.HAL_ADC_MspInit  adc.o
    0x08001530   0x08001530   0x000001a2   Code   RO          319    .text.HAL_ADC_Start_DMA  stm32f4xx_hal_adc.o
    0x080016d2   0x080016d2   0x00000002   PAD
    0x080016d4   0x080016d4   0x0000007e   Code   RO          327    .text.HAL_ADC_Stop_DMA  stm32f4xx_hal_adc.o
    0x08001752   0x08001752   0x00000002   PAD
    0x08001754   0x08001754   0x0000002e   Code   RO          799    .text.HAL_DAC_SetValue  stm32f4xx_hal_dac.o
    0x08001782   0x08001782   0x00000002   PAD
    0x08001784   0x08001784   0x0000008e   Code   RO          544    .text.HAL_DMA_Abort  stm32f4xx_hal_dma.o
    0x08001812   0x08001812   0x00000002   PAD
    0x08001814   0x08001814   0x00000088   Code   RO          538    .text.HAL_DMA_DeInit  stm32f4xx_hal_dma.o
    0x0800189c   0x0800189c   0x000001c4   Code   RO          550    .text.HAL_DMA_IRQHandler  stm32f4xx_hal_dma.o
    0x08001a60   0x08001a60   0x00000162   Code   RO          536    .text.HAL_DMA_Init  stm32f4xx_hal_dma.o
    0x08001bc2   0x08001bc2   0x00000002   PAD
    0x08001bc4   0x08001bc4   0x000000a2   Code   RO          542    .text.HAL_DMA_Start_IT  stm32f4xx_hal_dma.o
    0x08001c66   0x08001c66   0x00000002   PAD
    0x08001c68   0x08001c68   0x00000028   Code   RO          703    .text.HAL_Delay     stm32f4xx_hal.o
    0x08001c90   0x08001c90   0x000001ce   Code   RO          500    .text.HAL_GPIO_DeInit  stm32f4xx_hal_gpio.o
    0x08001e5e   0x08001e5e   0x00000002   PAD
    0x08001e60   0x08001e60   0x0000019e   Code   RO          498    .text.HAL_GPIO_Init  stm32f4xx_hal_gpio.o
    0x08001ffe   0x08001ffe   0x00000002   PAD
    0x08002000   0x08002000   0x0000000a   Code   RO          502    .text.HAL_GPIO_ReadPin  stm32f4xx_hal_gpio.o
    0x0800200a   0x0800200a   0x00000002   PAD
    0x0800200c   0x0800200c   0x00000010   Code   RO          506    .text.HAL_GPIO_TogglePin  stm32f4xx_hal_gpio.o
    0x0800201c   0x0800201c   0x0000000a   Code   RO          504    .text.HAL_GPIO_WritePin  stm32f4xx_hal_gpio.o
    0x08002026   0x08002026   0x00000002   PAD
    0x08002028   0x08002028   0x0000000c   Code   RO          695    .text.HAL_GetTick   stm32f4xx_hal.o
    0x08002034   0x08002034   0x0000001a   Code   RO          693    .text.HAL_IncTick   stm32f4xx_hal.o
    0x0800204e   0x0800204e   0x00000002   PAD
    0x08002050   0x08002050   0x00000036   Code   RO          683    .text.HAL_Init      stm32f4xx_hal.o
    0x08002086   0x08002086   0x00000002   PAD
    0x08002088   0x08002088   0x00000048   Code   RO          685    .text.HAL_InitTick  stm32f4xx_hal.o
    0x080020d0   0x080020d0   0x00000038   Code   RO          283    .text.HAL_MspInit   stm32f4xx_hal_msp.o
    0x08002108   0x08002108   0x00000022   Code   RO          635    .text.HAL_NVIC_EnableIRQ  stm32f4xx_hal_cortex.o
    0x0800212a   0x0800212a   0x00000002   PAD
    0x0800212c   0x0800212c   0x00000056   Code   RO          633    .text.HAL_NVIC_SetPriority  stm32f4xx_hal_cortex.o
    0x08002182   0x08002182   0x00000002   PAD
    0x08002184   0x08002184   0x00000020   Code   RO          631    .text.HAL_NVIC_SetPriorityGrouping  stm32f4xx_hal_cortex.o
    0x080021a4   0x080021a4   0x00000164   Code   RO          392    .text.HAL_RCC_ClockConfig  stm32f4xx_hal_rcc.o
    0x08002308   0x08002308   0x0000006c   Code   RO          394    .text.HAL_RCC_GetSysClockFreq  stm32f4xx_hal_rcc.o
    0x08002374   0x08002374   0x000003ac   Code   RO          390    .text.HAL_RCC_OscConfig  stm32f4xx_hal_rcc.o
    0x08002720   0x08002720   0x000000b0   Code   RO          857    .text.HAL_SPI_Init  stm32f4xx_hal_spi.o
    0x080027d0   0x080027d0   0x00000074   Code   RO          221    .text.HAL_SPI_MspInit  spi.o
    0x08002844   0x08002844   0x0000027a   Code   RO          865    .text.HAL_SPI_Transmit  stm32f4xx_hal_spi.o
    0x08002abe   0x08002abe   0x00000002   PAD
    0x08002ac0   0x08002ac0   0x0000002c   Code   RO          643    .text.HAL_SYSTICK_Config  stm32f4xx_hal_cortex.o
    0x08002aec   0x08002aec   0x000000ba   Code   RO         1266    .text.HAL_TIMEx_MasterConfigSynchronization  stm32f4xx_hal_tim_ex.o
    0x08002ba6   0x08002ba6   0x00000002   PAD
    0x08002ba8   0x08002ba8   0x0000005a   Code   RO          971    .text.HAL_TIM_Base_Init  stm32f4xx_hal_tim.o
    0x08002c02   0x08002c02   0x00000002   PAD
    0x08002c04   0x08002c04   0x0000002e   Code   RO          236    .text.HAL_TIM_Base_MspInit  tim.o
    0x08002c32   0x08002c32   0x00000002   PAD
    0x08002c34   0x08002c34   0x000000a2   Code   RO          981    .text.HAL_TIM_Base_Start  stm32f4xx_hal_tim.o
    0x08002cd6   0x08002cd6   0x00000002   PAD
    0x08002cd8   0x08002cd8   0x00000034   Code   RO          983    .text.HAL_TIM_Base_Stop  stm32f4xx_hal_tim.o
    0x08002d0c   0x08002d0c   0x000001a0   Code   RO         1151    .text.HAL_TIM_ConfigClockSource  stm32f4xx_hal_tim.o
    0x08002eac   0x08002eac   0x00000002   Code   RO          251    .text.HardFault_Handler  stm32f4xx_it.o
    0x08002eae   0x08002eae   0x00000002   PAD
    0x08002eb0   0x08002eb0   0x00000080   Code   RO           15    .text.LCD_Clear     lcd.o
    0x08002f30   0x08002f30   0x0000009c   Code   RO           23    .text.LCD_DrawLine  lcd.o
    0x08002fcc   0x08002fcc   0x00000074   Code   RO           19    .text.LCD_DrawPoint  lcd.o
    0x08003040   0x08003040   0x000000a0   Code   RO           21    .text.LCD_Fill      lcd.o
    0x080030e0   0x080030e0   0x00000ce8   Code   RO           11    .text.LCD_Init      lcd.o
    0x08003dc8   0x08003dc8   0x000001c8   Code   RO           17    .text.LCD_SetWindow  lcd.o
    0x08003f90   0x08003f90   0x0000026c   Code   RO           31    .text.LCD_ShowChar  lcd.o
    0x080041fc   0x080041fc   0x0000005e   Code   RO           33    .text.LCD_ShowString  lcd.o
    0x0800425a   0x0800425a   0x00000002   PAD
    0x0800425c   0x0800425c   0x000000b6   Code   RO          175    .text.MX_ADC1_Init  adc.o
    0x08004312   0x08004312   0x00000002   PAD
    0x08004314   0x08004314   0x0000006e   Code   RO          177    .text.MX_ADC2_Init  adc.o
    0x08004382   0x08004382   0x00000002   PAD
    0x08004384   0x08004384   0x00000038   Code   RO          210    .text.MX_DMA_Init   dma.o
    0x080043bc   0x080043bc   0x000000fe   Code   RO          166    .text.MX_GPIO_Init  gpio.o
    0x080044ba   0x080044ba   0x00000002   PAD
    0x080044bc   0x080044bc   0x00000046   Code   RO          219    .text.MX_SPI1_Init  spi.o
    0x08004502   0x08004502   0x00000002   PAD
    0x08004504   0x08004504   0x00000084   Code   RO          234    .text.MX_TIM2_Init  tim.o
    0x08004588   0x08004588   0x00000002   Code   RO          253    .text.MemManage_Handler  stm32f4xx_it.o
    0x0800458a   0x0800458a   0x00000002   PAD
    0x0800458c   0x0800458c   0x00000002   Code   RO          249    .text.NMI_Handler   stm32f4xx_it.o
    0x0800458e   0x0800458e   0x00000002   PAD
    0x08004590   0x08004590   0x00000664   Code   RO          104    .text.Osc_AutoSet   oscilloscope.o
    0x08004bf4   0x08004bf4   0x00000344   Code   RO          100    .text.Osc_AutoTimebase  oscilloscope.o
    0x08004f38   0x08004f38   0x000008da   Code   RO           78    .text.Osc_Capture   oscilloscope.o
    0x08005812   0x08005812   0x00000002   PAD
    0x08005814   0x08005814   0x00000a48   Code   RO           80    .text.Osc_DoMeasurements  oscilloscope.o
    0x0800625c   0x0800625c   0x00000020   Code   RO           72    .text.Osc_GetAdcSpan  oscilloscope.o
    0x0800627c   0x0800627c   0x00000010   Code   RO           82    .text.Osc_GetCurrentSampleHz  oscilloscope.o
    0x0800628c   0x0800628c   0x000000d4   Code   RO           84    .text.Osc_Init      oscilloscope.o
    0x08006360   0x08006360   0x00000092   Code   RO           90    .text.Osc_SetTimebase  oscilloscope.o
    0x080063f2   0x080063f2   0x00000002   PAD
    0x080063f4   0x080063f4   0x0000001a   Code   RO           96    .text.Osc_SetTrigLevel  oscilloscope.o
    0x0800640e   0x0800640e   0x00000002   PAD
    0x08006410   0x08006410   0x00000016   Code   RO           74    .text.Osc_SetVScale  oscilloscope.o
    0x08006426   0x08006426   0x00000002   PAD
    0x08006428   0x08006428   0x00000062   Code   RO           86    .text.Osc_Start     oscilloscope.o
    0x0800648a   0x0800648a   0x00000002   PAD
    0x0800648c   0x0800648c   0x00000018   Code   RO           98    .text.Osc_SwitchDispMode  oscilloscope.o
    0x080064a4   0x080064a4   0x00000020   Code   RO           76    .text.Osc_ToggleCoupling  oscilloscope.o
    0x080064c4   0x080064c4   0x00000002   Code   RO          263    .text.PendSV_Handler  stm32f4xx_it.o
    0x080064c6   0x080064c6   0x00000002   PAD
    0x080064c8   0x080064c8   0x00000124   Code   RO          961    .text.SPI_WaitFlagStateUntilTimeout  stm32f4xx_hal_spi.o
    0x080065ec   0x080065ec   0x00000002   Code   RO          259    .text.SVC_Handler   stm32f4xx_it.o
    0x080065ee   0x080065ee   0x00000002   PAD
    0x080065f0   0x080065f0   0x00000004   Code   RO          265    .text.SysTick_Handler  stm32f4xx_it.o
    0x080065f4   0x080065f4   0x000000ac   Code   RO          151    .text.SystemClock_Config  main.o
    0x080066a0   0x080066a0   0x00000012   Code   RO         1290    .text.SystemInit    system_stm32f4xx.o
    0x080066b2   0x080066b2   0x00000002   PAD
    0x080066b4   0x080066b4   0x0000013a   Code   RO          975    .text.TIM_Base_SetConfig  stm32f4xx_hal_tim.o
    0x080067ee   0x080067ee   0x00000002   PAD
    0x080067f0   0x080067f0   0x0000002c   Code   RO          133    .text.UI_ClearStatusBar  ui.o
    0x0800681c   0x0800681c   0x0000002c   Code   RO          131    .text.UI_ClearWaveAreas  ui.o
    0x08006848   0x08006848   0x0000068c   Code   RO          125    .text.UI_DrawFFT    ui.o
    0x08006ed4   0x08006ed4   0x0000024e   Code   RO          119    .text.UI_DrawGrids  ui.o
    0x08007122   0x08007122   0x00000002   PAD
    0x08007124   0x08007124   0x000004a8   Code   RO          127    .text.UI_DrawStatusBar  ui.o
    0x080075cc   0x080075cc   0x000004f6   Code   RO          121    .text.UI_DrawWaveform  ui.o
    0x08007ac2   0x08007ac2   0x00000002   PAD
    0x08007ac4   0x08007ac4   0x00000040   Code   RO          123    .text.UI_ResetCache  ui.o
    0x08007b04   0x08007b04   0x00000020   Code   RO          129    .text.UI_ResetStatusBar  ui.o
    0x08007b24   0x08007b24   0x00000002   Code   RO          257    .text.UsageFault_Handler  stm32f4xx_it.o
    0x08007b26   0x08007b26   0x00000002   PAD
    0x08007b28   0x08007b28   0x00000154   Code   RO         1379    .text.arm_bitreversal_32  arm_bitreversal2.o
    0x08007c7c   0x08007c7c   0x000001fa   Code   RO         1349    .text.arm_cfft_f32  arm_cfft_f32.o
    0x08007e76   0x08007e76   0x00000002   PAD
    0x08007e78   0x08007e78   0x000000c2   Code   RO         1359    .text.arm_cfft_init_f32  arm_cfft_init_f32.o
    0x08007f3a   0x08007f3a   0x00000002   PAD
    0x08007f3c   0x08007f3c   0x0000019a   Code   RO         1345    .text.arm_cfft_radix8by2_f32  arm_cfft_f32.o
    0x080080d6   0x080080d6   0x00000002   PAD
    0x080080d8   0x080080d8   0x000004e8   Code   RO         1347    .text.arm_cfft_radix8by4_f32  arm_cfft_f32.o
    0x080085c0   0x080085c0   0x00000564   Code   RO         1368    .text.arm_radix8_butterfly_f32  arm_cfft_radix8_f32.o
    0x08008b24   0x08008b24   0x0000003a   Code   RO         1325    .text.arm_rfft_1024_fast_init_f32  arm_rfft_fast_init_f32.o
    0x08008b5e   0x08008b5e   0x00000002   PAD
    0x08008b60   0x08008b60   0x00000038   Code   RO         1331    .text.arm_rfft_128_fast_init_f32  arm_rfft_fast_init_f32.o
    0x08008b98   0x08008b98   0x0000003a   Code   RO         1323    .text.arm_rfft_2048_fast_init_f32  arm_rfft_fast_init_f32.o
    0x08008bd2   0x08008bd2   0x00000002   PAD
    0x08008bd4   0x08008bd4   0x0000003a   Code   RO         1329    .text.arm_rfft_256_fast_init_f32  arm_rfft_fast_init_f32.o
    0x08008c0e   0x08008c0e   0x00000002   PAD
    0x08008c10   0x08008c10   0x00000038   Code   RO         1335    .text.arm_rfft_32_fast_init_f32  arm_rfft_fast_init_f32.o
    0x08008c48   0x08008c48   0x0000003a   Code   RO         1321    .text.arm_rfft_4096_fast_init_f32  arm_rfft_fast_init_f32.o
    0x08008c82   0x08008c82   0x00000002   PAD
    0x08008c84   0x08008c84   0x0000003a   Code   RO         1327    .text.arm_rfft_512_fast_init_f32  arm_rfft_fast_init_f32.o
    0x08008cbe   0x08008cbe   0x00000002   PAD
    0x08008cc0   0x08008cc0   0x00000038   Code   RO         1333    .text.arm_rfft_64_fast_init_f32  arm_rfft_fast_init_f32.o
    0x08008cf8   0x08008cf8   0x00000670   Code   RO         1309    .text.arm_rfft_fast_f32  arm_rfft_fast_f32.o
    0x08009368   0x08009368   0x0000009a   Code   RO         1319    .text.arm_rfft_fast_init_f32  arm_rfft_fast_init_f32.o
    0x08009402   0x08009402   0x00000002   PAD
    0x08009404   0x08009404   0x00000338   Code   RO          149    .text.main          main.o
    0x0800973c   0x0800973c   0x00000034   Code   RO         1851    i.__0snprintf       mc_w.l(printfa.o)
    0x08009770   0x08009770   0x00000150   Code   RO         1587    i.__hardfp_cosf     m_wm.l(cosf.o)
    0x080098c0   0x080098c0   0x00000180   Code   RO         1593    i.__hardfp_log10f   m_wm.l(log10f.o)
    0x08009a40   0x08009a40   0x00000014   Code   RO         1880    i.__mathlib_flt_divzero  m_wm.l(funder.o)
    0x08009a54   0x08009a54   0x00000006   Code   RO         1881    i.__mathlib_flt_infnan  m_wm.l(funder.o)
    0x08009a5a   0x08009a5a   0x00000002   PAD
    0x08009a5c   0x08009a5c   0x00000010   Code   RO         1883    i.__mathlib_flt_invalid  m_wm.l(funder.o)
    0x08009a6c   0x08009a6c   0x00000154   Code   RO         1894    i.__mathlib_rredf2  m_wm.l(rredf.o)
    0x08009bc0   0x08009bc0   0x0000000e   Code   RO         1959    i.__scatterload_copy  mc_w.l(handlers.o)
    0x08009bce   0x08009bce   0x00000002   Code   RO         1960    i.__scatterload_null  mc_w.l(handlers.o)
    0x08009bd0   0x08009bd0   0x0000000e   Code   RO         1961    i.__scatterload_zeroinit  mc_w.l(handlers.o)
    0x08009bde   0x08009bde   0x00000002   PAD
    0x08009be0   0x08009be0   0x0000000c   Code   RO         1933    i.__set_errno       mc_w.l(errno.o)
    0x08009bec   0x08009bec   0x00000184   Code   RO         1857    i._fp_digits        mc_w.l(printfa.o)
    0x08009d70   0x08009d70   0x000006dc   Code   RO         1858    i._printf_core      mc_w.l(printfa.o)
    0x0800a44c   0x0800a44c   0x00000024   Code   RO         1859    i._printf_post_padding  mc_w.l(printfa.o)
    0x0800a470   0x0800a470   0x0000002e   Code   RO         1860    i._printf_pre_padding  mc_w.l(printfa.o)
    0x0800a49e   0x0800a49e   0x00000016   Code   RO         1861    i._snputc           mc_w.l(printfa.o)
    0x0800a4b4   0x0800a4b4   0x00000040   Data   RO         1596    .constdata          m_wm.l(log10f.o)
    0x0800a4f4   0x0800a4f4   0x00000020   Data   RO         1895    .constdata          m_wm.l(rredf.o)
    0x0800a514   0x0800a514   0x00000010   Data   RO         1295    .rodata.AHBPrescTable  system_stm32f4xx.o
    0x0800a524   0x0800a524   0x00000e10   Data   RO         1443    .rodata.armBitRevIndexTable1024  arm_common_tables.o
    0x0800b334   0x0800b334   0x000001a0   Data   RO         1440    .rodata.armBitRevIndexTable128  arm_common_tables.o
    0x0800b4d4   0x0800b4d4   0x00000028   Data   RO         1437    .rodata.armBitRevIndexTable16  arm_common_tables.o
    0x0800b4fc   0x0800b4fc   0x00001dc0   Data   RO         1444    .rodata.armBitRevIndexTable2048  arm_common_tables.o
    0x0800d2bc   0x0800d2bc   0x00000370   Data   RO         1441    .rodata.armBitRevIndexTable256  arm_common_tables.o
    0x0800d62c   0x0800d62c   0x00000060   Data   RO         1438    .rodata.armBitRevIndexTable32  arm_common_tables.o
    0x0800d68c   0x0800d68c   0x00001f80   Data   RO         1445    .rodata.armBitRevIndexTable4096  arm_common_tables.o
    0x0800f60c   0x0800f60c   0x00000380   Data   RO         1442    .rodata.armBitRevIndexTable512  arm_common_tables.o
    0x0800f98c   0x0800f98c   0x00000070   Data   RO         1439    .rodata.armBitRevIndexTable64  arm_common_tables.o
    0x0800f9fc   0x0800f9fc   0x00000010   Data   RO         1528    .rodata.arm_cfft_sR_f32_len1024  arm_const_structs.o
    0x0800fa0c   0x0800fa0c   0x00000010   Data   RO         1525    .rodata.arm_cfft_sR_f32_len128  arm_const_structs.o
    0x0800fa1c   0x0800fa1c   0x00000010   Data   RO         1522    .rodata.arm_cfft_sR_f32_len16  arm_const_structs.o
    0x0800fa2c   0x0800fa2c   0x00000010   Data   RO         1529    .rodata.arm_cfft_sR_f32_len2048  arm_const_structs.o
    0x0800fa3c   0x0800fa3c   0x00000010   Data   RO         1526    .rodata.arm_cfft_sR_f32_len256  arm_const_structs.o
    0x0800fa4c   0x0800fa4c   0x00000010   Data   RO         1523    .rodata.arm_cfft_sR_f32_len32  arm_const_structs.o
    0x0800fa5c   0x0800fa5c   0x00000010   Data   RO         1530    .rodata.arm_cfft_sR_f32_len4096  arm_const_structs.o
    0x0800fa6c   0x0800fa6c   0x00000010   Data   RO         1527    .rodata.arm_cfft_sR_f32_len512  arm_const_structs.o
    0x0800fa7c   0x0800fa7c   0x00000010   Data   RO         1524    .rodata.arm_cfft_sR_f32_len64  arm_const_structs.o
    0x0800fa8c   0x0800fa8c   0x00000008   Data   RO          560    .rodata.cst8        stm32f4xx_hal_dma.o
    0x0800fa94   0x0800fa94   0x00000474   Data   RO           40    .rodata.font_6x12   lcd.o
    0x0800ff08   0x0800ff08   0x00000150   Data   RO          108    .rodata.g_tb_table  oscilloscope.o
    0x08010058   0x08010058   0x0000001e   Data   RO          109    .rodata.g_vscale_table  oscilloscope.o
    0x08010076   0x08010076   0x0000005e   Data   RO          137    .rodata.str1.1      ui.o
    0x080100d4   0x080100d4   0x00002000   Data   RO         1407    .rodata.twiddleCoef_1024  arm_common_tables.o
    0x080120d4   0x080120d4   0x00000400   Data   RO         1404    .rodata.twiddleCoef_128  arm_common_tables.o
    0x080124d4   0x080124d4   0x00000080   Data   RO         1401    .rodata.twiddleCoef_16  arm_common_tables.o
    0x08012554   0x08012554   0x00004000   Data   RO         1408    .rodata.twiddleCoef_2048  arm_common_tables.o
    0x08016554   0x08016554   0x00000800   Data   RO         1405    .rodata.twiddleCoef_256  arm_common_tables.o
    0x08016d54   0x08016d54   0x00000100   Data   RO         1402    .rodata.twiddleCoef_32  arm_common_tables.o
    0x08016e54   0x08016e54   0x00008000   Data   RO         1409    .rodata.twiddleCoef_4096  arm_common_tables.o
    0x0801ee54   0x0801ee54   0x00001000   Data   RO         1406    .rodata.twiddleCoef_512  arm_common_tables.o
    0x0801fe54   0x0801fe54   0x00000200   Data   RO         1403    .rodata.twiddleCoef_64  arm_common_tables.o
    0x08020054   0x08020054   0x00001000   Data   RO         1468    .rodata.twiddleCoef_rfft_1024  arm_common_tables.o
    0x08021054   0x08021054   0x00000200   Data   RO         1465    .rodata.twiddleCoef_rfft_128  arm_common_tables.o
    0x08021254   0x08021254   0x00002000   Data   RO         1469    .rodata.twiddleCoef_rfft_2048  arm_common_tables.o
    0x08023254   0x08023254   0x00000400   Data   RO         1466    .rodata.twiddleCoef_rfft_256  arm_common_tables.o
    0x08023654   0x08023654   0x00000080   Data   RO         1463    .rodata.twiddleCoef_rfft_32  arm_common_tables.o
    0x080236d4   0x080236d4   0x00004000   Data   RO         1470    .rodata.twiddleCoef_rfft_4096  arm_common_tables.o
    0x080276d4   0x080276d4   0x00000800   Data   RO         1467    .rodata.twiddleCoef_rfft_512  arm_common_tables.o
    0x08027ed4   0x08027ed4   0x00000100   Data   RO         1464    .rodata.twiddleCoef_rfft_64  arm_common_tables.o
    0x08027fd4   0x08027fd4   0x00000020   Data   RO         1958    Region$$Table       anon$$obj.o


    Execution Region RW_IRAM1 (Exec base: 0x20000000, Load base: 0x08027ff8, Size: 0x00004ef8, Max: 0x0001c000, ABSOLUTE)

    Exec Addr    Load Addr    Size         Type   Attr      Idx    E Section Name        Object

    0x20000000   0x08027ff8   0x00000004   Data   RW         1934    .data               mc_w.l(errno.o)
    0x20000004   0x08027ffc   0x00000002   Data   RW          139    .data..L_MergedGlobals  ui.o
    0x20000006   0x08027ffe   0x00000005   Data   RW          156    .data..L_MergedGlobals  main.o
    0x2000000b   0x08028003   0x00000001   PAD
    0x2000000c   0x08028004   0x00000008   Data   RW          738    .data..L_MergedGlobals  stm32f4xx_hal.o
    0x20000014   0x0802800c   0x00000004   Data   RW         1294    .data.SystemCoreClock  system_stm32f4xx.o
    0x20000018   0x08028010   0x00000001   Data   RW           59    .data.g_fft_channel  fft.o
    0x20000019   0x08028011   0x00000007   PAD
    0x20000020        -       0x0000001c   Zero   RW           63    .bss..L_MergedGlobals  fft.o
    0x2000003c        -       0x00000014   Zero   RW          157    .bss..L_MergedGlobals.1  main.o
    0x20000050        -       0x00000060   Zero   RW          140    .bss..L_MergedGlobals.17  ui.o
    0x200000b0        -       0x00000001   Zero   RW          106    .bss.g_enc_ui_dirty  oscilloscope.o
    0x200000b1        -       0x00000001   Zero   RW           60    .bss.g_fft_ema_inited  fft.o
    0x200000b2   0x08028011   0x00000002   PAD
    0x200000b4        -       0x00000400   Zero   RW           62    .bss.g_fft_ema_mag  fft.o
    0x200004b4        -       0x0000040c   Zero   RW           61    .bss.g_fft_result   fft.o
    0x200008c0        -       0x00003c48   Zero   RW          110    .bss.g_osc          oscilloscope.o
    0x20004508        -       0x00000001   Zero   RW          107    .bss.g_trig_adj_mode  oscilloscope.o
    0x20004509   0x08028011   0x00000003   PAD
    0x2000450c        -       0x00000048   Zero   RW          183    .bss.hadc1          adc.o
    0x20004554        -       0x00000048   Zero   RW          184    .bss.hadc2          adc.o
    0x2000459c        -       0x00000014   Zero   RW          201    .bss.hdac           dac.o
    0x200045b0        -       0x00000060   Zero   RW          185    .bss.hdma_adc1      adc.o
    0x20004610        -       0x00000060   Zero   RW          186    .bss.hdma_adc2      adc.o
    0x20004670        -       0x00000058   Zero   RW          225    .bss.hspi1          spi.o
    0x200046c8        -       0x00000048   Zero   RW          240    .bss.htim2          tim.o
    0x20004710        -       0x00000020   Zero   RW          138    .bss.s_last_line3   ui.o
    0x20004730        -       0x000001e0   Zero   RW          135    .bss.s_prev_buf_ch0  ui.o
    0x20004910        -       0x000001e0   Zero   RW          136    .bss.s_prev_buf_ch1  ui.o
    0x20004af0        -       0x00000004   Zero   RW          737    .bss.uwTick         stm32f4xx_hal.o
    0x20004af4   0x08028011   0x00000004   PAD
    0x20004af8        -       0x00000400   Zero   RW            1    STACK               startup_stm32f407xx.o


    Execution Region RW_IRAM2 (Exec base: 0x2001c000, Load base: 0x08028018, Size: 0x00000000, Max: 0x00004000, ABSOLUTE)

    **** No section assigned to this execution region ****


==============================================================================

Image component sizes


      Code (inc. data)   RO Data    RW Data    ZI Data      Debug   Object Name

       772          0          0          0        336       7711   adc.o
       340          0          0          0          0       2502   arm_bitreversal2.o
      2172          0          0          0          0       9338   arm_cfft_f32.o
       194          0          0          0          0       1486   arm_cfft_init_f32.o
      1380          4          0          0          0       6424   arm_cfft_radix8_f32.o
         0          0     119768          0          0       6355   arm_common_tables.o
         0          0        144          0          0       4915   arm_const_structs.o
      1648          0          0          0          0      15183   arm_rfft_fast_f32.o
       612          0          0          0          0       4812   arm_rfft_fast_init_f32.o
         0          0          0          0         20       4564   dac.o
        56          0          0          0          0       3481   dma.o
      1596         20          0          1       2089       7225   fft.o
       254          0          0          0          0       4022   gpio.o
      5034          0       1140          0          0      24014   lcd.o
      1002          0          0          5         20       5817   main.o
      7978        256        366          0      15434      26919   oscilloscope.o
       186          0          0          0         88       5060   spi.o
        36          8        392          0       1024        828   startup_stm32f407xx.o
       204          0          0          8          4       7316   stm32f4xx_hal.o
      1418          0          0          0          0      12335   stm32f4xx_hal_adc.o
       196          0          0          0          0      10733   stm32f4xx_hal_cortex.o
        46          0          0          0          0       7831   stm32f4xx_hal_dac.o
      1246          6          8          0          0      10545   stm32f4xx_hal_dma.o
       912          0          0          0          0       5363   stm32f4xx_hal_gpio.o
        56          0          0          0          0       1471   stm32f4xx_hal_msp.o
      1404          0          0          0          0       7487   stm32f4xx_hal_rcc.o
      1102          0          0          0          0      26647   stm32f4xx_hal_spi.o
      1034          0          0          0          0      57441   stm32f4xx_hal_tim.o
       186          0          0          0          0      21498   stm32f4xx_hal_tim_ex.o
       502          0          0          0          0       5076   stm32f4xx_it.o
        18          0         16          4          0       2600   system_stm32f4xx.o
       178          0          0          0         72       5379   tim.o
      4912        212         94          2       1088      15404   ui.o

    ----------------------------------------------------------------------
     36792        506     121960         24      20188     337782   Object Totals
         0          0         32          0          0          0   (incl. Generated)
       118          0          0          4         13          0   (incl. Padding)

    ----------------------------------------------------------------------

      Code (inc. data)   RO Data    RW Data    ZI Data      Debug   Library Member Name

       336         56          0          0          0        136   cosf.o
        42         12          0          0          0        348   funder.o
       384         52         64          0          0        140   log10f.o
       340         24         32          0          0        160   rredf.o
         0          0          0          0          0          0   entry.o
         0          0          0          0          0          0   entry10a.o
         0          0          0          0          0          0   entry11a.o
         8          4          0          0          0          0   entry2.o
         4          0          0          0          0          0   entry5.o
         0          0          0          0          0          0   entry7b.o
         0          0          0          0          0          0   entry8b.o
         8          4          0          0          0          0   entry9a.o
        12          6          0          4          0         68   errno.o
        30          0          0          0          0          0   handlers.o
        48         10          0          0          0         68   init.o
         0          0          0          0          0          0   iusefp.o
        30          0          0          0          0         68   llshl.o
        36          0          0          0          0         68   llsshr.o
        32          0          0          0          0         68   llushr.o
        36          0          0          0          0         68   memcpya.o
        36          0          0          0          0        108   memseta.o
      2300         84          0          0          0        524   printfa.o
        28          0          0          0          0         76   strcmp.o
        18          0          0          0          0         68   strcpy.o
        44          0          0          0          0         80   uidiv.o
        98          0          0          0          0         92   uldiv.o
        48          0          0          0          0         68   cdrcmple.o
       334          0          0          0          0        148   dadd.o
       222          0          0          0          0        100   ddiv.o
       186          0          0          0          0        176   depilogue.o
        48          0          0          0          0         68   dfixul.o
       228          0          0          0          0         96   dmul.o
        38          0          0          0          0         68   f2d.o

    ----------------------------------------------------------------------
      4980        252         96          4          0       2864   Library Totals
         6          0          0          0          0          0   (incl. Padding)

    ----------------------------------------------------------------------

      Code (inc. data)   RO Data    RW Data    ZI Data      Debug   Library Name

      1102        144         96          0          0        784   m_wm.l
      2768        108          0          4          0       1356   mc_w.l
      1104          0          0          0          0        724   mf_w.l

    ----------------------------------------------------------------------
      4980        252         96          4          0       2864   Library Totals

    ----------------------------------------------------------------------

==============================================================================


      Code (inc. data)   RO Data    RW Data    ZI Data      Debug   

     41772        758     122056         28      20188     338750   Grand Totals
     41772        758     122056         28      20188     338750   ELF Image Totals
     41772        758     122056         28          0          0   ROM Totals

==============================================================================

    Total RO  Size (Code + RO Data)               163828 ( 159.99kB)
    Total RW  Size (RW Data + ZI Data)             20216 (  19.74kB)
    Total ROM Size (Code + RO Data + RW Data)     163856 ( 160.02kB)

==============================================================================

